Archive member included because of file (symbol)

C:/Freescale/Freescale_MQX_4_1_FRDMK64F/lib/frdmk64f.cw10gcc/release/bsp/bsp.a(vectors.o)
                              (_cfm)
C:/Freescale/Freescale_MQX_4_1_FRDMK64F/lib/frdmk64f.cw10gcc/release/bsp/bsp.a(init_sdcard.o)
                              ./Source/demo.o (_bsp_sdcard0_init)
C:/Freescale/Freescale_MQX_4_1_FRDMK64F/lib/frdmk64f.cw10gcc/release/bsp/bsp.a(lwgpio_kgpio.o)
                              ./Source/demo.o (lwgpio_set_attribute)
C:/Freescale/Freescale_MQX_4_1_FRDMK64F/lib/frdmk64f.cw10gcc/release/bsp/bsp.a(sdcard.o)
                              ./Source/demo.o (_io_sdcard_install)
C:/Freescale/Freescale_MQX_4_1_FRDMK64F/lib/frdmk64f.cw10gcc/release/bsp/bsp.a(sdcard_esdhc.o)
                              C:/Freescale/Freescale_MQX_4_1_FRDMK64F/lib/frdmk64f.cw10gcc/release/bsp/bsp.a(init_sdcard.o) (_io_sdcard_esdhc_init)
C:/Freescale/Freescale_MQX_4_1_FRDMK64F/lib/frdmk64f.cw10gcc/release/psp/psp.a(comp.o)
                              (__init_hardware)
C:/Freescale/Freescale_MQX_4_1_FRDMK64F/lib/frdmk64f.cw10gcc/release/psp/psp.a(dispatch.o)
                              ./Source/demo.o (_task_block)
C:/Freescale/Freescale_MQX_4_1_FRDMK64F/lib/frdmk64f.cw10gcc/release/psp/psp.a(boot.o)
                              (__boot)
C:/Freescale/Freescale_MQX_4_1_FRDMK64F/lib/frdmk64f.cw10gcc/release/psp/psp.a(io_write.o)
                              ./Source/demo.o (_io_write)
C:/Freescale/Freescale_MQX_4_1_FRDMK64F/lib/frdmk64f.cw10gcc/release/psp/psp.a(io_spr.o)
                              ./Source/demo.o (_io_sprintf)
C:/Freescale/Freescale_MQX_4_1_FRDMK64F/lib/frdmk64f.cw10gcc/release/psp/psp.a(io_read.o)
                              C:/Freescale/Freescale_MQX_4_1_FRDMK64F/lib/frdmk64f.cw10gcc/release/bsp/bsp.a(sdcard_esdhc.o) (_io_read)
C:/Freescale/Freescale_MQX_4_1_FRDMK64F/lib/frdmk64f.cw10gcc/release/psp/psp.a(io_pntf.o)
                              ./Source/demo.o (_io_printf)
C:/Freescale/Freescale_MQX_4_1_FRDMK64F/lib/frdmk64f.cw10gcc/release/psp/psp.a(io_ioctl.o)
                              ./Source/demo.o (_io_ioctl)
C:/Freescale/Freescale_MQX_4_1_FRDMK64F/lib/frdmk64f.cw10gcc/release/psp/psp.a(io_ftell.o)
                              ./Source/demo.o (_io_ftell)
C:/Freescale/Freescale_MQX_4_1_FRDMK64F/lib/frdmk64f.cw10gcc/release/psp/psp.a(io_fputc.o)
                              C:/Freescale/Freescale_MQX_4_1_FRDMK64F/lib/frdmk64f.cw10gcc/release/psp/psp.a(io_pntf.o) (_io_fputc)
C:/Freescale/Freescale_MQX_4_1_FRDMK64F/lib/frdmk64f.cw10gcc/release/psp/psp.a(io_fopen.o)
                              ./Source/demo.o (_io_fopen)
C:/Freescale/Freescale_MQX_4_1_FRDMK64F/lib/frdmk64f.cw10gcc/release/psp/psp.a(io_fflsh.o)
                              C:/Freescale/Freescale_MQX_4_1_FRDMK64F/lib/frdmk64f.cw10gcc/release/bsp/bsp.a(sdcard_esdhc.o) (_io_fflush)
C:/Freescale/Freescale_MQX_4_1_FRDMK64F/lib/frdmk64f.cw10gcc/release/psp/psp.a(io_ferr.o)
                              ./Source/demo.o (_io_ferror)
C:/Freescale/Freescale_MQX_4_1_FRDMK64F/lib/frdmk64f.cw10gcc/release/psp/psp.a(io_fclos.o)
                              ./Source/demo.o (_io_fclose)
C:/Freescale/Freescale_MQX_4_1_FRDMK64F/lib/frdmk64f.cw10gcc/release/psp/psp.a(io_dopr.o)
                              C:/Freescale/Freescale_MQX_4_1_FRDMK64F/lib/frdmk64f.cw10gcc/release/psp/psp.a(io_spr.o) (_io_doprint)
C:/Freescale/Freescale_MQX_4_1_FRDMK64F/lib/frdmk64f.cw10gcc/release/psp/psp.a(io_uinst.o)
                              ./Source/demo.o (_io_dev_uninstall)
C:/Freescale/Freescale_MQX_4_1_FRDMK64F/lib/frdmk64f.cw10gcc/release/psp/psp.a(io_instx.o)
                              C:/Freescale/Freescale_MQX_4_1_FRDMK64F/lib/frdmk64f.cw10gcc/release/bsp/bsp.a(sdcard.o) (_io_dev_install_ext)
C:/Freescale/Freescale_MQX_4_1_FRDMK64F/lib/frdmk64f.cw10gcc/release/psp/psp.a(io_ghand.o)
                              C:/Freescale/Freescale_MQX_4_1_FRDMK64F/lib/frdmk64f.cw10gcc/release/psp/psp.a(io_pntf.o) (_io_get_handle)
C:/Freescale/Freescale_MQX_4_1_FRDMK64F/lib/frdmk64f.cw10gcc/release/psp/psp.a(time.o)
                              ./Source/demo.o (_time_delay)
C:/Freescale/Freescale_MQX_4_1_FRDMK64F/lib/frdmk64f.cw10gcc/release/psp/psp.a(task.o)
                              C:/Freescale/Freescale_MQX_4_1_FRDMK64F/lib/frdmk64f.cw10gcc/release/psp/psp.a(time.o) (_task_get_td)
C:/Freescale/Freescale_MQX_4_1_FRDMK64F/lib/frdmk64f.cw10gcc/release/psp/psp.a(sched.o)
                              C:/Freescale/Freescale_MQX_4_1_FRDMK64F/lib/frdmk64f.cw10gcc/release/psp/psp.a(time.o) (_sched_yield)
C:/Freescale/Freescale_MQX_4_1_FRDMK64F/lib/frdmk64f.cw10gcc/release/psp/psp.a(queue.o)
                              C:/Freescale/Freescale_MQX_4_1_FRDMK64F/lib/frdmk64f.cw10gcc/release/psp/psp.a(io_instx.o) (_queue_enqueue)
C:/Freescale/Freescale_MQX_4_1_FRDMK64F/lib/frdmk64f.cw10gcc/release/psp/psp.a(mqx.o)
[...]
Memory Configuration

Name             Origin             Length             Attributes
vectorrom        0x00000000         0x00000400         xr
cfmprotrom       0x00000400         0x00000020         r
rom              0x00000420         0x0007fbe0         xr
ram              0x1fff0000         0x00040000         rw
end_of_kd        0x2000fff0         0x00000000         rw
bstack           0x2000fa00         0x00000200         rw
end_bstack       0x2000fc00         0x00000000         rw
*default*        0x00000000         0xffffffff

Linker script and memory map

LOAD ./Source/demo.o
START GROUP
LOAD C:/Freescale/Freescale_MQX_4_1_FRDMK64F/lib/frdmk64f.cw10gcc/release/bsp/bsp.a
LOAD C:/Freescale/Freescale_MQX_4_1_FRDMK64F/lib/frdmk64f.cw10gcc/release/psp/psp.a
LOAD C:/Freescale/Freescale_MQX_4_1_FRDMK64F/lib/frdmk64f.cw10gcc/release/mfs/mfs.a
LOAD C:/Freescale/Freescale_MQX_4_1_FRDMK64F/lib/frdmk64f.cw10gcc/release/shell/shell.a
LOAD C:/Freescale/CW MCU v10.6/MCU/ARM_GCC_Support/ewl/lib/armv7e-m/__arm_start.o
LOAD C:/Freescale/CW MCU v10.6/MCU/ARM_GCC_Support/ewl/lib/armv7e-m/__arm_end.o
LOAD C:/Freescale/CW MCU v10.6/MCU/ARM_GCC_Support/ewl/lib/armv7e-m\librt.a
LOAD C:/Freescale/CW MCU v10.6/MCU/ARM_GCC_Support/ewl/lib/armv7e-m\libc.a
LOAD C:/Freescale/CW MCU v10.6/MCU/ARM_GCC_Support/ewl/lib/armv7e-m\libm.a
LOAD C:/Freescale/CW MCU v10.6/MCU/ARM_GCC_Support/ewl/lib/armv7e-m\libc++.a
LOAD C:/Freescale/CW MCU v10.6/MCU/ARM_GCC_Support/ewl/lib/armv7e-m\libstdc++.a
LOAD C:/Freescale/CW MCU v10.6/Cross_Tools/arm-none-eabi-gcc-4_7_3/lib/gcc/arm-none-eabi/4.7.3/armv7e-m\libgcc.a
LOAD C:/Freescale/CW MCU v10.6/Cross_Tools/arm-none-eabi-gcc-4_7_3/arm-none-eabi/lib/armv7e-m\libsupc++.a
END GROUP
                0x1fff0000                __INTERNAL_SRAM_BASE = 0x1fff0000
                0x00040000                __INTERNAL_SRAM_SIZE = 0x40000
                0x2000fff0                __SRAM_POOL = 0x2000fff0
                0x00000000                __INTERNAL_FLASH_BASE = 0x0
                0x00100000                __INTERNAL_FLASH_SIZE = 0x100000
                0x00000000                __INTERNAL_FLEXNVM_BASE = 0x0
                0x00000000                __INTERNAL_FLEXNVM_SIZE = 0x0
                0x60000000                __EXTERNAL_LCD_BASE = 0x60000000
                0x0001ffff                __EXTERNAL_LCD_SIZE = 0x1ffff
                0x60010000                __EXTERNAL_LCD_DC_BASE = 0x60010000
                0x00000001                __DEFAULT_PROCESSOR_NUMBER = 0x1
                0x00000400                __DEFAULT_INTERRUPT_STACK_SIZE = 0x400
                0x00000000                __KERNEL_DATA_VERIFY_ENABLE = 0x0
                0x00001000                __FLASHX_SECT_SIZE = 0x1000

.vectors        0x00000000      0x400
                0x00000000                __vector_table = .
                0x00000000                __VECTOR_TABLE_ROM_START = __vector_table
 *(.vectors_rom)
 .vectors_rom   0x00000000      0x400 C:/Freescale/Freescale_MQX_4_1_FRDMK64F/lib/frdmk64f.cw10gcc/release/bsp/bsp.a(vectors.o)
                0x00000400                . = ALIGN (0x4)

.cfmprotect     0x00000400       0x10
 *(.cfmconfig)
 .cfmconfig     0x00000400       0x10 C:/Freescale/Freescale_MQX_4_1_FRDMK64F/lib/frdmk64f.cw10gcc/release/bsp/bsp.a(vectors.o)
                0x00000400                _cfm
                0x00000410                . = ALIGN (0x4)

.text           0x00000420    0x143b4
 *(KERNEL)
 KERNEL         0x00000420      0x2f8 C:/Freescale/Freescale_MQX_4_1_FRDMK64F/lib/frdmk64f.cw10gcc/release/psp/psp.a(dispatch.o)
                0x00000420                _sched_start_internal
                0x00000424                _sched_run_internal
                0x0000042a                _sched_check_scheduler_internal
                0x00000448                _sched_execute_scheduler_internal
                0x0000044c                _mqx_api_call
                0x00000450                _task_block
                0x00000454                _svc_handler
                0x000004d6                _pend_svc
                0x0000059c                _int_kernel_isr
                0x00000640                _psp_exception_return
                0x00000678                _psp_save_fp_context_internal
                0x000006ac                _mem_test_and_set
                0x000006ca                __get_PSP
                0x000006d0                __get_MSP
                0x000006d6                __set_MSP
                0x000006dc                __get_PSR
                0x000006e2                __enable_interrupt
                0x000006e6                __disable_interrupt
                0x000006ea                __get_LR
                0x000006ee                __get_PC
                0x000006f2                __get_CONTROL
 *(S_BOOT)
 *(IPSUM)
 *(.text*)
 .text.led_task
                0x00000718      0x11c ./Source/demo.o
                0x00000718                led_task
 .text.motor_task
                0x00000834       0x1c ./Source/demo.o
                0x00000834                motor_task
 .text.gps_task
                0x00000850       0xe8 ./Source/demo.o
                0x00000850                gps_task
 .text.LEDS_vSetColor
                0x00000938       0x6c ./Source/demo.o
                0x00000938                LEDS_vSetColor
 .text.sdcard_task
                0x000009a4      0x418 ./Source/demo.o
                0x000009a4                sdcard_task
 .text.lwgpio_set_attribute
                0x00000dbc      0x104 C:/Freescale/Freescale_MQX_4_1_FRDMK64F/lib/frdmk64f.cw10gcc/release/bsp/bsp.a(lwgpio_kgpio.o)
                0x00000dbc                lwgpio_set_attribute
 .text.lwgpio_set_functionality
                0x00000ec0       0x1a C:/Freescale/Freescale_MQX_4_1_FRDMK64F/lib/frdmk64f.cw10gcc/release/bsp/bsp.a(lwgpio_kgpio.o)
                0x00000ec0                lwgpio_set_functionality
 .text.lwgpio_set_direction
                0x00000eda       0x2e C:/Freescale/Freescale_MQX_4_1_FRDMK64F/lib/frdmk64f.cw10gcc/release/bsp/bsp.a(lwgpio_kgpio.o)
                0x00000eda                lwgpio_set_direction
 .text.lwgpio_set_value
                0x00000f08       0x16 C:/Freescale/Freescale_MQX_4_1_FRDMK64F/lib/frdmk64f.cw10gcc/release/bsp/bsp.a(lwgpio_kgpio.o)
                0x00000f08                lwgpio_set_value
 *fill*         0x00000f1e        0x2 00
 .text.lwgpio_init
                0x00000f20       0x50 C:/Freescale/Freescale_MQX_4_1_FRDMK64F/lib/frdmk64f.cw10gcc/release/bsp/bsp.a(lwgpio_kgpio.o)
                0x00000f20                lwgpio_init
 .text.lwgpio_get_value
                0x00000f70       0x18 C:/Freescale/Freescale_MQX_4_1_FRDMK64F/lib/frdmk64f.cw10gcc/release/bsp/bsp.a(lwgpio_kgpio.o)
                0x00000f70                lwgpio_get_value
 .text._io_sdcard_close
                0x00000f88        0x4 C:/Freescale/Freescale_MQX_4_1_FRDMK64F/lib/frdmk64f.cw10gcc/release/bsp/bsp.a(sdcard.o)
                0x00000f88                _io_sdcard_close
 .text._io_sdcard_write_blocks
                0x00000f8c       0x76 C:/Freescale/Freescale_MQX_4_1_FRDMK64F/lib/frdmk64f.cw10gcc/release/bsp/bsp.a(sdcard.o)
                0x00000f8c                _io_sdcard_write_blocks
 .text._io_sdcard_read_blocks
                0x00001002       0x72 C:/Freescale/Freescale_MQX_4_1_FRDMK64F/lib/frdmk64f.cw10gcc/release/bsp/bsp.a(sdcard.o)
                0x00001002                _io_sdcard_read_blocks
 .text._io_sdcard_open
                0x00001074       0x36 C:/Freescale/Freescale_MQX_4_1_FRDMK64F/lib/frdmk64f.cw10gcc/release/bsp/bsp.a(sdcard.o)
                0x00001074                _io_sdcard_open
 .text._io_sdcard_uninstall
                0x000010aa       0x16 C:/Freescale/Freescale_MQX_4_1_FRDMK64F/lib/frdmk64f.cw10gcc/release/bsp/bsp.a(sdcard.o)
 .text._io_sdcard_ioctl
                0x000010c0       0x74 C:/Freescale/Freescale_MQX_4_1_FRDMK64F/lib/frdmk64f.cw10gcc/release/bsp/bsp.a(sdcard.o)
                0x000010c0                _io_sdcard_ioctl
 .text._io_sdcard_install
                0x00001134       0x6c C:/Freescale/Freescale_MQX_4_1_FRDMK64F/lib/frdmk64f.cw10gcc/release/bsp/bsp.a(sdcard.o)
                0x00001134                _io_sdcard_install
 .text._io_sdcard_csd_capacity
                0x000011a0       0x58 C:/Freescale/Freescale_MQX_4_1_FRDMK64F/lib/frdmk64f.cw10gcc/release/bsp/bsp.a(sdcard.o)
                0x000011a0                _io_sdcard_csd_capacity
 .text._io_sdcard_csd_baudrate
                0x000011f8       0x28 C:/Freescale/Freescale_MQX_4_1_FRDMK64F/lib/frdmk64f.cw10gcc/release/bsp/bsp.a(sdcard.o)
                0x000011f8                _io_sdcard_csd_baudrate
 .text._io_sdcard_esdhc_r2_format
                0x00001220       0x2a C:/Freescale/Freescale_MQX_4_1_FRDMK64F/lib/frdmk64f.cw10gcc/release/bsp/bsp.a(sdcard_esdhc.o)
 *fill*         0x0000124a        0x2 00
 .text._io_sdcard_esdhc_init
                0x0000124c      0x2a4 C:/Freescale/Freescale_MQX_4_1_FRDMK64F/lib/frdmk64f.cw10gcc/release/bsp/bsp.a(sdcard_esdhc.o)
                0x0000124c                _io_sdcard_esdhc_init
 .text._io_sdcard_esdhc_read_block
                0x000014f0       0x80 C:/Freescale/Freescale_MQX_4_1_FRDMK64F/lib/frdmk64f.cw10gcc/release/bsp/bsp.a(sdcard_esdhc.o)
                0x000014f0                _io_sdcard_esdhc_read_block
 .text._io_sdcard_esdhc_write_block
                0x00001570      0x13c C:/Freescale/Freescale_MQX_4_1_FRDMK64F/lib/frdmk64f.cw10gcc/release/bsp/bsp.a(sdcard_esdhc.o)
                0x00001570                _io_sdcard_esdhc_write_block
 .text.__init_hardware
                0x000016ac        0x4 C:/Freescale/Freescale_MQX_4_1_FRDMK64F/lib/frdmk64f.cw10gcc/release/psp/psp.a(comp.o)
                0x000016ac                __init_hardware
 .text.__init_registers
                0x000016b0        0x2 C:/Freescale/Freescale_MQX_4_1_FRDMK64F/lib/frdmk64f.cw10gcc/release/psp/psp.a(comp.o)
                0x000016b0                __init_registers
 .text.toolchain_startup
                0x000016b2        0x4 C:/Freescale/Freescale_MQX_4_1_FRDMK64F/lib/frdmk64f.cw10gcc/release/psp/psp.a(comp.o)
                0x000016b2                toolchain_startup
 *fill*         0x000016b6        0x2 00
 .text          0x000016b8       0x60 C:/Freescale/Freescale_MQX_4_1_FRDMK64F/lib/frdmk64f.cw10gcc/release/psp/psp.a(boot.o)
                0x000016b8                __boot
 .text._io_write
                0x00001718       0x1c C:/Freescale/Freescale_MQX_4_1_FRDMK64F/lib/frdmk64f.cw10gcc/release/psp/psp.a(io_write.o)
                0x00001718                _io_write
 .text._io_sputc
                0x00001734        0xa C:/Freescale/Freescale_MQX_4_1_FRDMK64F/lib/frdmk64f.cw10gcc/release/psp/psp.a(io_spr.o)
                0x00001734                _io_sputc
 *fill*         0x0000173e        0x2 00
 .text._io_sprintf
                0x00001740       0x30 C:/Freescale/Freescale_MQX_4_1_FRDMK64F/lib/frdmk64f.cw10gcc/release/psp/psp.a(io_spr.o)
                0x00001740                _io_sprintf
 .text._io_read
                0x00001770       0x56 C:/Freescale/Freescale_MQX_4_1_FRDMK64F/lib/frdmk64f.cw10gcc/release/psp/psp.a(io_read.o)
                0x00001770                _io_read
 *fill*         0x000017c6        0x2 00
 .text._io_printf
                0x000017c8       0x30 C:/Freescale/Freescale_MQX_4_1_FRDMK64F/lib/frdmk64f.cw10gcc/release/psp/psp.a(io_pntf.o)
                0x000017c8                _io_printf
 .text._io_ioctl
                0x000017f8       0x34 C:/Freescale/Freescale_MQX_4_1_FRDMK64F/lib/frdmk64f.cw10gcc/release/psp/psp.a(io_ioctl.o)
                0x000017f8                _io_ioctl
 .text._io_ftell
                0x0000182c       0x14 C:/Freescale/Freescale_MQX_4_1_FRDMK64F/lib/frdmk64f.cw10gcc/release/psp/psp.a(io_ftell.o)
                0x0000182c                _io_ftell
 .text._io_fputc
                0x00001840       0x2a C:/Freescale/Freescale_MQX_4_1_FRDMK64F/lib/frdmk64f.cw10gcc/release/psp/psp.a(io_fputc.o)
                0x00001840                _io_fputc
 *fill*         0x0000186a        0x2 00
 .text._io_fopen
                0x0000186c       0x8c C:/Freescale/Freescale_MQX_4_1_FRDMK64F/lib/frdmk64f.cw10gcc/release/psp/psp.a(io_fopen.o)
                0x0000186c                _io_fopen
 .text._io_fflush
                0x000018f8       0x2c C:/Freescale/Freescale_MQX_4_1_FRDMK64F/lib/frdmk64f.cw10gcc/release/psp/psp.a(io_fflsh.o)
                0x000018f8                _io_fflush
 .text._io_ferror
                0x00001924        0xc C:/Freescale/Freescale_MQX_4_1_FRDMK64F/lib/frdmk64f.cw10gcc/release/psp/psp.a(io_ferr.o)
                0x00001924                _io_ferror
 .text._io_fclose
                0x00001930       0x28 C:/Freescale/Freescale_MQX_4_1_FRDMK64F/lib/frdmk64f.cw10gcc/release/psp/psp.a(io_fclos.o)
                0x00001930                _io_fclose
 .text._io_mputc
                0x00001958       0x32 C:/Freescale/Freescale_MQX_4_1_FRDMK64F/lib/frdmk64f.cw10gcc/release/psp/psp.a(io_dopr.o)
 .text._io_putstr
                0x0000198a       0x36 C:/Freescale/Freescale_MQX_4_1_FRDMK64F/lib/frdmk64f.cw10gcc/release/psp/psp.a(io_dopr.o)
 .text._io_doprint_prt
                0x000019c0       0x98 C:/Freescale/Freescale_MQX_4_1_FRDMK64F/lib/frdmk64f.cw10gcc/release/psp/psp.a(io_dopr.o)
                0x000019c0                _io_doprint_prt
 .text._io_doprint_prt64
                0x00001a58       0xd8 C:/Freescale/Freescale_MQX_4_1_FRDMK64F/lib/frdmk64f.cw10gcc/release/psp/psp.a(io_dopr.o)
                0x00001a58                _io_doprint_prt64
 .text._io_doprint
                0x00001b30      0x9d0 C:/Freescale/Freescale_MQX_4_1_FRDMK64F/lib/frdmk64f.cw10gcc/release/psp/psp.a(io_dopr.o)
                0x00001b30                _io_doprint
 .text._io_dev_uninstall
                0x00002500       0x70 C:/Freescale/Freescale_MQX_4_1_FRDMK64F/lib/frdmk64f.cw10gcc/release/psp/psp.a(io_uinst.o)
                0x00002500                _io_dev_uninstall
 .text._io_dev_install_ext
                0x00002570       0xcc C:/Freescale/Freescale_MQX_4_1_FRDMK64F/lib/frdmk64f.cw10gcc/release/psp/psp.a(io_instx.o)
                0x00002570                _io_dev_install_ext
 .text._io_get_handle
                0x0000263c       0x40 C:/Freescale/Freescale_MQX_4_1_FRDMK64F/lib/frdmk64f.cw10gcc/release/psp/psp.a(io_ghand.o)
                0x0000263c                _io_get_handle
 .text._time_delay_internal
                0x0000267c       0x7c C:/Freescale/Freescale_MQX_4_1_FRDMK64F/lib/frdmk64f.cw10gcc/release/psp/psp.a(time.o)
                0x0000267c                _time_delay_internal
 .text._time_delay_for
                0x000026f8       0x3c C:/Freescale/Freescale_MQX_4_1_FRDMK64F/lib/frdmk64f.cw10gcc/release/psp/psp.a(time.o)
                0x000026f8                _time_delay_for
 .text._time_delay
                0x00002734       0x54 C:/Freescale/Freescale_MQX_4_1_FRDMK64F/lib/frdmk64f.cw10gcc/release/psp/psp.a(time.o)
                0x00002734                _time_delay
 .text._time_delay_until
                0x00002788       0x34 C:/Freescale/Freescale_MQX_4_1_FRDMK64F/lib/frdmk64f.cw10gcc/release/psp/psp.a(time.o)
                0x00002788                _time_delay_until
 .text._time_diff_ticks
                0x000027bc       0x16 C:/Freescale/Freescale_MQX_4_1_FRDMK64F/lib/frdmk64f.cw10gcc/release/psp/psp.a(time.o)
                0x000027bc                _time_diff_ticks
 .text._time_diff_milliseconds
                0x000027d2       0x16 C:/Freescale/Freescale_MQX_4_1_FRDMK64F/lib/frdmk64f.cw10gcc/release/psp/psp.a(time.o)
                0x000027d2                _time_diff_milliseconds
 .text._time_get_ticks
                0x000027e8       0x48 C:/Freescale/Freescale_MQX_4_1_FRDMK64F/lib/frdmk64f.cw10gcc/release/psp/psp.a(time.o)
                0x000027e8                _time_get_ticks
 .text._time_get
                0x00002830       0x14 C:/Freescale/Freescale_MQX_4_1_FRDMK64F/lib/frdmk64f.cw10gcc/release/psp/psp.a(time.o)
                0x00002830                _time_get
 .text._time_notify_kernel
                0x00002844       0xc0 C:/Freescale/Freescale_MQX_4_1_FRDMK64F/lib/frdmk64f.cw10gcc/release/psp/psp.a(time.o)
                0x00002844                _time_notify_kernel
 .text._time_check_if_leap
                0x00002904       0x32 C:/Freescale/Freescale_MQX_4_1_FRDMK64F/lib/frdmk64f.cw10gcc/release/psp/psp.a(time.o)
                0x00002904                _time_check_if_leap
 *fill*         0x00002936        0x2 00
 .text._time_set_ticks_per_sec
                0x00002938       0x10 C:/Freescale/Freescale_MQX_4_1_FRDMK64F/lib/frdmk64f.cw10gcc/release/psp/psp.a(time.o)
                0x00002938                _time_set_ticks_per_sec
 .text._time_set_hwtick_function
                0x00002948       0x14 C:/Freescale/Freescale_MQX_4_1_FRDMK64F/lib/frdmk64f.cw10gcc/release/psp/psp.a(time.o)
                0x00002948                _time_set_hwtick_function
 .text._time_set_hwticks_per_tick
                0x0000295c       0x10 C:/Freescale/Freescale_MQX_4_1_FRDMK64F/lib/frdmk64f.cw10gcc/release/psp/psp.a(time.o)
                0x0000295c                _time_set_hwticks_per_tick
 .text._time_to_date
                0x0000296c       0xdc C:/Freescale/Freescale_MQX_4_1_FRDMK64F/lib/frdmk64f.cw10gcc/release/psp/psp.a(time.o)
                0x0000296c                _time_to_date
 .text._task_stop_preemption
                0x00002a48       0x20 C:/Freescale/Freescale_MQX_4_1_FRDMK64F/lib/frdmk64f.cw10gcc/release/psp/psp.a(task.o)
                0x00002a48                _task_stop_preemption
 .text._task_get_td
                0x00002a68       0x50 C:/Freescale/Freescale_MQX_4_1_FRDMK64F/lib/frdmk64f.cw10gcc/release/psp/psp.a(task.o)
                0x00002a68                _task_get_td
 .text._task_destroy_internal
                0x00002ab8      0x1ec C:/Freescale/Freescale_MQX_4_1_FRDMK64F/lib/frdmk64f.cw10gcc/release/psp/psp.a(task.o)
                0x00002ab8                _task_destroy_internal
 .text._task_destroy
                0x00002ca4        0x6 C:/Freescale/Freescale_MQX_4_1_FRDMK64F/lib/frdmk64f.cw10gcc/release/psp/psp.a(task.o)
                0x00002ca4                _task_destroy
 *fill*         0x00002caa        0x2 00
 .text._task_exit_function_internal
                0x00002cac       0x20 C:/Freescale/Freescale_MQX_4_1_FRDMK64F/lib/frdmk64f.cw10gcc/release/psp/psp.a(task.o)
                0x00002cac                _task_exit_function_internal
 .text._task_set_error
                0x00002ccc       0x2c C:/Freescale/Freescale_MQX_4_1_FRDMK64F/lib/frdmk64f.cw10gcc/release/psp/psp.a(task.o)
                0x00002ccc                _task_set_error
 .text._task_fill_stack_internal
                0x00002cf8       0x18 C:/Freescale/Freescale_MQX_4_1_FRDMK64F/lib/frdmk64f.cw10gcc/release/psp/psp.a(task.o)
                0x00002cf8                _task_fill_stack_internal
 .text._task_ready_internal
                0x00002d10       0x28 C:/Freescale/Freescale_MQX_4_1_FRDMK64F/lib/frdmk64f.cw10gcc/release/psp/psp.a(task.o)
                0x00002d10                _task_ready_internal
 .text._task_alloc_td_internal
                0x00002d38       0xbc C:/Freescale/Freescale_MQX_4_1_FRDMK64F/lib/frdmk64f.cw10gcc/release/psp/psp.a(task.o)
                0x00002d38                _task_alloc_td_internal
 .text._task_init_internal
                0x00002df4      0x158 C:/Freescale/Freescale_MQX_4_1_FRDMK64F/lib/frdmk64f.cw10gcc/release/psp/psp.a(task.o)
                0x00002df4                _task_init_internal
 .text._task_build_internal
                0x00002f4c       0x64 C:/Freescale/Freescale_MQX_4_1_FRDMK64F/lib/frdmk64f.cw10gcc/release/psp/psp.a(task.o)
                0x00002f4c                _task_build_internal
 .text._task_create_internal
                0x00002fb0       0x58 C:/Freescale/Freescale_MQX_4_1_FRDMK64F/lib/frdmk64f.cw10gcc/release/psp/psp.a(task.o)
                0x00002fb0                _task_create_internal
 .text._task_create
                0x00003008        0x6 C:/Freescale/Freescale_MQX_4_1_FRDMK64F/lib/frdmk64f.cw10gcc/release/psp/psp.a(task.o)
                0x00003008                _task_create
 .text._task_set_error_td_internal
                0x0000300e        0xc C:/Freescale/Freescale_MQX_4_1_FRDMK64F/lib/frdmk64f.cw10gcc/release/psp/psp.a(task.o)
                0x0000300e                _task_set_error_td_internal
 *fill*         0x0000301a        0x2 00
 .text._sched_yield
                0x0000301c       0x2c C:/Freescale/Freescale_MQX_4_1_FRDMK64F/lib/frdmk64f.cw10gcc/release/psp/psp.a(sched.o)
                0x0000301c                _sched_yield
 .text._queue_init
                0x00003048        0xc C:/Freescale/Freescale_MQX_4_1_FRDMK64F/lib/frdmk64f.cw10gcc/release/psp/psp.a(queue.o)
                0x00003048                _queue_init
 .text._queue_enqueue
                0x00003054       0x3a C:/Freescale/Freescale_MQX_4_1_FRDMK64F/lib/frdmk64f.cw10gcc/release/psp/psp.a(queue.o)
                0x00003054                _queue_enqueue
 .text._queue_dequeue
                0x0000308e       0x24 C:/Freescale/Freescale_MQX_4_1_FRDMK64F/lib/frdmk64f.cw10gcc/release/psp/psp.a(queue.o)
                0x0000308e                _queue_dequeue
 .text._queue_head
                0x000030b2       0x16 C:/Freescale/Freescale_MQX_4_1_FRDMK64F/lib/frdmk64f.cw10gcc/release/psp/psp.a(queue.o)
                0x000030b2                _queue_head
 .text._queue_insert
                0x000030c8       0x3c C:/Freescale/Freescale_MQX_4_1_FRDMK64F/lib/frdmk64f.cw10gcc/release/psp/psp.a(queue.o)
                0x000030c8                _queue_insert
 .text._queue_next
                0x00003104       0x1e C:/Freescale/Freescale_MQX_4_1_FRDMK64F/lib/frdmk64f.cw10gcc/release/psp/psp.a(queue.o)
                0x00003104                _queue_next
 .text._queue_unlink
                0x00003122       0x20 C:/Freescale/Freescale_MQX_4_1_FRDMK64F/lib/frdmk64f.cw10gcc/release/psp/psp.a(queue.o)
                0x00003122                _queue_unlink
 .text._queue_is_empty
                0x00003142        0xc C:/Freescale/Freescale_MQX_4_1_FRDMK64F/lib/frdmk64f.cw10gcc/release/psp/psp.a(queue.o)
                0x00003142                _queue_is_empty
 .text._mqx_exit
                0x0000314e        0x8 C:/Freescale/Freescale_MQX_4_1_FRDMK64F/lib/frdmk64f.cw10gcc/release/psp/psp.a(mqx.o)
                0x0000314e                _mqx_exit
 *fill*         0x00003156        0x2 00
 .text._mqx_set_cpu_type
                0x00003158        0xc C:/Freescale/Freescale_MQX_4_1_FRDMK64F/lib/frdmk64f.cw10gcc/release/psp/psp.a(mqx.o)
                0x00003158                _mqx_set_cpu_type
 .text._mqx_set_io_component_handle
                0x00003164       0x38 C:/Freescale/Freescale_MQX_4_1_FRDMK64F/lib/frdmk64f.cw10gcc/release/psp/psp.a(mqx.o)
                0x00003164                _mqx_set_io_component_handle
 .text._mqx_init_kernel_data_internal
                0x0000319c      0x104 C:/Freescale/Freescale_MQX_4_1_FRDMK64F/lib/frdmk64f.cw10gcc/release/psp/psp.a(mqx.o)
                0x0000319c                _mqx_init_kernel_data_internal
 .text._mqx     0x000032a0      0x14c C:/Freescale/Freescale_MQX_4_1_FRDMK64F/lib/frdmk64f.cw10gcc/release/psp/psp.a(mqx.o)
                0x000032a0                _mqx
 .text._lwsem_create_internal
                0x000033ec       0x54 C:/Freescale/Freescale_MQX_4_1_FRDMK64F/lib/frdmk64f.cw10gcc/release/psp/psp.a(lwsem.o)
                0x000033ec                _lwsem_create_internal
 .text._lwsem_create
                0x00003440        0x8 C:/Freescale/Freescale_MQX_4_1_FRDMK64F/lib/frdmk64f.cw10gcc/release/psp/psp.a(lwsem.o)
                0x00003440                _lwsem_create
 .text._lwsem_destroy_internal
                0x00003448       0xa4 C:/Freescale/Freescale_MQX_4_1_FRDMK64F/lib/frdmk64f.cw10gcc/release/psp/psp.a(lwsem.o)
                0x00003448                _lwsem_destroy_internal
 .text._lwsem_destroy
                0x000034ec        0x6 C:/Freescale/Freescale_MQX_4_1_FRDMK64F/lib/frdmk64f.cw10gcc/release/psp/psp.a(lwsem.o)
                0x000034ec                _lwsem_destroy
 *fill*         0x000034f2        0x2 00
 .text._lwsem_post
                0x000034f4       0x84 C:/Freescale/Freescale_MQX_4_1_FRDMK64F/lib/frdmk64f.cw10gcc/release/psp/psp.a(lwsem.o)
                0x000034f4                _lwsem_post
 .text._lwsem_wait
                0x00003578       0x6c C:/Freescale/Freescale_MQX_4_1_FRDMK64F/lib/frdmk64f.cw10gcc/release/psp/psp.a(lwsem.o)
                0x00003578                _lwsem_wait
 .text._lwmem_alloc_internal
                0x000035e4       0xe0 C:/Freescale/Freescale_MQX_4_1_FRDMK64F/lib/frdmk64f.cw10gcc/release/psp/psp.a(lwmem.o)
                0x000035e4                _lwmem_alloc_internal
 .text._lwmem_alloc_at_internal
                0x000036c4       0xe8 C:/Freescale/Freescale_MQX_4_1_FRDMK64F/lib/frdmk64f.cw10gcc/release/psp/psp.a(lwmem.o)
                0x000036c4                _lwmem_alloc_at_internal
 .text._lwmem_alloc_align_internal
                0x000037ac      0x13c C:/Freescale/Freescale_MQX_4_1_FRDMK64F/lib/frdmk64f.cw10gcc/release/psp/psp.a(lwmem.o)
                0x000037ac                _lwmem_alloc_align_internal
 .text._lwmem_alloc
                0x000038e8       0x14 C:/Freescale/Freescale_MQX_4_1_FRDMK64F/lib/frdmk64f.cw10gcc/release/psp/psp.a(lwmem.o)
                0x000038e8                _lwmem_alloc
 .text._lwmem_alloc_at
                0x000038fc       0x1c C:/Freescale/Freescale_MQX_4_1_FRDMK64F/lib/frdmk64f.cw10gcc/release/psp/psp.a(lwmem.o)
                0x000038fc                _lwmem_alloc_at
 .text._lwmem_get_system_pool_id
                0x00003918       0x10 C:/Freescale/Freescale_MQX_4_1_FRDMK64F/lib/frdmk64f.cw10gcc/release/psp/psp.a(lwmem.o)
                0x00003918                _lwmem_get_system_pool_id
 .text._lwmem_alloc_zero
                0x00003928       0x14 C:/Freescale/Freescale_MQX_4_1_FRDMK64F/lib/frdmk64f.cw10gcc/release/psp/psp.a(lwmem.o)
                0x00003928                _lwmem_alloc_zero
 .text._lwmem_create_pool
                0x0000393c       0x60 C:/Freescale/Freescale_MQX_4_1_FRDMK64F/lib/frdmk64f.cw10gcc/release/psp/psp.a(lwmem.o)
                0x0000393c                _lwmem_create_pool
 .text._lwmem_create_pool_mapped
                0x0000399c       0x26 C:/Freescale/Freescale_MQX_4_1_FRDMK64F/lib/frdmk64f.cw10gcc/release/psp/psp.a(lwmem.o)
                0x0000399c                _lwmem_create_pool_mapped
 *fill*         0x000039c2        0x2 00
 .text._lwmem_free
                0x000039c4      0x110 C:/Freescale/Freescale_MQX_4_1_FRDMK64F/lib/frdmk64f.cw10gcc/release/psp/psp.a(lwmem.o)
                0x000039c4                _lwmem_free
 .text._lwmem_alloc_system_from
                0x00003ad4       0x18 C:/Freescale/Freescale_MQX_4_1_FRDMK64F/lib/frdmk64f.cw10gcc/release/psp/psp.a(lwmem.o)
                0x00003ad4                _lwmem_alloc_system_from
 .text._lwmem_alloc_system
                0x00003aec       0x18 C:/Freescale/Freescale_MQX_4_1_FRDMK64F/lib/frdmk64f.cw10gcc/release/psp/psp.a(lwmem.o)
                0x00003aec                _lwmem_alloc_system
 .text._lwmem_alloc_system_align
                0x00003b04       0x1c C:/Freescale/Freescale_MQX_4_1_FRDMK64F/lib/frdmk64f.cw10gcc/release/psp/psp.a(lwmem.o)
                0x00003b04                _lwmem_alloc_system_align
 .text._lwmem_alloc_system_align_from
                0x00003b20       0x20 C:/Freescale/Freescale_MQX_4_1_FRDMK64F/lib/frdmk64f.cw10gcc/release/psp/psp.a(lwmem.o)
                0x00003b20                _lwmem_alloc_system_align_from
 .text._lwmem_init_internal
                0x00003b40       0x24 C:/Freescale/Freescale_MQX_4_1_FRDMK64F/lib/frdmk64f.cw10gcc/release/psp/psp.a(lwmem.o)
                0x00003b40                _lwmem_init_internal
 .text._lwmem_get_next_block_internal
                0x00003b64       0x68 C:/Freescale/Freescale_MQX_4_1_FRDMK64F/lib/frdmk64f.cw10gcc/release/psp/psp.a(lwmem.o)
                0x00003b64                _lwmem_get_next_block_internal
 .text._lwmem_set_type
                0x00003bcc        0xa C:/Freescale/Freescale_MQX_4_1_FRDMK64F/lib/frdmk64f.cw10gcc/release/psp/psp.a(lwmem.o)
                0x00003bcc                _lwmem_set_type
 .text._lwmem_transfer_internal
                0x00003bd6        0x8 C:/Freescale/Freescale_MQX_4_1_FRDMK64F/lib/frdmk64f.cw10gcc/release/psp/psp.a(lwmem.o)
                0x00003bd6                _lwmem_transfer_internal
 *fill*         0x00003bde        0x2 00
 .text._lwmem_alloc_system_zero_from
                0x00003be0       0x18 C:/Freescale/Freescale_MQX_4_1_FRDMK64F/lib/frdmk64f.cw10gcc/release/psp/psp.a(lwmem.o)
                0x00003be0                _lwmem_alloc_system_zero_from
 .text._lwmem_alloc_system_zero
                0x00003bf8       0x18 C:/Freescale/Freescale_MQX_4_1_FRDMK64F/lib/frdmk64f.cw10gcc/release/psp/psp.a(lwmem.o)
                0x00003bf8                _lwmem_alloc_system_zero
 .text._int_disable
                0x00003c10       0x1c C:/Freescale/Freescale_MQX_4_1_FRDMK64F/lib/frdmk64f.cw10gcc/release/psp/psp.a(int.o)
                0x00003c10                _int_disable
 .text._int_enable
                0x00003c2c       0x2c C:/Freescale/Freescale_MQX_4_1_FRDMK64F/lib/frdmk64f.cw10gcc/release/psp/psp.a(int.o)
                0x00003c2c                _int_enable
 .text._int_default_isr
                0x00003c58       0x38 C:/Freescale/Freescale_MQX_4_1_FRDMK64F/lib/frdmk64f.cw10gcc/release/psp/psp.a(int.o)
                0x00003c58                _int_default_isr
 .text._int_get_default_isr
                0x00003c90        0xc C:/Freescale/Freescale_MQX_4_1_FRDMK64F/lib/frdmk64f.cw10gcc/release/psp/psp.a(int.o)
                0x00003c90                _int_get_default_isr
 .text._int_get_isr_data
                0x00003c9c       0x50 C:/Freescale/Freescale_MQX_4_1_FRDMK64F/lib/frdmk64f.cw10gcc/release/psp/psp.a(int.o)
                0x00003c9c                _int_get_isr_data
 .text._int_install_isr
                0x00003cec       0x9c C:/Freescale/Freescale_MQX_4_1_FRDMK64F/lib/frdmk64f.cw10gcc/release/psp/psp.a(int.o)
                0x00003cec                _int_install_isr
 .text._int_init
                0x00003d88       0x70 C:/Freescale/Freescale_MQX_4_1_FRDMK64F/lib/frdmk64f.cw10gcc/release/psp/psp.a(int.o)
                0x00003d88                _int_init
 .text._bsp_post_init
                0x00003df8        0x4 C:/Freescale/Freescale_MQX_4_1_FRDMK64F/lib/frdmk64f.cw10gcc/release/psp/psp.a(inittask.o)
                0x00003df8                _bsp_post_init
 .text._mqx_init_task
                0x00003dfc       0x5c C:/Freescale/Freescale_MQX_4_1_FRDMK64F/lib/frdmk64f.cw10gcc/release/psp/psp.a(inittask.o)
                0x00003dfc                _mqx_init_task
 .text._mqx_idle_task
                0x00003e58       0x4c C:/Freescale/Freescale_MQX_4_1_FRDMK64F/lib/frdmk64f.cw10gcc/release/psp/psp.a(idletask.o)
                0x00003e58                _mqx_idle_task
 .text._psp_destroy_stack_frame
                0x00003ea4        0x2 C:/Freescale/Freescale_MQX_4_1_FRDMK64F/lib/frdmk64f.cw10gcc/release/psp/psp.a(stack_de.o)
                0x00003ea4                _psp_destroy_stack_frame
 .text._psp_build_float_context
                0x00003ea6       0x32 C:/Freescale/Freescale_MQX_4_1_FRDMK64F/lib/frdmk64f.cw10gcc/release/psp/psp.a(stack_bu.o)
                0x00003ea6                _psp_build_float_context
 .text._psp_build_stack_frame
                0x00003ed8       0x7c C:/Freescale/Freescale_MQX_4_1_FRDMK64F/lib/frdmk64f.cw10gcc/release/psp/psp.a(stack_bu.o)
                0x00003ed8                _psp_build_stack_frame
 .text._psp_set_kernel_disable_level
                0x00003f54       0x4c C:/Freescale/Freescale_MQX_4_1_FRDMK64F/lib/frdmk64f.cw10gcc/release/psp/psp.a(sc_irdyq.o)
                0x00003f54                _psp_set_kernel_disable_level
 .text._psp_init_readyqs
                0x00003fa0       0x74 C:/Freescale/Freescale_MQX_4_1_FRDMK64F/lib/frdmk64f.cw10gcc/release/psp/psp.a(sc_irdyq.o)
                0x00003fa0                _psp_init_readyqs
 .text._psp_ticks_to_time
                0x00004014       0x84 C:/Freescale/Freescale_MQX_4_1_FRDMK64F/lib/frdmk64f.cw10gcc/release/psp/psp.a(psp_tkti.o)
                0x00004014                _psp_ticks_to_time
 .text._psp_subtract_ticks
                0x00004098       0x44 C:/Freescale/Freescale_MQX_4_1_FRDMK64F/lib/frdmk64f.cw10gcc/release/psp/psp.a(psp_tisu.o)
                0x00004098                _psp_subtract_ticks
 .text._psp_normalize_ticks
                0x000040dc       0x30 C:/Freescale/Freescale_MQX_4_1_FRDMK64F/lib/frdmk64f.cw10gcc/release/psp/psp.a(psp_tinm.o)
                0x000040dc                _psp_normalize_ticks
 .text.__psp_ticks_to_milliseconds
                0x0000410c       0xa0 C:/Freescale/Freescale_MQX_4_1_FRDMK64F/lib/frdmk64f.cw10gcc/release/psp/psp.a(psp_tims.o)
 .text._psp_ticks_to_milliseconds
                0x000041ac        0x6 C:/Freescale/Freescale_MQX_4_1_FRDMK64F/lib/frdmk64f.cw10gcc/release/psp/psp.a(psp_tims.o)
                0x000041ac                _psp_ticks_to_milliseconds
 *fill*         0x000041b2        0x2 00
 .text._psp_add_ticks
                0x000041b4       0x40 C:/Freescale/Freescale_MQX_4_1_FRDMK64F/lib/frdmk64f.cw10gcc/release/psp/psp.a(psp_tiad.o)
                0x000041b4                _psp_add_ticks
 .text._psp_msecs_to_ticks_quick
                0x000041f4       0x70 C:/Freescale/Freescale_MQX_4_1_FRDMK64F/lib/frdmk64f.cw10gcc/release/psp/psp.a(psp_mstiq.o)
                0x000041f4                _psp_msecs_to_ticks_quick
 .text._psp_add_element_to_array
                0x00004264       0x2e C:/Freescale/Freescale_MQX_4_1_FRDMK64F/lib/frdmk64f.cw10gcc/release/psp/psp.a(psp_mat3.o)
                0x00004264                _psp_add_element_to_array
 .text._psp_div_128_by_32
                0x00004292       0xae C:/Freescale/Freescale_MQX_4_1_FRDMK64F/lib/frdmk64f.cw10gcc/release/psp/psp.a(psp_mat2.o)
                0x00004292                _psp_div_128_by_32
 .text._psp_mul_128_by_32
                0x00004340       0x96 C:/Freescale/Freescale_MQX_4_1_FRDMK64F/lib/frdmk64f.cw10gcc/release/psp/psp.a(psp_mat1.o)
                0x00004340                _psp_mul_128_by_32
 .text._io_fseek
                0x000043d6       0x76 C:/Freescale/Freescale_MQX_4_1_FRDMK64F/lib/frdmk64f.cw10gcc/release/psp/psp.a(io_fseek.o)
                0x000043d6                _io_fseek
 .text._io_inf_or_nan
                0x0000444c       0x66 C:/Freescale/Freescale_MQX_4_1_FRDMK64F/lib/frdmk64f.cw10gcc/release/psp/psp.a(io_fp.o)
 *fill*         0x000044b2        0x6 00
 .text._io_cvt  0x000044b8      0x250 C:/Freescale/Freescale_MQX_4_1_FRDMK64F/lib/frdmk64f.cw10gcc/release/psp/psp.a(io_fp.o)
                0x000044b8                _io_cvt
 .text._io_dtoa
                0x00004708       0x32 C:/Freescale/Freescale_MQX_4_1_FRDMK64F/lib/frdmk64f.cw10gcc/release/psp/psp.a(io_fp.o)
                0x00004708                _io_dtoa
 .text._io_dtoe
                0x0000473a       0xc4 C:/Freescale/Freescale_MQX_4_1_FRDMK64F/lib/frdmk64f.cw10gcc/release/psp/psp.a(io_fp.o)
                0x0000473a                _io_dtoe
 .text._io_dtof
                0x000047fe      0x102 C:/Freescale/Freescale_MQX_4_1_FRDMK64F/lib/frdmk64f.cw10gcc/release/psp/psp.a(io_fp.o)
                0x000047fe                _io_dtof
 .text._io_dtog
                0x00004900      0x212 C:/Freescale/Freescale_MQX_4_1_FRDMK64F/lib/frdmk64f.cw10gcc/release/psp/psp.a(io_fp.o)
                0x00004900                _io_dtog
 .text._io_part_mgr_write
                0x00004b12       0x92 C:/Freescale/Freescale_MQX_4_1_FRDMK64F/lib/frdmk64f.cw10gcc/release/mfs/mfs.a(part_mgr.o)
                0x00004b12                _io_part_mgr_write
 .text._io_part_mgr_read
                0x00004ba4       0x8e C:/Freescale/Freescale_MQX_4_1_FRDMK64F/lib/frdmk64f.cw10gcc/release/mfs/mfs.a(part_mgr.o)
                0x00004ba4                _io_part_mgr_read
 .text._io_part_mgr_close
                0x00004c32       0x26 C:/Freescale/Freescale_MQX_4_1_FRDMK64F/lib/frdmk64f.cw10gcc/release/mfs/mfs.a(part_mgr.o)
                0x00004c32                _io_part_mgr_close
 .text._io_part_mgr_uninstall_internal
                0x00004c58       0x2a C:/Freescale/Freescale_MQX_4_1_FRDMK64F/lib/frdmk64f.cw10gcc/release/mfs/mfs.a(part_mgr.o)
 *fill*         0x00004c82        0x2 00
 .text._io_part_mgr_install
                0x00004c84       0x80 C:/Freescale/Freescale_MQX_4_1_FRDMK64F/lib/frdmk64f.cw10gcc/release/mfs/mfs.a(part_mgr.o)
                0x00004c84                _io_part_mgr_install
 .text._pmgr_check_part_type
                0x00004d04       0x26 C:/Freescale/Freescale_MQX_4_1_FRDMK64F/lib/frdmk64f.cw10gcc/release/mfs/mfs.a(part_mgr.o)
                0x00004d04                _pmgr_check_part_type
 .text._pmgr_validate_mbr
                0x00004d2a       0xa2 C:/Freescale/Freescale_MQX_4_1_FRDMK64F/lib/frdmk64f.cw10gcc/release/mfs/mfs.a(part_mgr.o)
                0x00004d2a                _pmgr_validate_mbr
 .text._pmgr_clear_part_info
                0x00004dcc       0xce C:/Freescale/Freescale_MQX_4_1_FRDMK64F/lib/frdmk64f.cw10gcc/release/mfs/mfs.a(part_mgr.o)
                0x00004dcc                _pmgr_clear_part_info
 .text._pmgr_disk_to_host
                0x00004e9a       0x3e C:/Freescale/Freescale_MQX_4_1_FRDMK64F/lib/frdmk64f.cw10gcc/release/mfs/mfs.a(part_mgr.o)
                0x00004e9a                _pmgr_disk_to_host
 .text._pmgr_get_part_info
                0x00004ed8       0x92 C:/Freescale/Freescale_MQX_4_1_FRDMK64F/lib/frdmk64f.cw10gcc/release/mfs/mfs.a(part_mgr.o)
                0x00004ed8                _pmgr_get_part_info
 .text._io_part_mgr_open
                0x00004f6a       0xd0 C:/Freescale/Freescale_MQX_4_1_FRDMK64F/lib/frdmk64f.cw10gcc/release/mfs/mfs.a(part_mgr.o)
                0x00004f6a                _io_part_mgr_open
 .text._pmgr_host_to_disk
                0x0000503a       0xc0 C:/Freescale/Freescale_MQX_4_1_FRDMK64F/lib/frdmk64f.cw10gcc/release/mfs/mfs.a(part_mgr.o)
                0x0000503a                _pmgr_host_to_disk
 .text._pmgr_set_part_info
                0x000050fa       0xae C:/Freescale/Freescale_MQX_4_1_FRDMK64F/lib/frdmk64f.cw10gcc/release/mfs/mfs.a(part_mgr.o)
                0x000050fa                _pmgr_set_part_info
 .text._io_part_mgr_ioctl
                0x000051a8      0x19e C:/Freescale/Freescale_MQX_4_1_FRDMK64F/lib/frdmk64f.cw10gcc/release/mfs/mfs.a(part_mgr.o)
                0x000051a8                _io_part_mgr_ioctl
 .text._mfs_validate_device
                0x00005346       0x8e C:/Freescale/Freescale_MQX_4_1_FRDMK64F/lib/frdmk64f.cw10gcc/release/mfs/mfs.a(mfs_valdev.o)
                0x00005346                _mfs_validate_device
 .text.MFS_is_read_only
                0x000053d4        0x6 C:/Freescale/Freescale_MQX_4_1_FRDMK64F/lib/frdmk64f.cw10gcc/release/mfs/mfs.a(mfs_misc.o)
                0x000053d4                MFS_is_read_only
 .text.MFS_lock
                0x000053da        0xe C:/Freescale/Freescale_MQX_4_1_FRDMK64F/lib/frdmk64f.cw10gcc/release/mfs/mfs.a(mfs_misc.o)
                0x000053da                MFS_lock
 .text.MFS_lock_dos_disk
                0x000053e8       0x24 C:/Freescale/Freescale_MQX_4_1_FRDMK64F/lib/frdmk64f.cw10gcc/release/mfs/mfs.a(mfs_misc.o)
                0x000053e8                MFS_lock_dos_disk
 .text.MFS_unlock
                0x0000540c       0x5a C:/Freescale/Freescale_MQX_4_1_FRDMK64F/lib/frdmk64f.cw10gcc/release/mfs/mfs.a(mfs_misc.o)
                0x0000540c                MFS_unlock
 *fill*         0x00005466        0x2 00
 .text.MFS_mem_alloc_system
                0x00005468       0x18 C:/Freescale/Freescale_MQX_4_1_FRDMK64F/lib/frdmk64f.cw10gcc/release/mfs/mfs.a(mfs_misc.o)
                0x00005468                MFS_mem_alloc_system
 .text.MFS_mem_alloc_system_zero
                0x00005480       0x18 C:/Freescale/Freescale_MQX_4_1_FRDMK64F/lib/frdmk64f.cw10gcc/release/mfs/mfs.a(mfs_misc.o)
                0x00005480                MFS_mem_alloc_system_zero
 .text.MFS_mem_alloc_system_align
                0x00005498       0x24 C:/Freescale/Freescale_MQX_4_1_FRDMK64F/lib/frdmk64f.cw10gcc/release/mfs/mfs.a(mfs_misc.o)
                0x00005498                MFS_mem_alloc_system_align
 .text.MFS_alloc_path
                0x000054bc       0x24 C:/Freescale/Freescale_MQX_4_1_FRDMK64F/lib/frdmk64f.cw10gcc/release/mfs/mfs.a(mfs_misc.o)
                0x000054bc                MFS_alloc_path
 .text.MFS_free_path
                0x000054e0        0xe C:/Freescale/Freescale_MQX_4_1_FRDMK64F/lib/frdmk64f.cw10gcc/release/mfs/mfs.a(mfs_misc.o)
                0x000054e0                MFS_free_path
 .text.MFS_alloc_2paths
                0x000054ee       0x2e C:/Freescale/Freescale_MQX_4_1_FRDMK64F/lib/frdmk64f.cw10gcc/release/mfs/mfs.a(mfs_misc.o)
                0x000054ee                MFS_alloc_2paths
 .text.MFS_Error_text
                0x0000551c      0x278 C:/Freescale/Freescale_MQX_4_1_FRDMK64F/lib/frdmk64f.cw10gcc/release/mfs/mfs.a(mfs_misc.o)
                0x0000551c                MFS_Error_text
 .text.MFS_free_drive_data
                0x00005794       0x38 C:/Freescale/Freescale_MQX_4_1_FRDMK64F/lib/frdmk64f.cw10gcc/release/mfs/mfs.a(mfs_init.o)
 .text._io_mfs_read
                0x000057cc       0x38 C:/Freescale/Freescale_MQX_4_1_FRDMK64F/lib/frdmk64f.cw10gcc/release/mfs/mfs.a(mfs_init.o)
 .text._io_mfs_install
                0x00005804       0xa0 C:/Freescale/Freescale_MQX_4_1_FRDMK64F/lib/frdmk64f.cw10gcc/release/mfs/mfs.a(mfs_init.o)
                0x00005804                _io_mfs_install
 .text.MFS_Mount_drive_internal
                0x000058a4      0x450 C:/Freescale/Freescale_MQX_4_1_FRDMK64F/lib/frdmk64f.cw10gcc/release/mfs/mfs.a(mfs_init.o)
                0x000058a4                MFS_Mount_drive_internal
 .text.MFS_Parse_Out_Device_Name
                0x00005cf4       0x16 C:/Freescale/Freescale_MQX_4_1_FRDMK64F/lib/frdmk64f.cw10gcc/release/mfs/mfs.a(mfs_init.o)
                0x00005cf4                MFS_Parse_Out_Device_Name
 .text.MFS_Open_Device
                0x00005d0a      0x120 C:/Freescale/Freescale_MQX_4_1_FRDMK64F/lib/frdmk64f.cw10gcc/release/mfs/mfs.a(mfs_init.o)
                0x00005d0a                MFS_Open_Device
 .text._io_mfs_open
                0x00005e2a      0x240 C:/Freescale/Freescale_MQX_4_1_FRDMK64F/lib/frdmk64f.cw10gcc/release/mfs/mfs.a(mfs_init.o)
 .text.MFS_Flush_Device
                0x0000606a       0xce C:/Freescale/Freescale_MQX_4_1_FRDMK64F/lib/frdmk64f.cw10gcc/release/mfs/mfs.a(mfs_init.o)
                0x0000606a                MFS_Flush_Device
 .text._io_mfs_ioctl
                0x00006138      0x5e0 C:/Freescale/Freescale_MQX_4_1_FRDMK64F/lib/frdmk64f.cw10gcc/release/mfs/mfs.a(mfs_init.o)
 .text._io_mfs_write
                0x00006718       0x84 C:/Freescale/Freescale_MQX_4_1_FRDMK64F/lib/frdmk64f.cw10gcc/release/mfs/mfs.a(mfs_init.o)
 .text.MFS_Close_Device
                0x0000679c       0xd6 C:/Freescale/Freescale_MQX_4_1_FRDMK64F/lib/frdmk64f.cw10gcc/release/mfs/mfs.a(mfs_init.o)
                0x0000679c                MFS_Close_Device
 .text._io_mfs_close
                0x00006872       0x24 C:/Freescale/Freescale_MQX_4_1_FRDMK64F/lib/frdmk64f.cw10gcc/release/mfs/mfs.a(mfs_init.o)
 .text._mfs_partition_destroy
                0x00006896        0x4 C:/Freescale/Freescale_MQX_4_1_FRDMK64F/lib/frdmk64f.cw10gcc/release/mfs/mfs.a(mfs_init.o)
                0x00006896                _mfs_partition_destroy
 .text._io_mfs_deinit
                0x0000689a       0x2a C:/Freescale/Freescale_MQX_4_1_FRDMK64F/lib/frdmk64f.cw10gcc/release/mfs/mfs.a(mfs_init.o)
 .text.MFS_Format
                0x000068c4      0x524 C:/Freescale/Freescale_MQX_4_1_FRDMK64F/lib/frdmk64f.cw10gcc/release/mfs/mfs.a(mfs_format.o)
                0x000068c4                MFS_Format
 .text.MFS_Default_Format
                0x00006de8       0x78 C:/Freescale/Freescale_MQX_4_1_FRDMK64F/lib/frdmk64f.cw10gcc/release/mfs/mfs.a(mfs_format.o)
                0x00006de8                MFS_Default_Format
 .text.MFS_Test_unused_clusters
                0x00006e60       0xec C:/Freescale/Freescale_MQX_4_1_FRDMK64F/lib/frdmk64f.cw10gcc/release/mfs/mfs.a(mfs_format.o)
                0x00006e60                MFS_Test_unused_clusters
 .text.MFS_Format_and_test
                0x00006f4c       0x2a C:/Freescale/Freescale_MQX_4_1_FRDMK64F/lib/frdmk64f.cw10gcc/release/mfs/mfs.a(mfs_format.o)
                0x00006f4c                MFS_Format_and_test
 .text.MFS_Flush_fat_cache
                0x00006f76       0x7a C:/Freescale/Freescale_MQX_4_1_FRDMK64F/lib/frdmk64f.cw10gcc/release/mfs/mfs.a(mfs_fat.o)
                0x00006f76                MFS_Flush_fat_cache
 .text.MFS_Write_back_fat
                0x00006ff0       0x20 C:/Freescale/Freescale_MQX_4_1_FRDMK64F/lib/frdmk64f.cw10gcc/release/mfs/mfs.a(mfs_fat.o)
                0x00006ff0                MFS_Write_back_fat
 .text.MFS_Read_fat
                0x00007010       0x84 C:/Freescale/Freescale_MQX_4_1_FRDMK64F/lib/frdmk64f.cw10gcc/release/mfs/mfs.a(mfs_fat.o)
                0x00007010                MFS_Read_fat
 .text.MFS_get_cluster_from_fat
                0x00007094       0xbc C:/Freescale/Freescale_MQX_4_1_FRDMK64F/lib/frdmk64f.cw10gcc/release/mfs/mfs.a(mfs_fat.o)
                0x00007094                MFS_get_cluster_from_fat
 .text.MFS_Put_fat
                0x00007150       0xf6 C:/Freescale/Freescale_MQX_4_1_FRDMK64F/lib/frdmk64f.cw10gcc/release/mfs/mfs.a(mfs_fat.o)
                0x00007150                MFS_Put_fat
 *fill*         0x00007246        0x2 00
 .text.MFS_Create_subdir
                0x00007248      0x1cc C:/Freescale/Freescale_MQX_4_1_FRDMK64F/lib/frdmk64f.cw10gcc/release/mfs/mfs.a(mfs_directory.o)
                0x00007248                MFS_Create_subdir
 .text.MFS_Remove_subdir
                0x00007414      0x12c C:/Freescale/Freescale_MQX_4_1_FRDMK64F/lib/frdmk64f.cw10gcc/release/mfs/mfs.a(mfs_directory.o)
                0x00007414                MFS_Remove_subdir
 .text.MFS_Get_current_dir
                0x00007540       0x2c C:/Freescale/Freescale_MQX_4_1_FRDMK64F/lib/frdmk64f.cw10gcc/release/mfs/mfs.a(mfs_directory.o)
                0x00007540                MFS_Get_current_dir
 .text.MFS_Change_current_dir
                0x0000756c      0x160 C:/Freescale/Freescale_MQX_4_1_FRDMK64F/lib/frdmk64f.cw10gcc/release/mfs/mfs.a(mfs_directory.o)
                0x0000756c                MFS_Change_current_dir
 .text.MFS_Check_dir_exist
                0x000076cc       0x5c C:/Freescale/Freescale_MQX_4_1_FRDMK64F/lib/frdmk64f.cw10gcc/release/mfs/mfs.a(mfs_directory.o)
                0x000076cc                MFS_Check_dir_exist
 .text.MFS_Find_first_file
                0x00007728       0xde C:/Freescale/Freescale_MQX_4_1_FRDMK64F/lib/frdmk64f.cw10gcc/release/mfs/mfs.a(mfs_directory.o)
                0x00007728                MFS_Find_first_file
 .text.MFS_Find_next_file
                0x00007806       0x24 C:/Freescale/Freescale_MQX_4_1_FRDMK64F/lib/frdmk64f.cw10gcc/release/mfs/mfs.a(mfs_directory.o)
                0x00007806                MFS_Find_next_file
 *fill*         0x0000782a        0x2 00
 .text.MFS_Set_volume
                0x0000782c       0xc0 C:/Freescale/Freescale_MQX_4_1_FRDMK64F/lib/frdmk64f.cw10gcc/release/mfs/mfs.a(mfs_directory.o)
                0x0000782c                MFS_Set_volume
 .text.MFS_Get_volume
                0x000078ec       0x64 C:/Freescale/Freescale_MQX_4_1_FRDMK64F/lib/frdmk64f.cw10gcc/release/mfs/mfs.a(mfs_directory.o)
                0x000078ec                MFS_Get_volume
 .text.MFS_Update_entry
                0x00007950       0x6c C:/Freescale/Freescale_MQX_4_1_FRDMK64F/lib/frdmk64f.cw10gcc/release/mfs/mfs.a(mfs_dir_entry.o)
                0x00007950                MFS_Update_entry
 .text.MFS_Increment_dir_index
                0x000079bc       0x70 C:/Freescale/Freescale_MQX_4_1_FRDMK64F/lib/frdmk64f.cw10gcc/release/mfs/mfs.a(mfs_dir_entry.o)
                0x000079bc                MFS_Increment_dir_index
 .text.MFS_Create_directory_entry
                0x00007a2c      0x410 C:/Freescale/Freescale_MQX_4_1_FRDMK64F/lib/frdmk64f.cw10gcc/release/mfs/mfs.a(mfs_dir_entry.o)
                0x00007a2c                MFS_Create_directory_entry
 .text.MFS_Create_entry_slave
                0x00007e3c      0x146 C:/Freescale/Freescale_MQX_4_1_FRDMK64F/lib/frdmk64f.cw10gcc/release/mfs/mfs.a(mfs_dir_entry.o)
                0x00007e3c                MFS_Create_entry_slave
 .text.MFS_Delete_file
                0x00007f82       0xd4 C:/Freescale/Freescale_MQX_4_1_FRDMK64F/lib/frdmk64f.cw10gcc/release/mfs/mfs.a(mfs_delete.o)
                0x00007f82                MFS_Delete_file
 .text.MFS_Flush_data_sector_buffer
                0x00008056       0x2a C:/Freescale/Freescale_MQX_4_1_FRDMK64F/lib/frdmk64f.cw10gcc/release/mfs/mfs.a(mfs_data_sector.o)
                0x00008056                MFS_Flush_data_sector_buffer
 .text.MFS_Invalidate_data_sector
                0x00008080       0x1a C:/Freescale/Freescale_MQX_4_1_FRDMK64F/lib/frdmk64f.cw10gcc/release/mfs/mfs.a(mfs_data_sector.o)
                0x00008080                MFS_Invalidate_data_sector
 .text.MFS_Read_data_sector
                0x0000809a       0x36 C:/Freescale/Freescale_MQX_4_1_FRDMK64F/lib/frdmk64f.cw10gcc/release/mfs/mfs.a(mfs_data_sector.o)
                0x0000809a                MFS_Read_data_sector
 .text.MFS_Create_file
                0x000080d0      0x200 C:/Freescale/Freescale_MQX_4_1_FRDMK64F/lib/frdmk64f.cw10gcc/release/mfs/mfs.a(mfs_create.o)
                0x000080d0                MFS_Create_file
 .text.MFS_Create_new_file
                0x000082d0       0xba C:/Freescale/Freescale_MQX_4_1_FRDMK64F/lib/frdmk64f.cw10gcc/release/mfs/mfs.a(mfs_create.o)
                0x000082d0                MFS_Create_new_file
 *fill*         0x0000838a        0x2 00
 .text.MFS_Create_temp_file
                0x0000838c      0x160 C:/Freescale/Freescale_MQX_4_1_FRDMK64F/lib/frdmk64f.cw10gcc/release/mfs/mfs.a(mfs_create.o)
                0x0000838c                MFS_Create_temp_file
 .text.MFS_Increment_free_clusters
                0x000084ec       0x1a C:/Freescale/Freescale_MQX_4_1_FRDMK64F/lib/frdmk64f.cw10gcc/release/mfs/mfs.a(mfs_cluster.o)
                0x000084ec                MFS_Increment_free_clusters
 .text.MFS_Decrement_free_clusters
                0x00008506       0x1a C:/Freescale/Freescale_MQX_4_1_FRDMK64F/lib/frdmk64f.cw10gcc/release/mfs/mfs.a(mfs_cluster.o)
                0x00008506                MFS_Decrement_free_clusters
 .text.MFS_Find_unused_cluster_from
                0x00008520       0x5a C:/Freescale/Freescale_MQX_4_1_FRDMK64F/lib/frdmk64f.cw10gcc/release/mfs/mfs.a(mfs_cluster.o)
                0x00008520                MFS_Find_unused_cluster_from
 .text.MFS_Release_chain
                0x0000857a       0x8a C:/Freescale/Freescale_MQX_4_1_FRDMK64F/lib/frdmk64f.cw10gcc/release/mfs/mfs.a(mfs_cluster.o)
                0x0000857a                MFS_Release_chain
 .text.MFS_Extend_chain
                0x00008604       0xd4 C:/Freescale/Freescale_MQX_4_1_FRDMK64F/lib/frdmk64f.cw10gcc/release/mfs/mfs.a(mfs_cluster.o)
                0x00008604                MFS_Extend_chain
 .text.MFS_Add_cluster_to_chain
                0x000086d8        0x8 C:/Freescale/Freescale_MQX_4_1_FRDMK64F/lib/frdmk64f.cw10gcc/release/mfs/mfs.a(mfs_cluster.o)
                0x000086d8                MFS_Add_cluster_to_chain
 .text.MFS_Clear_cluster
                0x000086e0       0x56 C:/Freescale/Freescale_MQX_4_1_FRDMK64F/lib/frdmk64f.cw10gcc/release/mfs/mfs.a(mfs_cluster.o)
                0x000086e0                MFS_Clear_cluster
 *fill*         0x00008736        0x2 00
 .text.MFS_Bad_clusters
                0x00008738       0x44 C:/Freescale/Freescale_MQX_4_1_FRDMK64F/lib/frdmk64f.cw10gcc/release/mfs/mfs.a(mfs_cluster.o)
                0x00008738                MFS_Bad_clusters
 .text.MFS_Last_cluster
                0x0000877c       0x1c C:/Freescale/Freescale_MQX_4_1_FRDMK64F/lib/frdmk64f.cw10gcc/release/mfs/mfs.a(mfs_cluster.o)
                0x0000877c                MFS_Last_cluster
 .text.MFS_Get_disk_free_space_internal
                0x00008798       0x42 C:/Freescale/Freescale_MQX_4_1_FRDMK64F/lib/frdmk64f.cw10gcc/release/mfs/mfs.a(mfs_cluster.o)
                0x00008798                MFS_Get_disk_free_space_internal
 .text.MFS_Get_disk_free_space
                0x000087da       0x3c C:/Freescale/Freescale_MQX_4_1_FRDMK64F/lib/frdmk64f.cw10gcc/release/mfs/mfs.a(mfs_cluster.o)
                0x000087da                MFS_Get_disk_free_space
 .text.MFS_Get_file_attributes
                0x00008816       0x4c C:/Freescale/Freescale_MQX_4_1_FRDMK64F/lib/frdmk64f.cw10gcc/release/mfs/mfs.a(mfs_attribute.o)
                0x00008816                MFS_Get_file_attributes
 .text.MFS_Set_file_attributes
                0x00008862       0x7e C:/Freescale/Freescale_MQX_4_1_FRDMK64F/lib/frdmk64f.cw10gcc/release/mfs/mfs.a(mfs_attribute.o)
                0x00008862                MFS_Set_file_attributes
 .text.MFS_Write
                0x000088e0      0x50e C:/Freescale/Freescale_MQX_4_1_FRDMK64F/lib/frdmk64f.cw10gcc/release/mfs/mfs.a(mfs_write.o)
                0x000088e0                MFS_Write
 .text.MFS_Get_date_time
                0x00008dee       0x4e C:/Freescale/Freescale_MQX_4_1_FRDMK64F/lib/frdmk64f.cw10gcc/release/mfs/mfs.a(mfs_time.o)
                0x00008dee                MFS_Get_date_time
 .text.MFS_Set_date_time
                0x00008e3c       0x70 C:/Freescale/Freescale_MQX_4_1_FRDMK64F/lib/frdmk64f.cw10gcc/release/mfs/mfs.a(mfs_time.o)
                0x00008e3c                MFS_Set_date_time
 .text.MFS_Find_directory_entry
                0x00008eac      0x258 C:/Freescale/Freescale_MQX_4_1_FRDMK64F/lib/frdmk64f.cw10gcc/release/mfs/mfs.a(mfs_search.o)
                0x00008eac                MFS_Find_directory_entry
 .text.MFS_Find_directory
                0x00009104      0x10c C:/Freescale/Freescale_MQX_4_1_FRDMK64F/lib/frdmk64f.cw10gcc/release/mfs/mfs.a(mfs_search.o)
                0x00009104                MFS_Find_directory
 .text.MFS_Find_entry_on_disk
                0x00009210       0xc0 C:/Freescale/Freescale_MQX_4_1_FRDMK64F/lib/frdmk64f.cw10gcc/release/mfs/mfs.a(mfs_search.o)
                0x00009210                MFS_Find_entry_on_disk
 .text.MFS_Check_search_string_for_all
                0x000092d0       0x3a C:/Freescale/Freescale_MQX_4_1_FRDMK64F/lib/frdmk64f.cw10gcc/release/mfs/mfs.a(mfs_search.o)
                0x000092d0                MFS_Check_search_string_for_all
 .text.MFS_Check_search_string_for_8dot3
                0x0000930a       0x44 C:/Freescale/Freescale_MQX_4_1_FRDMK64F/lib/frdmk64f.cw10gcc/release/mfs/mfs.a(mfs_search.o)
                0x0000930a                MFS_Check_search_string_for_8dot3
 .text.MFS_Find_next_slave
                0x0000934e      0x1d8 C:/Freescale/Freescale_MQX_4_1_FRDMK64F/lib/frdmk64f.cw10gcc/release/mfs/mfs.a(mfs_search.o)
                0x0000934e                MFS_Find_next_slave
 .text.MFS_Write_device_sectors
                0x00009526      0x11e C:/Freescale/Freescale_MQX_4_1_FRDMK64F/lib/frdmk64f.cw10gcc/release/mfs/mfs.a(mfs_rw.o)
                0x00009526                MFS_Write_device_sectors
 .text.MFS_Write_device_sector
                0x00009644       0x12 C:/Freescale/Freescale_MQX_4_1_FRDMK64F/lib/frdmk64f.cw10gcc/release/mfs/mfs.a(mfs_rw.o)
                0x00009644                MFS_Write_device_sector
 .text.MFS_Read_device_sectors
                0x00009656       0xb4 C:/Freescale/Freescale_MQX_4_1_FRDMK64F/lib/frdmk64f.cw10gcc/release/mfs/mfs.a(mfs_rw.o)
                0x00009656                MFS_Read_device_sectors
 .text.MFS_Read_device_sector
                0x0000970a       0x12 C:/Freescale/Freescale_MQX_4_1_FRDMK64F/lib/frdmk64f.cw10gcc/release/mfs/mfs.a(mfs_rw.o)
                0x0000970a                MFS_Read_device_sector
 .text.MFS_Invalidate_directory_sector
                0x0000971c       0x1a C:/Freescale/Freescale_MQX_4_1_FRDMK64F/lib/frdmk64f.cw10gcc/release/mfs/mfs.a(mfs_rw.o)
                0x0000971c                MFS_Invalidate_directory_sector
 .text.MFS_Flush_directory_sector_buffer
                0x00009736       0x2a C:/Freescale/Freescale_MQX_4_1_FRDMK64F/lib/frdmk64f.cw10gcc/release/mfs/mfs.a(mfs_rw.o)
                0x00009736                MFS_Flush_directory_sector_buffer
 .text.MFS_Read_directory_sector
                0x00009760       0x7e C:/Freescale/Freescale_MQX_4_1_FRDMK64F/lib/frdmk64f.cw10gcc/release/mfs/mfs.a(mfs_rw.o)
                0x00009760                MFS_Read_directory_sector
 .text.MFS_Flush_caches
                0x000097de       0x30 C:/Freescale/Freescale_MQX_4_1_FRDMK64F/lib/frdmk64f.cw10gcc/release/mfs/mfs.a(mfs_rw.o)
                0x000097de                MFS_Flush_caches
 .text.MFS_Rename_file
                0x0000980e      0x2c8 C:/Freescale/Freescale_MQX_4_1_FRDMK64F/lib/frdmk64f.cw10gcc/release/mfs/mfs.a(mfs_rename.o)
                0x0000980e                MFS_Rename_file
 .text.MFS_next_data_sector
                0x00009ad6       0x5a C:/Freescale/Freescale_MQX_4_1_FRDMK64F/lib/frdmk64f.cw10gcc/release/mfs/mfs.a(mfs_read.o)
                0x00009ad6                MFS_next_data_sector
 .text.MFS_Read
                0x00009b30      0x29e C:/Freescale/Freescale_MQX_4_1_FRDMK64F/lib/frdmk64f.cw10gcc/release/mfs/mfs.a(mfs_read.o)
                0x00009b30                MFS_Read
 .text.MFS_strupr
                0x00009dce       0x18 C:/Freescale/Freescale_MQX_4_1_FRDMK64F/lib/frdmk64f.cw10gcc/release/mfs/mfs.a(mfs_parse.o)
                0x00009dce                MFS_strupr
 .text.MFS_Wildcard_match
                0x00009de6       0x1e C:/Freescale/Freescale_MQX_4_1_FRDMK64F/lib/frdmk64f.cw10gcc/release/mfs/mfs.a(mfs_parse.o)
                0x00009de6                MFS_Wildcard_match
 .text.MFS_Expand_wildcard
                0x00009e04       0x82 C:/Freescale/Freescale_MQX_4_1_FRDMK64F/lib/frdmk64f.cw10gcc/release/mfs/mfs.a(mfs_parse.o)
                0x00009e04                MFS_Expand_wildcard
 .text.MFS_Expand_dotfile
                0x00009e86       0xb2 C:/Freescale/Freescale_MQX_4_1_FRDMK64F/lib/frdmk64f.cw10gcc/release/mfs/mfs.a(mfs_parse.o)
                0x00009e86                MFS_Expand_dotfile
 .text.MFS_Compress_nondotfile
                0x00009f38       0x64 C:/Freescale/Freescale_MQX_4_1_FRDMK64F/lib/frdmk64f.cw10gcc/release/mfs/mfs.a(mfs_parse.o)
                0x00009f38                MFS_Compress_nondotfile
 .text.MFS_Filename_valid
                0x00009f9c       0x80 C:/Freescale/Freescale_MQX_4_1_FRDMK64F/lib/frdmk64f.cw10gcc/release/mfs/mfs.a(mfs_parse.o)
                0x00009f9c                MFS_Filename_valid
 .text.MFS_Dirname_valid
                0x0000a01c       0x22 C:/Freescale/Freescale_MQX_4_1_FRDMK64F/lib/frdmk64f.cw10gcc/release/mfs/mfs.a(mfs_parse.o)
                0x0000a01c                MFS_Dirname_valid
 .text.MFS_Attribute_match
                0x0000a03e       0x54 C:/Freescale/Freescale_MQX_4_1_FRDMK64F/lib/frdmk64f.cw10gcc/release/mfs/mfs.a(mfs_parse.o)
                0x0000a03e                MFS_Attribute_match
 .text.MFS_Parse_next_filename
                0x0000a092       0x3a C:/Freescale/Freescale_MQX_4_1_FRDMK64F/lib/frdmk64f.cw10gcc/release/mfs/mfs.a(mfs_parse.o)
                0x0000a092                MFS_Parse_next_filename
 .text.MFS_Parse_pathname
                0x0000a0cc       0xa0 C:/Freescale/Freescale_MQX_4_1_FRDMK64F/lib/frdmk64f.cw10gcc/release/mfs/mfs.a(mfs_parse.o)
                0x0000a0cc                MFS_Parse_pathname
 .text.MFS_Is_dot_directory
                0x0000a16c       0x22 C:/Freescale/Freescale_MQX_4_1_FRDMK64F/lib/frdmk64f.cw10gcc/release/mfs/mfs.a(mfs_parse.o)
                0x0000a16c                MFS_Is_dot_directory
 .text.MFS_Open_file
                0x0000a18e       0xe2 C:/Freescale/Freescale_MQX_4_1_FRDMK64F/lib/frdmk64f.cw10gcc/release/mfs/mfs.a(mfs_open.o)
                0x0000a18e                MFS_Open_file
 .text.MFS_Close_file
                0x0000a270       0xbc C:/Freescale/Freescale_MQX_4_1_FRDMK64F/lib/frdmk64f.cw10gcc/release/mfs/mfs.a(mfs_open.o)
                0x0000a270                MFS_Close_file
 .text.MFS_Move_file_pointer
                0x0000a32c      0x13a C:/Freescale/Freescale_MQX_4_1_FRDMK64F/lib/frdmk64f.cw10gcc/release/mfs/mfs.a(mfs_open.o)
                0x0000a32c                MFS_Move_file_pointer
 .text.MFS_lfn_to_sfn
                0x0000a466      0x102 C:/Freescale/Freescale_MQX_4_1_FRDMK64F/lib/frdmk64f.cw10gcc/release/mfs/mfs.a(mfs_lfn.o)
                0x0000a466                MFS_lfn_to_sfn
 .text.MFS_is_valid_lfn
                0x0000a568       0x38 C:/Freescale/Freescale_MQX_4_1_FRDMK64F/lib/frdmk64f.cw10gcc/release/mfs/mfs.a(mfs_lfn.o)
                0x0000a568                MFS_is_valid_lfn
 .text.MFS_lfn_dirname_valid
                0x0000a5a0       0x1a C:/Freescale/Freescale_MQX_4_1_FRDMK64F/lib/frdmk64f.cw10gcc/release/mfs/mfs.a(mfs_lfn.o)
                0x0000a5a0                MFS_lfn_dirname_valid
 .text.MFS_lfn_match
                0x0000a5ba       0x8e C:/Freescale/Freescale_MQX_4_1_FRDMK64F/lib/frdmk64f.cw10gcc/release/mfs/mfs.a(mfs_lfn.o)
                0x0000a5ba                MFS_lfn_match
 .text.MFS_lfn_extract
                0x0000a648       0x80 C:/Freescale/Freescale_MQX_4_1_FRDMK64F/lib/frdmk64f.cw10gcc/release/mfs/mfs.a(mfs_lfn.o)
                0x0000a648                MFS_lfn_extract
 .text.MFS_increment_lfn
                0x0000a6c8       0x4e C:/Freescale/Freescale_MQX_4_1_FRDMK64F/lib/frdmk64f.cw10gcc/release/mfs/mfs.a(mfs_lfn.o)
                0x0000a6c8                MFS_increment_lfn
 .text.MFS_lfn_name_to_entry
                0x0000a716       0xa4 C:/Freescale/Freescale_MQX_4_1_FRDMK64F/lib/frdmk64f.cw10gcc/release/mfs/mfs.a(mfs_lfn.o)
                0x0000a716                MFS_lfn_name_to_entry
 .text.MFS_lfn_checksum
                0x0000a7ba       0x1e C:/Freescale/Freescale_MQX_4_1_FRDMK64F/lib/frdmk64f.cw10gcc/release/mfs/mfs.a(mfs_lfn.o)
                0x0000a7ba                MFS_lfn_checksum
 .text.MFS_get_prev_cluster
                0x0000a7d8       0x78 C:/Freescale/Freescale_MQX_4_1_FRDMK64F/lib/frdmk64f.cw10gcc/release/mfs/mfs.a(mfs_lfn.o)
                0x0000a7d8                MFS_get_prev_cluster
 .text.MFS_remove_lfn_entries
                0x0000a850       0xa6 C:/Freescale/Freescale_MQX_4_1_FRDMK64F/lib/frdmk64f.cw10gcc/release/mfs/mfs.a(mfs_lfn.o)
                0x0000a850                MFS_remove_lfn_entries
 .text.MFS_get_lfn_of_entry
                0x0000a8f6       0xc6 C:/Freescale/Freescale_MQX_4_1_FRDMK64F/lib/frdmk64f.cw10gcc/release/mfs/mfs.a(mfs_lfn.o)
                0x0000a8f6                MFS_get_lfn_of_entry
 .text.MFS_get_lfn
                0x0000a9bc       0x36 C:/Freescale/Freescale_MQX_4_1_FRDMK64F/lib/frdmk64f.cw10gcc/release/mfs/mfs.a(mfs_lfn.o)
                0x0000a9bc                MFS_get_lfn
 .text.MFS_get_lfn_dir_cluster
                0x0000a9f2       0xe6 C:/Freescale/Freescale_MQX_4_1_FRDMK64F/lib/frdmk64f.cw10gcc/release/mfs/mfs.a(mfs_lfn.o)
                0x0000a9f2                MFS_get_lfn_dir_cluster
 .text.MFS_Get_handle
                0x0000aad8       0x40 C:/Freescale/Freescale_MQX_4_1_FRDMK64F/lib/frdmk64f.cw10gcc/release/mfs/mfs.a(mfs_handle.o)
                0x0000aad8                MFS_Get_handle
 .text.MFS_Free_handle
                0x0000ab18       0x1e C:/Freescale/Freescale_MQX_4_1_FRDMK64F/lib/frdmk64f.cw10gcc/release/mfs/mfs.a(mfs_handle.o)
                0x0000ab18                MFS_Free_handle
 .text.MFS_Find_handle
                0x0000ab36       0x2c C:/Freescale/Freescale_MQX_4_1_FRDMK64F/lib/frdmk64f.cw10gcc/release/mfs/mfs.a(mfs_handle.o)
                0x0000ab36                MFS_Find_handle
 *fill*         0x0000ab62        0x2 00
 .text.__thumb_startup
                0x0000ab64       0x3c C:/Freescale/CW MCU v10.6/MCU/ARM_GCC_Support/ewl/lib/armv7e-m/__arm_start.o
                0x0000ab64                __thumb_startup
 .text._ExitProcess
                0x0000aba0        0x2 C:/Freescale/CW MCU v10.6/MCU/ARM_GCC_Support/ewl/lib/armv7e-m/__arm_end.o
                0x0000aba0                _ExitProcess
 *fill*         0x0000aba2        0x2 00
 .text.__init_cpp
                0x0000aba4       0x4c C:/Freescale/CW MCU v10.6/MCU/ARM_GCC_Support/ewl/lib/armv7e-m\librt.a(gcc_ctor_dtor.o)
                0x0000aba4                __init_cpp
 .text.__fini_cpp
                0x0000abf0       0x34 C:/Freescale/CW MCU v10.6/MCU/ARM_GCC_Support/ewl/lib/armv7e-m\librt.a(gcc_ctor_dtor.o)
                0x0000abf0                __fini_cpp
 .text.__copy_rom_section
                0x0000ac24       0x44 C:/Freescale/CW MCU v10.6/MCU/ARM_GCC_Support/ewl/lib/armv7e-m\librt.a(ROMCopy.o)
                0x0000ac24                __copy_rom_section
 .text.__copy_rom_sections_to_ram
                0x0000ac68       0x30 C:/Freescale/CW MCU v10.6/MCU/ARM_GCC_Support/ewl/lib/armv7e-m\librt.a(ROMCopy.o)
                0x0000ac68                __copy_rom_sections_to_ram
 .text.__destroy_global_chain
                0x0000ac98       0x18 C:/Freescale/CW MCU v10.6/MCU/ARM_GCC_Support/ewl/lib/armv7e-m\librt.a(__arm_eabi_init.o)
                0x0000ac98                __destroy_global_chain
 .text.__init_user
                0x0000acb0        0x4 C:/Freescale/CW MCU v10.6/MCU/ARM_GCC_Support/ewl/lib/armv7e-m\librt.a(__arm_eabi_init.o)
                0x0000acb0                __init_user
 .text.exit     0x0000acb4       0x38 C:/Freescale/CW MCU v10.6/MCU/ARM_GCC_Support/ewl/lib/armv7e-m\libc.a(exit.o)
                0x0000acb4                exit
 .text.memcmp   0x0000acec       0x22 C:/Freescale/CW MCU v10.6/MCU/ARM_GCC_Support/ewl/lib/armv7e-m\libc.a(memcmp.o)
                0x0000acec                memcmp
 .text.memcpy   0x0000ad0e       0x12 C:/Freescale/CW MCU v10.6/MCU/ARM_GCC_Support/ewl/lib/armv7e-m\libc.a(memcpy.o)
                0x0000ad0e                memcpy
 .text.memset   0x0000ad20        0xc C:/Freescale/CW MCU v10.6/MCU/ARM_GCC_Support/ewl/lib/armv7e-m\libc.a(memset.o)
                0x0000ad20                memset
 .text.strcat   0x0000ad2c       0x1a C:/Freescale/CW MCU v10.6/MCU/ARM_GCC_Support/ewl/lib/armv7e-m\libc.a(strcat.o)
                0x0000ad2c                strcat
 .text.strcmp   0x0000ad46       0x1a C:/Freescale/CW MCU v10.6/MCU/ARM_GCC_Support/ewl/lib/armv7e-m\libc.a(strcmp.o)
                0x0000ad46                strcmp
 .text.strcpy   0x0000ad60        0xe C:/Freescale/CW MCU v10.6/MCU/ARM_GCC_Support/ewl/lib/armv7e-m\libc.a(strcpy.o)
                0x0000ad60                strcpy
 .text.strlen   0x0000ad6e       0x10 C:/Freescale/CW MCU v10.6/MCU/ARM_GCC_Support/ewl/lib/armv7e-m\libc.a(strlen.o)
                0x0000ad6e                strlen
 .text.strncmp  0x0000ad7e       0x22 C:/Freescale/CW MCU v10.6/MCU/ARM_GCC_Support/ewl/lib/armv7e-m\libc.a(strncmp.o)
                0x0000ad7e                strncmp
 .text.strncpy  0x0000ada0       0x30 C:/Freescale/CW MCU v10.6/MCU/ARM_GCC_Support/ewl/lib/armv7e-m\libc.a(strncpy.o)
                0x0000ada0                strncpy
 .text.__fill_mem
                0x0000add0       0x76 C:/Freescale/CW MCU v10.6/MCU/ARM_GCC_Support/ewl/lib/armv7e-m\libc.a(__filll_mem.o)
                0x0000add0                __fill_mem
 *fill*         0x0000ae46        0x2 00
 .text.modf     0x0000ae48       0xac C:/Freescale/CW MCU v10.6/MCU/ARM_GCC_Support/ewl/lib/armv7e-m\libm.a(s_modf.o)
                0x0000ae48                modf
 .text          0x0000aef4       0x18 C:/Freescale/CW MCU v10.6/Cross_Tools/arm-none-eabi-gcc-4_7_3/lib/gcc/arm-none-eabi/4.7.3/armv7e-m\libgcc.a(_ashldi3.o)
                0x0000aef4                __aeabi_llsl
                0x0000aef4                __ashldi3
 .text          0x0000af0c      0x370 C:/Freescale/CW MCU v10.6/Cross_Tools/arm-none-eabi-gcc-4_7_3/lib/gcc/arm-none-eabi/4.7.3/armv7e-m\libgcc.a(_arm_addsubdf3.o)
                0x0000af0c                __aeabi_drsub
                0x0000af14                __aeabi_dsub
                0x0000af14                __subdf3
                0x0000af18                __aeabi_dadd
                0x0000af18                __adddf3
                0x0000b190                __floatunsidf
                0x0000b190                __aeabi_ui2d
                0x0000b1b0                __floatsidf
                0x0000b1b0                __aeabi_i2d
                0x0000b1d4                __aeabi_f2d
                0x0000b1d4                __extendsfdf2
                0x0000b210                __floatundidf
                0x0000b210                __aeabi_ul2d
                0x0000b220                __floatdidf
                0x0000b220                __aeabi_l2d
 .text          0x0000b27c      0x424 C:/Freescale/CW MCU v10.6/Cross_Tools/arm-none-eabi-gcc-4_7_3/lib/gcc/arm-none-eabi/4.7.3/armv7e-m\libgcc.a(_arm_muldivdf3.o)
                0x0000b27c                __aeabi_dmul
                0x0000b27c                __muldf3
                0x0000b4d0                __divdf3
                0x0000b4d0                __aeabi_ddiv
 .text          0x0000b6a0      0x110 C:/Freescale/CW MCU v10.6/Cross_Tools/arm-none-eabi-gcc-4_7_3/lib/gcc/arm-none-eabi/4.7.3/armv7e-m\libgcc.a(_arm_cmpdf2.o)
                0x0000b6a0                __gtdf2
                0x0000b6a0                __gedf2
                0x0000b6a8                __ltdf2
                0x0000b6a8                __ledf2
                0x0000b6b0                __nedf2
                0x0000b6b0                __eqdf2
                0x0000b6b0                __cmpdf2
                0x0000b72c                __aeabi_cdrcmple
                0x0000b73c                __aeabi_cdcmpeq
                0x0000b73c                __aeabi_cdcmple
                0x0000b74c                __aeabi_dcmpeq
                0x0000b760                __aeabi_dcmplt
                0x0000b774                __aeabi_dcmple
                0x0000b788                __aeabi_dcmpge
                0x0000b79c                __aeabi_dcmpgt
 .text          0x0000b7b0       0x50 C:/Freescale/CW MCU v10.6/Cross_Tools/arm-none-eabi-gcc-4_7_3/lib/gcc/arm-none-eabi/4.7.3/armv7e-m\libgcc.a(_arm_fixdfsi.o)
                0x0000b7b0                __aeabi_d2iz
                0x0000b7b0                __fixdfsi
 .text          0x0000b800       0x40 C:/Freescale/CW MCU v10.6/Cross_Tools/arm-none-eabi-gcc-4_7_3/lib/gcc/arm-none-eabi/4.7.3/armv7e-m\libgcc.a(_arm_fixunsdfsi.o)
                0x0000b800                __aeabi_d2uiz
                0x0000b800                __fixunsdfsi
 .text          0x0000b840       0x38 C:/Freescale/CW MCU v10.6/Cross_Tools/arm-none-eabi-gcc-4_7_3/lib/gcc/arm-none-eabi/4.7.3/armv7e-m\libgcc.a(_aeabi_ldivmod.o)
                0x0000b840                __aeabi_ldivmod
 .text          0x0000b878       0x2c C:/Freescale/CW MCU v10.6/Cross_Tools/arm-none-eabi-gcc-4_7_3/lib/gcc/arm-none-eabi/4.7.3/armv7e-m\libgcc.a(_aeabi_uldivmod.o)
                0x0000b878                __aeabi_uldivmod
 .text          0x0000b8a4       0x58 C:/Freescale/CW MCU v10.6/Cross_Tools/arm-none-eabi-gcc-4_7_3/lib/gcc/arm-none-eabi/4.7.3/armv7e-m\libgcc.a(bpabi.o)
                0x0000b8a4                __gnu_ldivmod_helper
                0x0000b8d0                __gnu_uldivmod_helper
 .text          0x0000b8fc        0x4 C:/Freescale/CW MCU v10.6/Cross_Tools/arm-none-eabi-gcc-4_7_3/lib/gcc/arm-none-eabi/4.7.3/armv7e-m\libgcc.a(_dvmd_tls.o)
                0x0000b8fc                __aeabi_idiv0
                0x0000b8fc                __aeabi_ldiv0
 .text          0x0000b900      0x2bc C:/Freescale/CW MCU v10.6/Cross_Tools/arm-none-eabi-gcc-4_7_3/lib/gcc/arm-none-eabi/4.7.3/armv7e-m\libgcc.a(_divdi3.o)
                0x0000b900                __divdi3
 .text          0x0000bbbc      0x288 C:/Freescale/CW MCU v10.6/Cross_Tools/arm-none-eabi-gcc-4_7_3/lib/gcc/arm-none-eabi/4.7.3/armv7e-m\libgcc.a(_udivdi3.o)
                0x0000bbbc                __udivdi3
 .text.startup.main
                0x0000be44       0x10 C:/Freescale/Freescale_MQX_4_1_FRDMK64F/lib/frdmk64f.cw10gcc/release/bsp/bsp.a(mqx_main.o)
                0x0000be44                main
 .text._bsp_watchdog_disable
                0x0000be54       0x20 C:/Freescale/Freescale_MQX_4_1_FRDMK64F/lib/frdmk64f.cw10gcc/release/bsp/bsp.a(init_hw.o)
                0x0000be54                _bsp_watchdog_disable
 .text.init_hardware
                0x0000be74       0x80 C:/Freescale/Freescale_MQX_4_1_FRDMK64F/lib/frdmk64f.cw10gcc/release/bsp/bsp.a(init_hw.o)
                0x0000be74                init_hardware
 .text._bsp_serial_io_init
                0x0000bef4      0x1b8 C:/Freescale/Freescale_MQX_4_1_FRDMK64F/lib/frdmk64f.cw10gcc/release/bsp/bsp.a(init_gpio.o)
                0x0000bef4                _bsp_serial_io_init
 .text._bsp_adc_io_init
                0x0000c0ac       0x2c C:/Freescale/Freescale_MQX_4_1_FRDMK64F/lib/frdmk64f.cw10gcc/release/bsp/bsp.a(init_gpio.o)
                0x0000c0ac                _bsp_adc_io_init
 .text._bsp_adc_channel_io_init
                0x0000c0d8       0x94 C:/Freescale/Freescale_MQX_4_1_FRDMK64F/lib/frdmk64f.cw10gcc/release/bsp/bsp.a(init_gpio.o)
                0x0000c0d8                _bsp_adc_channel_io_init
 .text._bsp_rtc_io_init
                0x0000c16c       0x14 C:/Freescale/Freescale_MQX_4_1_FRDMK64F/lib/frdmk64f.cw10gcc/release/bsp/bsp.a(init_gpio.o)
                0x0000c16c                _bsp_rtc_io_init
 .text._bsp_esdhc_io_init
                0x0000c180       0x34 C:/Freescale/Freescale_MQX_4_1_FRDMK64F/lib/frdmk64f.cw10gcc/release/bsp/bsp.a(init_gpio.o)
                0x0000c180                _bsp_esdhc_io_init
 .text._bsp_i2c_io_init
                0x0000c1b4       0x58 C:/Freescale/Freescale_MQX_4_1_FRDMK64F/lib/frdmk64f.cw10gcc/release/bsp/bsp.a(init_gpio.o)
                0x0000c1b4                _bsp_i2c_io_init
 .text._bsp_gpio_io_init
                0x0000c20c       0x24 C:/Freescale/Freescale_MQX_4_1_FRDMK64F/lib/frdmk64f.cw10gcc/release/bsp/bsp.a(init_gpio.o)
                0x0000c20c                _bsp_gpio_io_init
 .text._bsp_serial_rts_init
                0x0000c230       0x5c C:/Freescale/Freescale_MQX_4_1_FRDMK64F/lib/frdmk64f.cw10gcc/release/bsp/bsp.a(init_gpio.o)
                0x0000c230                _bsp_serial_rts_init
 .text._bsp_sai_io_init
                0x0000c28c       0x50 C:/Freescale/Freescale_MQX_4_1_FRDMK64F/lib/frdmk64f.cw10gcc/release/bsp/bsp.a(init_gpio.o)
                0x0000c28c                _bsp_sai_io_init
 .text._bsp_serial_irda_tx_init
                0x0000c2dc        0x6 C:/Freescale/Freescale_MQX_4_1_FRDMK64F/lib/frdmk64f.cw10gcc/release/bsp/bsp.a(init_gpio.o)
                0x0000c2dc                _bsp_serial_irda_tx_init
 .text._bsp_serial_irda_rx_init
                0x0000c2e2        0x6 C:/Freescale/Freescale_MQX_4_1_FRDMK64F/lib/frdmk64f.cw10gcc/release/bsp/bsp.a(init_gpio.o)
                0x0000c2e2                _bsp_serial_irda_rx_init
 .text._bsp_get_hwticks
                0x0000c2e8       0x14 C:/Freescale/Freescale_MQX_4_1_FRDMK64F/lib/frdmk64f.cw10gcc/release/bsp/bsp.a(init_bsp.o)
                0x0000c2e8                _bsp_get_hwticks
 .text._bsp_systimer_callback
                0x0000c2fc        0x4 C:/Freescale/Freescale_MQX_4_1_FRDMK64F/lib/frdmk64f.cw10gcc/release/bsp/bsp.a(init_bsp.o)
                0x0000c2fc                _bsp_systimer_callback
 .text._bsp_pre_init
                0x0000c300      0x108 C:/Freescale/Freescale_MQX_4_1_FRDMK64F/lib/frdmk64f.cw10gcc/release/bsp/bsp.a(init_bsp.o)
                0x0000c300                _bsp_pre_init
 .text._bsp_init
                0x0000c408       0x98 C:/Freescale/Freescale_MQX_4_1_FRDMK64F/lib/frdmk64f.cw10gcc/release/bsp/bsp.a(init_bsp.o)
                0x0000c408                _bsp_init
 .text.CPU_MCGAutoTrim
                0x0000c4a0       0x8c C:/Freescale/Freescale_MQX_4_1_FRDMK64F/lib/frdmk64f.cw10gcc/release/bsp/bsp.a(bsp_cm.o)
                0x0000c4a0                CPU_MCGAutoTrim
 .text.CPU_GetClockGenMode
                0x0000c52c       0x70 C:/Freescale/Freescale_MQX_4_1_FRDMK64F/lib/frdmk64f.cw10gcc/release/bsp/bsp.a(bsp_cm.o)
                0x0000c52c                CPU_GetClockGenMode
 .text.CPU_SetClockConfigGenMode
                0x0000c59c      0x318 C:/Freescale/Freescale_MQX_4_1_FRDMK64F/lib/frdmk64f.cw10gcc/release/bsp/bsp.a(bsp_cm.o)
                0x0000c59c                CPU_SetClockConfigGenMode
 .text.CPU_SetClockConfiguration
                0x0000c8b4       0xc0 C:/Freescale/Freescale_MQX_4_1_FRDMK64F/lib/frdmk64f.cw10gcc/release/bsp/bsp.a(bsp_cm.o)
                0x0000c8b4                CPU_SetClockConfiguration
 .text._bsp_initialize_hardware
                0x0000c974       0x48 C:/Freescale/Freescale_MQX_4_1_FRDMK64F/lib/frdmk64f.cw10gcc/release/bsp/bsp.a(bsp_cm.o)
                0x0000c974                _bsp_initialize_hardware
 .text._bsp_set_clock_configuration
                0x0000c9bc       0x24 C:/Freescale/Freescale_MQX_4_1_FRDMK64F/lib/frdmk64f.cw10gcc/release/bsp/bsp.a(bsp_cm.o)
                0x0000c9bc                _bsp_set_clock_configuration
 .text._bsp_get_clock_configuration
                0x0000c9e0        0xc C:/Freescale/Freescale_MQX_4_1_FRDMK64F/lib/frdmk64f.cw10gcc/release/bsp/bsp.a(bsp_cm.o)
                0x0000c9e0                _bsp_get_clock_configuration
 .text._bsp_get_clock
                0x0000c9ec       0x28 C:/Freescale/Freescale_MQX_4_1_FRDMK64F/lib/frdmk64f.cw10gcc/release/bsp/bsp.a(bsp_cm.o)
                0x0000c9ec                _bsp_get_clock
 .text._bsp_osc_autotrim
                0x0000ca14       0x16 C:/Freescale/Freescale_MQX_4_1_FRDMK64F/lib/frdmk64f.cw10gcc/release/bsp/bsp.a(bsp_cm.o)
                0x0000ca14                _bsp_osc_autotrim
 .text._bsp_low_level_init
                0x0000ca2a        0x2 C:/Freescale/Freescale_MQX_4_1_FRDMK64F/lib/frdmk64f.cw10gcc/release/bsp/bsp.a(bsp_cm.o)
                0x0000ca2a                _bsp_low_level_init
 .text._adc_read
                0x0000ca2c       0x4e C:/Freescale/Freescale_MQX_4_1_FRDMK64F/lib/frdmk64f.cw10gcc/release/bsp/bsp.a(adc.o)
                0x0000ca2c                _adc_read
 .text._adc_write
                0x0000ca7a        0x4 C:/Freescale/Freescale_MQX_4_1_FRDMK64F/lib/frdmk64f.cw10gcc/release/bsp/bsp.a(adc.o)
                0x0000ca7a                _adc_write
 .text._adc_ioctl
                0x0000ca7e       0xc6 C:/Freescale/Freescale_MQX_4_1_FRDMK64F/lib/frdmk64f.cw10gcc/release/bsp/bsp.a(adc.o)
                0x0000ca7e                _adc_ioctl
 .text._adc_close
                0x0000cb44       0xb4 C:/Freescale/Freescale_MQX_4_1_FRDMK64F/lib/frdmk64f.cw10gcc/release/bsp/bsp.a(adc.o)
                0x0000cb44                _adc_close
 .text._adc_open
                0x0000cbf8      0x2b0 C:/Freescale/Freescale_MQX_4_1_FRDMK64F/lib/frdmk64f.cw10gcc/release/bsp/bsp.a(adc.o)
                0x0000cbf8                _adc_open
 .text._io_adc_install
                0x0000cea8       0x78 C:/Freescale/Freescale_MQX_4_1_FRDMK64F/lib/frdmk64f.cw10gcc/release/bsp/bsp.a(adc.o)
                0x0000cea8                _io_adc_install
 .text.adt_period_prescaler
                0x0000cf20      0x1a0 C:/Freescale/Freescale_MQX_4_1_FRDMK64F/lib/frdmk64f.cw10gcc/release/bsp/bsp.a(adt_kpdb.o)
 .text.adt_idelay_isr
                0x0000d0c0       0x38 C:/Freescale/Freescale_MQX_4_1_FRDMK64F/lib/frdmk64f.cw10gcc/release/bsp/bsp.a(adt_kpdb.o)
 .text._adt_hw_ioctl
                0x0000d0f8      0x164 C:/Freescale/Freescale_MQX_4_1_FRDMK64F/lib/frdmk64f.cw10gcc/release/bsp/bsp.a(adt_kpdb.o)
                0x0000d0f8                _adt_hw_ioctl
 .text._adt_hw_install
                0x0000d25c        0x4 C:/Freescale/Freescale_MQX_4_1_FRDMK64F/lib/frdmk64f.cw10gcc/release/bsp/bsp.a(adt_kpdb.o)
                0x0000d25c                _adt_hw_install
 .text._adt_hw_init
                0x0000d260       0xd8 C:/Freescale/Freescale_MQX_4_1_FRDMK64F/lib/frdmk64f.cw10gcc/release/bsp/bsp.a(adt_kpdb.o)
                0x0000d260                _adt_hw_init
 .text._adt_hw_deinit
                0x0000d338       0x10 C:/Freescale/Freescale_MQX_4_1_FRDMK64F/lib/frdmk64f.cw10gcc/release/bsp/bsp.a(adt_kpdb.o)
                0x0000d338                _adt_hw_deinit
 .text._adt_hw_channel_init
                0x0000d348       0xfc C:/Freescale/Freescale_MQX_4_1_FRDMK64F/lib/frdmk64f.cw10gcc/release/bsp/bsp.a(adt_kpdb.o)
                0x0000d348                _adt_hw_channel_init
 .text._adt_hw_channel_deinit
                0x0000d444       0xa4 C:/Freescale/Freescale_MQX_4_1_FRDMK64F/lib/frdmk64f.cw10gcc/release/bsp/bsp.a(adt_kpdb.o)
                0x0000d444                _adt_hw_channel_deinit
 .text._adt_trigger
                0x0000d4e8       0xc8 C:/Freescale/Freescale_MQX_4_1_FRDMK64F/lib/frdmk64f.cw10gcc/release/bsp/bsp.a(adt_kpdb.o)
                0x0000d4e8                _adt_trigger
 .text._adt_pause
                0x0000d5b0       0x94 C:/Freescale/Freescale_MQX_4_1_FRDMK64F/lib/frdmk64f.cw10gcc/release/bsp/bsp.a(adt_kpdb.o)
                0x0000d5b0                _adt_pause
 .text._adt_resume
                0x0000d644       0xb8 C:/Freescale/Freescale_MQX_4_1_FRDMK64F/lib/frdmk64f.cw10gcc/release/bsp/bsp.a(adt_kpdb.o)
                0x0000d644                _adt_resume
 .text._adt_stop
                0x0000d6fc       0x90 C:/Freescale/Freescale_MQX_4_1_FRDMK64F/lib/frdmk64f.cw10gcc/release/bsp/bsp.a(adt_kpdb.o)
                0x0000d6fc                _adt_stop
 .text._adt_process_data
                0x0000d78c       0x88 C:/Freescale/Freescale_MQX_4_1_FRDMK64F/lib/frdmk64f.cw10gcc/release/bsp/bsp.a(adt_kpdb.o)
                0x0000d78c                _adt_process_data
 .text.adc_process_data
                0x0000d814       0x9c C:/Freescale/Freescale_MQX_4_1_FRDMK64F/lib/frdmk64f.cw10gcc/release/bsp/bsp.a(adc_kadc.o)
 .text.adc_complete_isr
                0x0000d8b0       0x1e C:/Freescale/Freescale_MQX_4_1_FRDMK64F/lib/frdmk64f.cw10gcc/release/bsp/bsp.a(adc_kadc.o)
 *fill*         0x0000d8ce        0x2 00
 .text._adc_hw_ioctl
                0x0000d8d0      0x410 C:/Freescale/Freescale_MQX_4_1_FRDMK64F/lib/frdmk64f.cw10gcc/release/bsp/bsp.a(adc_kadc.o)
                0x0000d8d0                _adc_hw_ioctl
 .text._adc_hw_install
                0x0000dce0        0x6 C:/Freescale/Freescale_MQX_4_1_FRDMK64F/lib/frdmk64f.cw10gcc/release/bsp/bsp.a(adc_kadc.o)
                0x0000dce0                _adc_hw_install
 *fill*         0x0000dce6        0x2 00
 .text._adc_hw_init
                0x0000dce8      0x1b0 C:/Freescale/Freescale_MQX_4_1_FRDMK64F/lib/frdmk64f.cw10gcc/release/bsp/bsp.a(adc_kadc.o)
                0x0000dce8                _adc_hw_init
 .text._adc_hw_deinit
                0x0000de98       0x18 C:/Freescale/Freescale_MQX_4_1_FRDMK64F/lib/frdmk64f.cw10gcc/release/bsp/bsp.a(adc_kadc.o)
                0x0000de98                _adc_hw_deinit
 .text._adc_hw_channel_init
                0x0000deb0       0xdc C:/Freescale/Freescale_MQX_4_1_FRDMK64F/lib/frdmk64f.cw10gcc/release/bsp/bsp.a(adc_kadc.o)
                0x0000deb0                _adc_hw_channel_init
 .text._adc_hw_channel_deinit
                0x0000df8c       0x50 C:/Freescale/Freescale_MQX_4_1_FRDMK64F/lib/frdmk64f.cw10gcc/release/bsp/bsp.a(adc_kadc.o)
                0x0000df8c                _adc_hw_channel_deinit
 .text.adc_process_all_data
                0x0000dfdc       0x40 C:/Freescale/Freescale_MQX_4_1_FRDMK64F/lib/frdmk64f.cw10gcc/release/bsp/bsp.a(adc_kadc.o)
                0x0000dfdc                adc_process_all_data
 .text.dma_tcd_mem2reg
                0x0000e01c       0x94 C:/Freescale/Freescale_MQX_4_1_FRDMK64F/lib/frdmk64f.cw10gcc/release/bsp/bsp.a(dma.o)
                0x0000e01c                dma_tcd_mem2reg
 .text.dma_tcd_reg2mem
                0x0000e0b0       0x94 C:/Freescale/Freescale_MQX_4_1_FRDMK64F/lib/frdmk64f.cw10gcc/release/bsp/bsp.a(dma.o)
                0x0000e0b0                dma_tcd_reg2mem
 .text.dma_deinit
                0x0000e144       0x44 C:/Freescale/Freescale_MQX_4_1_FRDMK64F/lib/frdmk64f.cw10gcc/release/bsp/bsp.a(dma.o)
                0x0000e144                dma_deinit
 .text.dma_init
                0x0000e188       0x4c C:/Freescale/Freescale_MQX_4_1_FRDMK64F/lib/frdmk64f.cw10gcc/release/bsp/bsp.a(dma.o)
                0x0000e188                dma_init
 .text.dma_channel_claim
                0x0000e1d4       0x50 C:/Freescale/Freescale_MQX_4_1_FRDMK64F/lib/frdmk64f.cw10gcc/release/bsp/bsp.a(dma.o)
                0x0000e1d4                dma_channel_claim
 .text.dma_channel_release
                0x0000e224       0x18 C:/Freescale/Freescale_MQX_4_1_FRDMK64F/lib/frdmk64f.cw10gcc/release/bsp/bsp.a(dma.o)
                0x0000e224                dma_channel_release
 .text.dma_channel_setup
                0x0000e23c       0x18 C:/Freescale/Freescale_MQX_4_1_FRDMK64F/lib/frdmk64f.cw10gcc/release/bsp/bsp.a(dma.o)
                0x0000e23c                dma_channel_setup
 .text.dma_transfer_submit
                0x0000e254       0x18 C:/Freescale/Freescale_MQX_4_1_FRDMK64F/lib/frdmk64f.cw10gcc/release/bsp/bsp.a(dma.o)
                0x0000e254                dma_transfer_submit
 .text.dma_request_source
                0x0000e26c       0x18 C:/Freescale/Freescale_MQX_4_1_FRDMK64F/lib/frdmk64f.cw10gcc/release/bsp/bsp.a(dma.o)
                0x0000e26c                dma_request_source
 .text.dma_request_enable
                0x0000e284       0x18 C:/Freescale/Freescale_MQX_4_1_FRDMK64F/lib/frdmk64f.cw10gcc/release/bsp/bsp.a(dma.o)
                0x0000e284                dma_request_enable
 .text.dma_request_disable
                0x0000e29c       0x18 C:/Freescale/Freescale_MQX_4_1_FRDMK64F/lib/frdmk64f.cw10gcc/release/bsp/bsp.a(dma.o)
                0x0000e29c                dma_request_disable
 .text.dma_callback_reg
                0x0000e2b4       0x12 C:/Freescale/Freescale_MQX_4_1_FRDMK64F/lib/frdmk64f.cw10gcc/release/bsp/bsp.a(dma.o)
                0x0000e2b4                dma_callback_reg
 .text._esdhc_get_baudrate
                0x0000e2c6       0x20 C:/Freescale/Freescale_MQX_4_1_FRDMK64F/lib/frdmk64f.cw10gcc/release/bsp/bsp.a(esdhc.o)
 *fill*         0x0000e2e6        0x2 00
 .text._esdhc_send_command
                0x0000e2e8      0x240 C:/Freescale/Freescale_MQX_4_1_FRDMK64F/lib/frdmk64f.cw10gcc/release/bsp/bsp.a(esdhc.o)
 .text._esdhc_write
                0x0000e528       0xbc C:/Freescale/Freescale_MQX_4_1_FRDMK64F/lib/frdmk64f.cw10gcc/release/bsp/bsp.a(esdhc.o)
                0x0000e528                _esdhc_write
 .text._esdhc_read
                0x0000e5e4       0xda C:/Freescale/Freescale_MQX_4_1_FRDMK64F/lib/frdmk64f.cw10gcc/release/bsp/bsp.a(esdhc.o)
                0x0000e5e4                _esdhc_read
 .text._esdhc_set_baudrate_low
                0x0000e6be       0x8a C:/Freescale/Freescale_MQX_4_1_FRDMK64F/lib/frdmk64f.cw10gcc/release/bsp/bsp.a(esdhc.o)
 .text._esdhc_init
                0x0000e748       0xa4 C:/Freescale/Freescale_MQX_4_1_FRDMK64F/lib/frdmk64f.cw10gcc/release/bsp/bsp.a(esdhc.o)
 .text._esdhc_set_baudrate
                0x0000e7ec       0x36 C:/Freescale/Freescale_MQX_4_1_FRDMK64F/lib/frdmk64f.cw10gcc/release/bsp/bsp.a(esdhc.o)
 *fill*         0x0000e822        0x2 00
 .text._esdhc_ioctl
                0x0000e824      0x4e0 C:/Freescale/Freescale_MQX_4_1_FRDMK64F/lib/frdmk64f.cw10gcc/release/bsp/bsp.a(esdhc.o)
                0x0000e824                _esdhc_ioctl
 .text._esdhc_close
                0x0000ed04       0x2c C:/Freescale/Freescale_MQX_4_1_FRDMK64F/lib/frdmk64f.cw10gcc/release/bsp/bsp.a(esdhc.o)
                0x0000ed04                _esdhc_close
 .text._esdhc_open
                0x0000ed30       0x3a C:/Freescale/Freescale_MQX_4_1_FRDMK64F/lib/frdmk64f.cw10gcc/release/bsp/bsp.a(esdhc.o)
                0x0000ed30                _esdhc_open
 .text._esdhc_uninstall
                0x0000ed6a       0x4a C:/Freescale/Freescale_MQX_4_1_FRDMK64F/lib/frdmk64f.cw10gcc/release/bsp/bsp.a(esdhc.o)
                0x0000ed6a                _esdhc_uninstall
 .text._esdhc_isr
                0x0000edb4      0x106 C:/Freescale/Freescale_MQX_4_1_FRDMK64F/lib/frdmk64f.cw10gcc/release/bsp/bsp.a(esdhc.o)
 *fill*         0x0000eeba        0x2 00
 .text._esdhc_install
                0x0000eebc       0xe8 C:/Freescale/Freescale_MQX_4_1_FRDMK64F/lib/frdmk64f.cw10gcc/release/bsp/bsp.a(esdhc.o)
                0x0000eebc                _esdhc_install
 .text.hwtimer_systick_set_div
                0x0000efa4       0x20 C:/Freescale/Freescale_MQX_4_1_FRDMK64F/lib/frdmk64f.cw10gcc/release/bsp/bsp.a(hwtimer_systick.o)
 .text.hwtimer_systick_start
                0x0000efc4        0xc C:/Freescale/Freescale_MQX_4_1_FRDMK64F/lib/frdmk64f.cw10gcc/release/bsp/bsp.a(hwtimer_systick.o)
 .text.hwtimer_systick_stop
                0x0000efd0        0xa C:/Freescale/Freescale_MQX_4_1_FRDMK64F/lib/frdmk64f.cw10gcc/release/bsp/bsp.a(hwtimer_systick.o)
 .text.hwtimer_systick_get_time
                0x0000efda       0x3e C:/Freescale/Freescale_MQX_4_1_FRDMK64F/lib/frdmk64f.cw10gcc/release/bsp/bsp.a(hwtimer_systick.o)
 .text.hwtimer_systick_deinit
                0x0000f018       0x20 C:/Freescale/Freescale_MQX_4_1_FRDMK64F/lib/frdmk64f.cw10gcc/release/bsp/bsp.a(hwtimer_systick.o)
 .text.hwtimer_systick_isr
                0x0000f038       0x30 C:/Freescale/Freescale_MQX_4_1_FRDMK64F/lib/frdmk64f.cw10gcc/release/bsp/bsp.a(hwtimer_systick.o)
 .text.hwtimer_systick_init
                0x0000f068       0x58 C:/Freescale/Freescale_MQX_4_1_FRDMK64F/lib/frdmk64f.cw10gcc/release/bsp/bsp.a(hwtimer_systick.o)
 .text.systick_get_vector
                0x0000f0c0        0x4 C:/Freescale/Freescale_MQX_4_1_FRDMK64F/lib/frdmk64f.cw10gcc/release/bsp/bsp.a(hwtimer_kinetis.o)
                0x0000f0c0                systick_get_vector
 .text.hwtimer_init
                0x0000f0c4       0x38 C:/Freescale/Freescale_MQX_4_1_FRDMK64F/lib/frdmk64f.cw10gcc/release/bsp/bsp.a(hwtimer.o)
                0x0000f0c4                hwtimer_init
 .text.hwtimer_deinit
                0x0000f0fc       0x40 C:/Freescale/Freescale_MQX_4_1_FRDMK64F/lib/frdmk64f.cw10gcc/release/bsp/bsp.a(hwtimer.o)
                0x0000f0fc                hwtimer_deinit
 .text.hwtimer_set_freq
                0x0000f13c       0x3c C:/Freescale/Freescale_MQX_4_1_FRDMK64F/lib/frdmk64f.cw10gcc/release/bsp/bsp.a(hwtimer.o)
                0x0000f13c                hwtimer_set_freq
 .text.hwtimer_start
                0x0000f178       0x18 C:/Freescale/Freescale_MQX_4_1_FRDMK64F/lib/frdmk64f.cw10gcc/release/bsp/bsp.a(hwtimer.o)
                0x0000f178                hwtimer_start
 .text.hwtimer_get_modulo
                0x0000f190        0x6 C:/Freescale/Freescale_MQX_4_1_FRDMK64F/lib/frdmk64f.cw10gcc/release/bsp/bsp.a(hwtimer.o)
                0x0000f190                hwtimer_get_modulo
 .text.hwtimer_get_time
                0x0000f196       0x1a C:/Freescale/Freescale_MQX_4_1_FRDMK64F/lib/frdmk64f.cw10gcc/release/bsp/bsp.a(hwtimer.o)
                0x0000f196                hwtimer_get_time
 .text.hwtimer_callback_reg
                0x0000f1b0       0x14 C:/Freescale/Freescale_MQX_4_1_FRDMK64F/lib/frdmk64f.cw10gcc/release/bsp/bsp.a(hwtimer.o)
                0x0000f1b0                hwtimer_callback_reg
 .text._ki2c_polled_rx_tx
                0x0000f1c4      0x29e C:/Freescale/Freescale_MQX_4_1_FRDMK64F/lib/frdmk64f.cw10gcc/release/bsp/bsp.a(i2c_pol_ki2c.o)
 .text._ki2c_polled_tx
                0x0000f462       0x80 C:/Freescale/Freescale_MQX_4_1_FRDMK64F/lib/frdmk64f.cw10gcc/release/bsp/bsp.a(i2c_pol_ki2c.o)
                0x0000f462                _ki2c_polled_tx
 .text._ki2c_polled_rx
                0x0000f4e2       0x84 C:/Freescale/Freescale_MQX_4_1_FRDMK64F/lib/frdmk64f.cw10gcc/release/bsp/bsp.a(i2c_pol_ki2c.o)
                0x0000f4e2                _ki2c_polled_rx
 *fill*         0x0000f566        0x2 00
 .text._ki2c_polled_deinit
                0x0000f568       0x38 C:/Freescale/Freescale_MQX_4_1_FRDMK64F/lib/frdmk64f.cw10gcc/release/bsp/bsp.a(i2c_pol_ki2c.o)
                0x0000f568                _ki2c_polled_deinit
 .text._ki2c_set_baudrate.constprop.1
                0x0000f5a0       0x58 C:/Freescale/Freescale_MQX_4_1_FRDMK64F/lib/frdmk64f.cw10gcc/release/bsp/bsp.a(i2c_pol_ki2c.o)
 .text._ki2c_polled_init
                0x0000f5f8       0xb0 C:/Freescale/Freescale_MQX_4_1_FRDMK64F/lib/frdmk64f.cw10gcc/release/bsp/bsp.a(i2c_pol_ki2c.o)
                0x0000f5f8                _ki2c_polled_init
 .text._ki2c_polled_ioctl
                0x0000f6a8      0x2b0 C:/Freescale/Freescale_MQX_4_1_FRDMK64F/lib/frdmk64f.cw10gcc/release/bsp/bsp.a(i2c_pol_ki2c.o)
                0x0000f6a8                _ki2c_polled_ioctl
 .text._ki2c_polled_install
                0x0000f958       0x30 C:/Freescale/Freescale_MQX_4_1_FRDMK64F/lib/frdmk64f.cw10gcc/release/bsp/bsp.a(i2c_pol_ki2c.o)
                0x0000f958                _ki2c_polled_install
 .text._bsp_get_i2c_base_address
                0x0000f988       0x14 C:/Freescale/Freescale_MQX_4_1_FRDMK64F/lib/frdmk64f.cw10gcc/release/bsp/bsp.a(i2c_mk64.o)
                0x0000f988                _bsp_get_i2c_base_address
 .text._bsp_get_i2c_vector
                0x0000f99c       0x14 C:/Freescale/Freescale_MQX_4_1_FRDMK64F/lib/frdmk64f.cw10gcc/release/bsp/bsp.a(i2c_mk64.o)
                0x0000f99c                _bsp_get_i2c_vector
 .text._ki2c_isr
                0x0000f9b0      0x316 C:/Freescale/Freescale_MQX_4_1_FRDMK64F/lib/frdmk64f.cw10gcc/release/bsp/bsp.a(i2c_int_ki2c.o)
 .text._ki2c_int_tx
                0x0000fcc6       0xe0 C:/Freescale/Freescale_MQX_4_1_FRDMK64F/lib/frdmk64f.cw10gcc/release/bsp/bsp.a(i2c_int_ki2c.o)