Archive member included because of file (symbol)

C:/Freescale/Freescale_MQX_4_1_FRDMK64F/lib/frdmk64f.cw10gcc/debug/bsp/bsp.a(vectors.o)
                              (_cfm)
C:/Freescale/Freescale_MQX_4_1_FRDMK64F/lib/frdmk64f.cw10gcc/debug/bsp/bsp.a(init_sdcard.o)
                              ./Source/demo.o (_bsp_sdcard0_init)
C:/Freescale/Freescale_MQX_4_1_FRDMK64F/lib/frdmk64f.cw10gcc/debug/bsp/bsp.a(lwgpio_kgpio.o)
                              ./Source/demo.o (lwgpio_init)
C:/Freescale/Freescale_MQX_4_1_FRDMK64F/lib/frdmk64f.cw10gcc/debug/bsp/bsp.a(sdcard.o)
                              ./Source/demo.o (_io_sdcard_install)
C:/Freescale/Freescale_MQX_4_1_FRDMK64F/lib/frdmk64f.cw10gcc/debug/bsp/bsp.a(sdcard_esdhc.o)
                              C:/Freescale/Freescale_MQX_4_1_FRDMK64F/lib/frdmk64f.cw10gcc/debug/bsp/bsp.a(init_sdcard.o) (_io_sdcard_esdhc_init)
C:/Freescale/Freescale_MQX_4_1_FRDMK64F/lib/frdmk64f.cw10gcc/debug/psp/psp.a(comp.o)
                              (__init_hardware)
C:/Freescale/Freescale_MQX_4_1_FRDMK64F/lib/frdmk64f.cw10gcc/debug/psp/psp.a(dispatch.o)
                              ./Source/demo.o (_task_block)
C:/Freescale/Freescale_MQX_4_1_FRDMK64F/lib/frdmk64f.cw10gcc/debug/psp/psp.a(boot.o)
                              (__boot)
C:/Freescale/Freescale_MQX_4_1_FRDMK64F/lib/frdmk64f.cw10gcc/debug/psp/psp.a(io_write.o)
                              ./Source/demo.o (_io_write)
C:/Freescale/Freescale_MQX_4_1_FRDMK64F/lib/frdmk64f.cw10gcc/debug/psp/psp.a(io_spr.o)
                              ./Source/demo.o (_io_sprintf)
C:/Freescale/Freescale_MQX_4_1_FRDMK64F/lib/frdmk64f.cw10gcc/debug/psp/psp.a(io_read.o)
                              ./Source/demo.o (_io_read)
C:/Freescale/Freescale_MQX_4_1_FRDMK64F/lib/frdmk64f.cw10gcc/debug/psp/psp.a(io_pntf.o)
                              ./Source/demo.o (_io_printf)
C:/Freescale/Freescale_MQX_4_1_FRDMK64F/lib/frdmk64f.cw10gcc/debug/psp/psp.a(io_ioctl.o)
                              ./Source/demo.o (_io_ioctl)
C:/Freescale/Freescale_MQX_4_1_FRDMK64F/lib/frdmk64f.cw10gcc/debug/psp/psp.a(io_ftell.o)
                              ./Source/demo.o (_io_ftell)
C:/Freescale/Freescale_MQX_4_1_FRDMK64F/lib/frdmk64f.cw10gcc/debug/psp/psp.a(io_fputc.o)
                              C:/Freescale/Freescale_MQX_4_1_FRDMK64F/lib/frdmk64f.cw10gcc/debug/psp/psp.a(io_pntf.o) (_io_fputc)
C:/Freescale/Freescale_MQX_4_1_FRDMK64F/lib/frdmk64f.cw10gcc/debug/psp/psp.a(io_fopen.o)
                              ./Source/demo.o (_io_fopen)
C:/Freescale/Freescale_MQX_4_1_FRDMK64F/lib/frdmk64f.cw10gcc/debug/psp/psp.a(io_fflsh.o)
                              ./Source/demo.o (_io_fflush)
C:/Freescale/Freescale_MQX_4_1_FRDMK64F/lib/frdmk64f.cw10gcc/debug/psp/psp.a(io_ferr.o)
                              ./Source/demo.o (_io_ferror)
C:/Freescale/Freescale_MQX_4_1_FRDMK64F/lib/frdmk64f.cw10gcc/debug/psp/psp.a(io_fclos.o)
                              ./Source/demo.o (_io_fclose)
C:/Freescale/Freescale_MQX_4_1_FRDMK64F/lib/frdmk64f.cw10gcc/debug/psp/psp.a(io_dopr.o)
                              C:/Freescale/Freescale_MQX_4_1_FRDMK64F/lib/frdmk64f.cw10gcc/debug/psp/psp.a(io_spr.o) (_io_doprint)
C:/Freescale/Freescale_MQX_4_1_FRDMK64F/lib/frdmk64f.cw10gcc/debug/psp/psp.a(io_uinst.o)
                              ./Source/demo.o (_io_dev_uninstall)
C:/Freescale/Freescale_MQX_4_1_FRDMK64F/lib/frdmk64f.cw10gcc/debug/psp/psp.a(io_instx.o)
                              C:/Freescale/Freescale_MQX_4_1_FRDMK64F/lib/frdmk64f.cw10gcc/debug/bsp/bsp.a(sdcard.o) (_io_dev_install_ext)
C:/Freescale/Freescale_MQX_4_1_FRDMK64F/lib/frdmk64f.cw10gcc/debug/psp/psp.a(io_ghand.o)
                              C:/Freescale/Freescale_MQX_4_1_FRDMK64F/lib/frdmk64f.cw10gcc/debug/psp/psp.a(io_pntf.o) (_io_get_handle)
C:/Freescale/Freescale_MQX_4_1_FRDMK64F/lib/frdmk64f.cw10gcc/debug/psp/psp.a(time.o)
                              ./Source/demo.o (_time_delay)
C:/Freescale/Freescale_MQX_4_1_FRDMK64F/lib/frdmk64f.cw10gcc/debug/psp/psp.a(task.o)
                              C:/Freescale/Freescale_MQX_4_1_FRDMK64F/lib/frdmk64f.cw10gcc/debug/psp/psp.a(time.o) (_task_get_td)
C:/Freescale/Freescale_MQX_4_1_FRDMK64F/lib/frdmk64f.cw10gcc/debug/psp/psp.a(sched.o)
                              C:/Freescale/Freescale_MQX_4_1_FRDMK64F/lib/frdmk64f.cw10gcc/debug/psp/psp.a(time.o) (_sched_yield)
C:/Freescale/Freescale_MQX_4_1_FRDMK64F/lib/frdmk64f.cw10gcc/debug/psp/psp.a(queue.o)
                              C:/Freescale/Freescale_MQX_4_1_FRDMK64F/lib/frdmk64f.cw10gcc/debug/psp/psp.a(io_instx.o) (_queue_enqueue)
C:/Freescale/Freescale_MQX_4_1_FRDMK64F/lib/frdmk64f.cw10gcc/debug/psp/psp.a(mqx.o)
                              C:/Freescale/Freescale_MQX_4_1_FRDMK64F/lib/frdmk64f.cw10gcc/debug/psp/psp.a(time.o) (_mqx_zero_tick_struct)
C:/Freescale/Freescale_MQX_4_1_FRDMK64F/lib/frdmk64f.cw10gcc/debug/psp/psp.a(lwsem.o)
[...]
Memory Configuration

Name             Origin             Length             Attributes
vectorrom        0x00000000         0x00000400         xr
cfmprotrom       0x00000400         0x00000020         r
rom              0x00000420         0x0007fbe0         xr
ram              0x1fff0000         0x00040000         rw
end_of_kd        0x2000fff0         0x00000000         rw
bstack           0x2000fa00         0x00000200         rw
end_bstack       0x2000fc00         0x00000000         rw
*default*        0x00000000         0xffffffff

Linker script and memory map

LOAD ./Application/Swc_Gps/Gps.o
LOAD ./Application/Swc_Led/Led.o
LOAD ./Application/Swc_Motor/Motor.o
LOAD ./Application/Swc_Sd/Sd.o
LOAD ./Application/Swc_Temp/Temp.o
LOAD ./Complex_Drivers/Sci/Sci.o
LOAD ./Complex_Drivers/Sdio/Sdio.o
LOAD ./Source/demo.o
LOAD ./ecu/Com_HW_abs/Com_Interface/Com_Interface.o
LOAD ./ecu/IO_HW_abs/IO_Interface/IO_Interface.o
LOAD ./mcal/COM_Drivers/Spi/SpiB.o
LOAD ./mcal/IO_drivers/Adc/AdcTemp.o
LOAD ./mcal/IO_drivers/Dio/Dio.o
LOAD ./mcal/IO_drivers/Pwm/Pwm.o
LOAD ./services/Com_Manager/Com_manager.o
LOAD ./services/OS/Os.o
START GROUP
LOAD C:/Freescale/Freescale_MQX_4_1_FRDMK64F/lib/frdmk64f.cw10gcc/debug/bsp/bsp.a
LOAD C:/Freescale/Freescale_MQX_4_1_FRDMK64F/lib/frdmk64f.cw10gcc/debug/psp/psp.a
LOAD C:/Freescale/Freescale_MQX_4_1_FRDMK64F/lib/frdmk64f.cw10gcc/debug/mfs/mfs.a
LOAD C:/Freescale/Freescale_MQX_4_1_FRDMK64F/lib/frdmk64f.cw10gcc/debug/shell/shell.a
LOAD C:/Freescale/CW MCU v10.6/MCU/ARM_GCC_Support/ewl/lib/armv7e-m/__arm_start.o
LOAD C:/Freescale/CW MCU v10.6/MCU/ARM_GCC_Support/ewl/lib/armv7e-m/__arm_end.o
LOAD C:/Freescale/CW MCU v10.6/MCU/ARM_GCC_Support/ewl/lib/armv7e-m\librt.a
LOAD C:/Freescale/CW MCU v10.6/MCU/ARM_GCC_Support/ewl/lib/armv7e-m\libc.a
LOAD C:/Freescale/CW MCU v10.6/MCU/ARM_GCC_Support/ewl/lib/armv7e-m\libm.a
LOAD C:/Freescale/CW MCU v10.6/MCU/ARM_GCC_Support/ewl/lib/armv7e-m\libc++.a
LOAD C:/Freescale/CW MCU v10.6/MCU/ARM_GCC_Support/ewl/lib/armv7e-m\libstdc++.a
LOAD C:/Freescale/CW MCU v10.6/Cross_Tools/arm-none-eabi-gcc-4_7_3/lib/gcc/arm-none-eabi/4.7.3/armv7e-m\libgcc.a
LOAD C:/Freescale/CW MCU v10.6/Cross_Tools/arm-none-eabi-gcc-4_7_3/arm-none-eabi/lib/armv7e-m\libsupc++.a
END GROUP
                0x1fff0000                __INTERNAL_SRAM_BASE = 0x1fff0000
                0x00040000                __INTERNAL_SRAM_SIZE = 0x40000
                0x2000fff0                __SRAM_POOL = 0x2000fff0
                0x00000000                __INTERNAL_FLASH_BASE = 0x0
                0x00100000                __INTERNAL_FLASH_SIZE = 0x100000
                0x00000000                __INTERNAL_FLEXNVM_BASE = 0x0
                0x00000000                __INTERNAL_FLEXNVM_SIZE = 0x0
                0x60000000                __EXTERNAL_LCD_BASE = 0x60000000
                0x0001ffff                __EXTERNAL_LCD_SIZE = 0x1ffff
                0x60010000                __EXTERNAL_LCD_DC_BASE = 0x60010000
                0x00000001                __DEFAULT_PROCESSOR_NUMBER = 0x1
                0x00000400                __DEFAULT_INTERRUPT_STACK_SIZE = 0x400
                0x00000000                __KERNEL_DATA_VERIFY_ENABLE = 0x0
                0x00001000                __FLASHX_SECT_SIZE = 0x1000

.vectors        0x00000000      0x400
                0x00000000                __vector_table = .
                0x00000000                __VECTOR_TABLE_ROM_START = __vector_table
 *(.vectors_rom)
 .vectors_rom   0x00000000      0x400 C:/Freescale/Freescale_MQX_4_1_FRDMK64F/lib/frdmk64f.cw10gcc/debug/bsp/bsp.a(vectors.o)
                0x00000400                . = ALIGN (0x4)

.cfmprotect     0x00000400       0x10
 *(.cfmconfig)
 .cfmconfig     0x00000400       0x10 C:/Freescale/Freescale_MQX_4_1_FRDMK64F/lib/frdmk64f.cw10gcc/debug/bsp/bsp.a(vectors.o)
                0x00000400                _cfm
                0x00000410                . = ALIGN (0x4)

.text           0x00000420    0x27d78
 *(KERNEL)
 KERNEL         0x00000420      0x2f8 C:/Freescale/Freescale_MQX_4_1_FRDMK64F/lib/frdmk64f.cw10gcc/debug/psp/psp.a(dispatch.o)
                0x00000420                _sched_start_internal
                0x00000424                _sched_run_internal
                0x0000042a                _sched_check_scheduler_internal
                0x00000448                _sched_execute_scheduler_internal
                0x0000044c                _mqx_api_call
                0x00000450                _task_block
                0x00000454                _svc_handler
                0x000004d6                _pend_svc
                0x0000059c                _int_kernel_isr
                0x00000640                _psp_exception_return
                0x00000678                _psp_save_fp_context_internal
                0x000006ac                _mem_test_and_set
                0x000006ca                __get_PSP
                0x000006d0                __get_MSP
                0x000006d6                __set_MSP
                0x000006dc                __get_PSR
                0x000006e2                __enable_interrupt
                0x000006e6                __disable_interrupt
                0x000006ea                __get_LR
                0x000006ee                __get_PC
                0x000006f2                __get_CONTROL
 *(S_BOOT)
 *(IPSUM)
 *(.text*)
 .text.Gps_u8ComputeChecksum
                0x00000718       0x48 ./Application/Swc_Gps/Gps.o
                0x00000718                Gps_u8ComputeChecksum
 .text.LEDS_vSetColor
                0x00000760       0xc8 ./Source/demo.o
                0x00000760                LEDS_vSetColor
 .text.gps_task
                0x00000828      0x280 ./Source/demo.o
                0x00000828                gps_task
 .text.motor_task
                0x00000aa8       0x2c ./Source/demo.o
                0x00000aa8                motor_task
 .text.led_task
                0x00000ad4      0x1cc ./Source/demo.o
                0x00000ad4                led_task
 .text.sdcard_task
                0x00000ca0      0x7e0 ./Source/demo.o
                0x00000ca0                sdcard_task
 .text.lwgpio_init
                0x00001480       0x94 C:/Freescale/Freescale_MQX_4_1_FRDMK64F/lib/frdmk64f.cw10gcc/debug/bsp/bsp.a(lwgpio_kgpio.o)
                0x00001480                lwgpio_init
 .text.lwgpio_set_attribute
                0x00001514      0x1d8 C:/Freescale/Freescale_MQX_4_1_FRDMK64F/lib/frdmk64f.cw10gcc/debug/bsp/bsp.a(lwgpio_kgpio.o)
                0x00001514                lwgpio_set_attribute
 .text.lwgpio_set_functionality
                0x000016ec       0x3c C:/Freescale/Freescale_MQX_4_1_FRDMK64F/lib/frdmk64f.cw10gcc/debug/bsp/bsp.a(lwgpio_kgpio.o)
                0x000016ec                lwgpio_set_functionality
 .text.lwgpio_set_direction
                0x00001728       0x64 C:/Freescale/Freescale_MQX_4_1_FRDMK64F/lib/frdmk64f.cw10gcc/debug/bsp/bsp.a(lwgpio_kgpio.o)
                0x00001728                lwgpio_set_direction
 .text.lwgpio_set_value
                0x0000178c       0x38 C:/Freescale/Freescale_MQX_4_1_FRDMK64F/lib/frdmk64f.cw10gcc/debug/bsp/bsp.a(lwgpio_kgpio.o)
                0x0000178c                lwgpio_set_value
 .text.lwgpio_get_value
                0x000017c4       0x54 C:/Freescale/Freescale_MQX_4_1_FRDMK64F/lib/frdmk64f.cw10gcc/debug/bsp/bsp.a(lwgpio_kgpio.o)
                0x000017c4                lwgpio_get_value
 .text._io_sdcard_install
                0x00001818       0xa8 C:/Freescale/Freescale_MQX_4_1_FRDMK64F/lib/frdmk64f.cw10gcc/debug/bsp/bsp.a(sdcard.o)
                0x00001818                _io_sdcard_install
 .text._io_sdcard_uninstall
                0x000018c0       0x30 C:/Freescale/Freescale_MQX_4_1_FRDMK64F/lib/frdmk64f.cw10gcc/debug/bsp/bsp.a(sdcard.o)
 .text._io_sdcard_open
                0x000018f0       0x68 C:/Freescale/Freescale_MQX_4_1_FRDMK64F/lib/frdmk64f.cw10gcc/debug/bsp/bsp.a(sdcard.o)
                0x000018f0                _io_sdcard_open
 .text._io_sdcard_close
                0x00001958       0x18 C:/Freescale/Freescale_MQX_4_1_FRDMK64F/lib/frdmk64f.cw10gcc/debug/bsp/bsp.a(sdcard.o)
                0x00001958                _io_sdcard_close
 .text._io_sdcard_ioctl
                0x00001970       0xfc C:/Freescale/Freescale_MQX_4_1_FRDMK64F/lib/frdmk64f.cw10gcc/debug/bsp/bsp.a(sdcard.o)
                0x00001970                _io_sdcard_ioctl
 .text._io_sdcard_read_blocks
                0x00001a6c       0xbc C:/Freescale/Freescale_MQX_4_1_FRDMK64F/lib/frdmk64f.cw10gcc/debug/bsp/bsp.a(sdcard.o)
                0x00001a6c                _io_sdcard_read_blocks
 .text._io_sdcard_write_blocks
                0x00001b28       0xc8 C:/Freescale/Freescale_MQX_4_1_FRDMK64F/lib/frdmk64f.cw10gcc/debug/bsp/bsp.a(sdcard.o)
                0x00001b28                _io_sdcard_write_blocks
 .text._io_sdcard_csd_capacity
                0x00001bf0       0xe8 C:/Freescale/Freescale_MQX_4_1_FRDMK64F/lib/frdmk64f.cw10gcc/debug/bsp/bsp.a(sdcard.o)
                0x00001bf0                _io_sdcard_csd_capacity
 .text._io_sdcard_csd_baudrate
                0x00001cd8       0x64 C:/Freescale/Freescale_MQX_4_1_FRDMK64F/lib/frdmk64f.cw10gcc/debug/bsp/bsp.a(sdcard.o)
                0x00001cd8                _io_sdcard_csd_baudrate
 .text._io_sdcard_esdhc_r2_format
                0x00001d3c       0x90 C:/Freescale/Freescale_MQX_4_1_FRDMK64F/lib/frdmk64f.cw10gcc/debug/bsp/bsp.a(sdcard_esdhc.o)
 .text._set_sd_high_speed_mode
                0x00001dcc      0x148 C:/Freescale/Freescale_MQX_4_1_FRDMK64F/lib/frdmk64f.cw10gcc/debug/bsp/bsp.a(sdcard_esdhc.o)
 .text._io_sdcard_esdhc_init
                0x00001f14      0x3ac C:/Freescale/Freescale_MQX_4_1_FRDMK64F/lib/frdmk64f.cw10gcc/debug/bsp/bsp.a(sdcard_esdhc.o)
                0x00001f14                _io_sdcard_esdhc_init
 .text._io_sdcard_esdhc_read_block
                0x000022c0       0xdc C:/Freescale/Freescale_MQX_4_1_FRDMK64F/lib/frdmk64f.cw10gcc/debug/bsp/bsp.a(sdcard_esdhc.o)
                0x000022c0                _io_sdcard_esdhc_read_block
 .text._io_sdcard_esdhc_write_block
                0x0000239c      0x230 C:/Freescale/Freescale_MQX_4_1_FRDMK64F/lib/frdmk64f.cw10gcc/debug/bsp/bsp.a(sdcard_esdhc.o)
                0x0000239c                _io_sdcard_esdhc_write_block
 .text.__init_hardware
                0x000025cc        0xc C:/Freescale/Freescale_MQX_4_1_FRDMK64F/lib/frdmk64f.cw10gcc/debug/psp/psp.a(comp.o)
                0x000025cc                __init_hardware
 .text.__init_registers
                0x000025d8        0xc C:/Freescale/Freescale_MQX_4_1_FRDMK64F/lib/frdmk64f.cw10gcc/debug/psp/psp.a(comp.o)
                0x000025d8                __init_registers
 .text.toolchain_startup
                0x000025e4        0xc C:/Freescale/Freescale_MQX_4_1_FRDMK64F/lib/frdmk64f.cw10gcc/debug/psp/psp.a(comp.o)
                0x000025e4                toolchain_startup
 .text          0x000025f0       0x60 C:/Freescale/Freescale_MQX_4_1_FRDMK64F/lib/frdmk64f.cw10gcc/debug/psp/psp.a(boot.o)
                0x000025f0                __boot
 .text._io_write
                0x00002650       0x4c C:/Freescale/Freescale_MQX_4_1_FRDMK64F/lib/frdmk64f.cw10gcc/debug/psp/psp.a(io_write.o)
                0x00002650                _io_write
 .text._io_sprintf
                0x0000269c       0x48 C:/Freescale/Freescale_MQX_4_1_FRDMK64F/lib/frdmk64f.cw10gcc/debug/psp/psp.a(io_spr.o)
                0x0000269c                _io_sprintf
 .text._io_sputc
                0x000026e4       0x30 C:/Freescale/Freescale_MQX_4_1_FRDMK64F/lib/frdmk64f.cw10gcc/debug/psp/psp.a(io_spr.o)
                0x000026e4                _io_sputc
 .text._io_read
                0x00002714       0xc4 C:/Freescale/Freescale_MQX_4_1_FRDMK64F/lib/frdmk64f.cw10gcc/debug/psp/psp.a(io_read.o)
                0x00002714                _io_read
 .text._io_printf
                0x000027d8       0x44 C:/Freescale/Freescale_MQX_4_1_FRDMK64F/lib/frdmk64f.cw10gcc/debug/psp/psp.a(io_pntf.o)
                0x000027d8                _io_printf
 .text._io_ioctl
                0x0000281c       0x78 C:/Freescale/Freescale_MQX_4_1_FRDMK64F/lib/frdmk64f.cw10gcc/debug/psp/psp.a(io_ioctl.o)
                0x0000281c                _io_ioctl
 .text._io_ftell
                0x00002894       0x40 C:/Freescale/Freescale_MQX_4_1_FRDMK64F/lib/frdmk64f.cw10gcc/debug/psp/psp.a(io_ftell.o)
                0x00002894                _io_ftell
 .text._io_fputc
                0x000028d4       0x64 C:/Freescale/Freescale_MQX_4_1_FRDMK64F/lib/frdmk64f.cw10gcc/debug/psp/psp.a(io_fputc.o)
                0x000028d4                _io_fputc
 .text._io_fopen
                0x00002938      0x104 C:/Freescale/Freescale_MQX_4_1_FRDMK64F/lib/frdmk64f.cw10gcc/debug/psp/psp.a(io_fopen.o)
                0x00002938                _io_fopen
 .text._io_fflush
                0x00002a3c       0x5c C:/Freescale/Freescale_MQX_4_1_FRDMK64F/lib/frdmk64f.cw10gcc/debug/psp/psp.a(io_fflsh.o)
                0x00002a3c                _io_fflush
 .text._io_ferror
                0x00002a98       0x24 C:/Freescale/Freescale_MQX_4_1_FRDMK64F/lib/frdmk64f.cw10gcc/debug/psp/psp.a(io_ferr.o)
                0x00002a98                _io_ferror
 .text._io_fclose
                0x00002abc       0x54 C:/Freescale/Freescale_MQX_4_1_FRDMK64F/lib/frdmk64f.cw10gcc/debug/psp/psp.a(io_fclos.o)
                0x00002abc                _io_fclose
 .text._io_mputc
                0x00002b10       0x60 C:/Freescale/Freescale_MQX_4_1_FRDMK64F/lib/frdmk64f.cw10gcc/debug/psp/psp.a(io_dopr.o)
 .text._io_putstr
                0x00002b70       0x8c C:/Freescale/Freescale_MQX_4_1_FRDMK64F/lib/frdmk64f.cw10gcc/debug/psp/psp.a(io_dopr.o)
 *fill*         0x00002bfc        0x4 00
 .text._io_doprint
                0x00002c00     0x16c8 C:/Freescale/Freescale_MQX_4_1_FRDMK64F/lib/frdmk64f.cw10gcc/debug/psp/psp.a(io_dopr.o)
                0x00002c00                _io_doprint
 .text._io_doprint_prt
                0x000042c8      0x154 C:/Freescale/Freescale_MQX_4_1_FRDMK64F/lib/frdmk64f.cw10gcc/debug/psp/psp.a(io_dopr.o)
                0x000042c8                _io_doprint_prt
 .text._io_doprint_prt64
                0x0000441c      0x188 C:/Freescale/Freescale_MQX_4_1_FRDMK64F/lib/frdmk64f.cw10gcc/debug/psp/psp.a(io_dopr.o)
                0x0000441c                _io_doprint_prt64
 .text._io_dev_uninstall
                0x000045a4       0xc8 C:/Freescale/Freescale_MQX_4_1_FRDMK64F/lib/frdmk64f.cw10gcc/debug/psp/psp.a(io_uinst.o)
                0x000045a4                _io_dev_uninstall
 .text._io_dev_install_ext
                0x0000466c      0x158 C:/Freescale/Freescale_MQX_4_1_FRDMK64F/lib/frdmk64f.cw10gcc/debug/psp/psp.a(io_instx.o)
                0x0000466c                _io_dev_install_ext
 .text._io_get_handle
                0x000047c4       0x6c C:/Freescale/Freescale_MQX_4_1_FRDMK64F/lib/frdmk64f.cw10gcc/debug/psp/psp.a(io_ghand.o)
                0x000047c4                _io_get_handle
 .text._time_delay
                0x00004830       0x70 C:/Freescale/Freescale_MQX_4_1_FRDMK64F/lib/frdmk64f.cw10gcc/debug/psp/psp.a(time.o)
                0x00004830                _time_delay
 .text._time_delay_for
                0x000048a0       0x44 C:/Freescale/Freescale_MQX_4_1_FRDMK64F/lib/frdmk64f.cw10gcc/debug/psp/psp.a(time.o)
                0x000048a0                _time_delay_for
 .text._time_delay_internal
                0x000048e4       0xc8 C:/Freescale/Freescale_MQX_4_1_FRDMK64F/lib/frdmk64f.cw10gcc/debug/psp/psp.a(time.o)
                0x000048e4                _time_delay_internal
 .text._time_delay_until
                0x000049ac       0x3c C:/Freescale/Freescale_MQX_4_1_FRDMK64F/lib/frdmk64f.cw10gcc/debug/psp/psp.a(time.o)
                0x000049ac                _time_delay_until
 .text._time_diff_ticks
                0x000049e8       0x3c C:/Freescale/Freescale_MQX_4_1_FRDMK64F/lib/frdmk64f.cw10gcc/debug/psp/psp.a(time.o)
                0x000049e8                _time_diff_ticks
 .text._time_diff_milliseconds
                0x00004a24       0x34 C:/Freescale/Freescale_MQX_4_1_FRDMK64F/lib/frdmk64f.cw10gcc/debug/psp/psp.a(time.o)
                0x00004a24                _time_diff_milliseconds
 .text._time_get
                0x00004a58       0x28 C:/Freescale/Freescale_MQX_4_1_FRDMK64F/lib/frdmk64f.cw10gcc/debug/psp/psp.a(time.o)
                0x00004a58                _time_get
 .text._time_get_ticks
                0x00004a80       0x5c C:/Freescale/Freescale_MQX_4_1_FRDMK64F/lib/frdmk64f.cw10gcc/debug/psp/psp.a(time.o)
                0x00004a80                _time_get_ticks
 .text._time_notify_kernel
                0x00004adc      0x140 C:/Freescale/Freescale_MQX_4_1_FRDMK64F/lib/frdmk64f.cw10gcc/debug/psp/psp.a(time.o)
                0x00004adc                _time_notify_kernel
 .text._time_check_if_leap
                0x00004c1c       0x88 C:/Freescale/Freescale_MQX_4_1_FRDMK64F/lib/frdmk64f.cw10gcc/debug/psp/psp.a(time.o)
                0x00004c1c                _time_check_if_leap
 .text._time_set_ticks_per_sec
                0x00004ca4       0x24 C:/Freescale/Freescale_MQX_4_1_FRDMK64F/lib/frdmk64f.cw10gcc/debug/psp/psp.a(time.o)
                0x00004ca4                _time_set_ticks_per_sec
 .text._time_set_hwtick_function
                0x00004cc8       0x2c C:/Freescale/Freescale_MQX_4_1_FRDMK64F/lib/frdmk64f.cw10gcc/debug/psp/psp.a(time.o)
                0x00004cc8                _time_set_hwtick_function
 .text._time_set_hwticks_per_tick
                0x00004cf4       0x24 C:/Freescale/Freescale_MQX_4_1_FRDMK64F/lib/frdmk64f.cw10gcc/debug/psp/psp.a(time.o)
                0x00004cf4                _time_set_hwticks_per_tick
 .text._time_to_date
                0x00004d18      0x280 C:/Freescale/Freescale_MQX_4_1_FRDMK64F/lib/frdmk64f.cw10gcc/debug/psp/psp.a(time.o)
                0x00004d18                _time_to_date
 .text._task_create_internal
                0x00004f98       0xb4 C:/Freescale/Freescale_MQX_4_1_FRDMK64F/lib/frdmk64f.cw10gcc/debug/psp/psp.a(task.o)
                0x00004f98                _task_create_internal
 .text._task_create
                0x0000504c       0x2c C:/Freescale/Freescale_MQX_4_1_FRDMK64F/lib/frdmk64f.cw10gcc/debug/psp/psp.a(task.o)
                0x0000504c                _task_create
 .text._task_destroy_internal
                0x00005078      0x3c4 C:/Freescale/Freescale_MQX_4_1_FRDMK64F/lib/frdmk64f.cw10gcc/debug/psp/psp.a(task.o)
                0x00005078                _task_destroy_internal
 .text._task_destroy
                0x0000543c       0x20 C:/Freescale/Freescale_MQX_4_1_FRDMK64F/lib/frdmk64f.cw10gcc/debug/psp/psp.a(task.o)
                0x0000543c                _task_destroy
 .text._task_stop_preemption
                0x0000545c       0x30 C:/Freescale/Freescale_MQX_4_1_FRDMK64F/lib/frdmk64f.cw10gcc/debug/psp/psp.a(task.o)
                0x0000545c                _task_stop_preemption
 .text._task_get_td
                0x0000548c       0x94 C:/Freescale/Freescale_MQX_4_1_FRDMK64F/lib/frdmk64f.cw10gcc/debug/psp/psp.a(task.o)
                0x0000548c                _task_get_td
 .text._task_set_error
                0x00005520       0x50 C:/Freescale/Freescale_MQX_4_1_FRDMK64F/lib/frdmk64f.cw10gcc/debug/psp/psp.a(task.o)
                0x00005520                _task_set_error
 .text._task_build_internal
                0x00005570       0xc8 C:/Freescale/Freescale_MQX_4_1_FRDMK64F/lib/frdmk64f.cw10gcc/debug/psp/psp.a(task.o)
                0x00005570                _task_build_internal
 .text._task_exit_function_internal
                0x00005638       0x3c C:/Freescale/Freescale_MQX_4_1_FRDMK64F/lib/frdmk64f.cw10gcc/debug/psp/psp.a(task.o)
                0x00005638                _task_exit_function_internal
 .text._task_init_internal
                0x00005674      0x220 C:/Freescale/Freescale_MQX_4_1_FRDMK64F/lib/frdmk64f.cw10gcc/debug/psp/psp.a(task.o)
                0x00005674                _task_init_internal
 .text._task_fill_stack_internal
                0x00005894       0x44 C:/Freescale/Freescale_MQX_4_1_FRDMK64F/lib/frdmk64f.cw10gcc/debug/psp/psp.a(task.o)
                0x00005894                _task_fill_stack_internal
 .text._task_ready_internal
                0x000058d8       0x4c C:/Freescale/Freescale_MQX_4_1_FRDMK64F/lib/frdmk64f.cw10gcc/debug/psp/psp.a(task.o)
                0x000058d8                _task_ready_internal
 .text._task_alloc_td_internal
                0x00005924      0x158 C:/Freescale/Freescale_MQX_4_1_FRDMK64F/lib/frdmk64f.cw10gcc/debug/psp/psp.a(task.o)
                0x00005924                _task_alloc_td_internal
 .text._task_set_error_td_internal
                0x00005a7c       0x30 C:/Freescale/Freescale_MQX_4_1_FRDMK64F/lib/frdmk64f.cw10gcc/debug/psp/psp.a(task.o)
                0x00005a7c                _task_set_error_td_internal
 .text._sched_yield
                0x00005aac       0x4c C:/Freescale/Freescale_MQX_4_1_FRDMK64F/lib/frdmk64f.cw10gcc/debug/psp/psp.a(sched.o)
                0x00005aac                _sched_yield
 .text._sched_insert_priorityq_internal
                0x00005af8       0x44 C:/Freescale/Freescale_MQX_4_1_FRDMK64F/lib/frdmk64f.cw10gcc/debug/psp/psp.a(sched.o)
                0x00005af8                _sched_insert_priorityq_internal
 .text._queue_init
                0x00005b3c       0x30 C:/Freescale/Freescale_MQX_4_1_FRDMK64F/lib/frdmk64f.cw10gcc/debug/psp/psp.a(queue.o)
                0x00005b3c                _queue_init
 .text._queue_enqueue
                0x00005b6c       0x70 C:/Freescale/Freescale_MQX_4_1_FRDMK64F/lib/frdmk64f.cw10gcc/debug/psp/psp.a(queue.o)
                0x00005b6c                _queue_enqueue
 .text._queue_dequeue
                0x00005bdc       0x5c C:/Freescale/Freescale_MQX_4_1_FRDMK64F/lib/frdmk64f.cw10gcc/debug/psp/psp.a(queue.o)
                0x00005bdc                _queue_dequeue
 .text._queue_head
                0x00005c38       0x34 C:/Freescale/Freescale_MQX_4_1_FRDMK64F/lib/frdmk64f.cw10gcc/debug/psp/psp.a(queue.o)
                0x00005c38                _queue_head
 .text._queue_insert
                0x00005c6c       0x78 C:/Freescale/Freescale_MQX_4_1_FRDMK64F/lib/frdmk64f.cw10gcc/debug/psp/psp.a(queue.o)
                0x00005c6c                _queue_insert
 .text._queue_next
                0x00005ce4       0x40 C:/Freescale/Freescale_MQX_4_1_FRDMK64F/lib/frdmk64f.cw10gcc/debug/psp/psp.a(queue.o)
                0x00005ce4                _queue_next
 .text._queue_unlink
                0x00005d24       0x40 C:/Freescale/Freescale_MQX_4_1_FRDMK64F/lib/frdmk64f.cw10gcc/debug/psp/psp.a(queue.o)
                0x00005d24                _queue_unlink
 .text._queue_is_empty
                0x00005d64       0x24 C:/Freescale/Freescale_MQX_4_1_FRDMK64F/lib/frdmk64f.cw10gcc/debug/psp/psp.a(queue.o)
                0x00005d64                _queue_is_empty
 .text._mqx     0x00005d88      0x244 C:/Freescale/Freescale_MQX_4_1_FRDMK64F/lib/frdmk64f.cw10gcc/debug/psp/psp.a(mqx.o)
                0x00005d88                _mqx
 .text._mqx_exit
                0x00005fcc       0x20 C:/Freescale/Freescale_MQX_4_1_FRDMK64F/lib/frdmk64f.cw10gcc/debug/psp/psp.a(mqx.o)
                0x00005fcc                _mqx_exit
 .text._mqx_set_cpu_type
                0x00005fec       0x28 C:/Freescale/Freescale_MQX_4_1_FRDMK64F/lib/frdmk64f.cw10gcc/debug/psp/psp.a(mqx.o)
                0x00005fec                _mqx_set_cpu_type
 .text._mqx_set_io_component_handle
                0x00006014       0x70 C:/Freescale/Freescale_MQX_4_1_FRDMK64F/lib/frdmk64f.cw10gcc/debug/psp/psp.a(mqx.o)
                0x00006014                _mqx_set_io_component_handle
 .text._mqx_init_kernel_data_internal
                0x00006084      0x1b4 C:/Freescale/Freescale_MQX_4_1_FRDMK64F/lib/frdmk64f.cw10gcc/debug/psp/psp.a(mqx.o)
                0x00006084                _mqx_init_kernel_data_internal
 .text._lwsem_create_internal
                0x00006238       0x9c C:/Freescale/Freescale_MQX_4_1_FRDMK64F/lib/frdmk64f.cw10gcc/debug/psp/psp.a(lwsem.o)
                0x00006238                _lwsem_create_internal
 .text._lwsem_create
                0x000062d4       0x28 C:/Freescale/Freescale_MQX_4_1_FRDMK64F/lib/frdmk64f.cw10gcc/debug/psp/psp.a(lwsem.o)
                0x000062d4                _lwsem_create
 .text._lwsem_destroy_internal
                0x000062fc      0x118 C:/Freescale/Freescale_MQX_4_1_FRDMK64F/lib/frdmk64f.cw10gcc/debug/psp/psp.a(lwsem.o)
                0x000062fc                _lwsem_destroy_internal
 .text._lwsem_destroy
                0x00006414       0x20 C:/Freescale/Freescale_MQX_4_1_FRDMK64F/lib/frdmk64f.cw10gcc/debug/psp/psp.a(lwsem.o)
                0x00006414                _lwsem_destroy
 .text._lwsem_post
                0x00006434       0xd8 C:/Freescale/Freescale_MQX_4_1_FRDMK64F/lib/frdmk64f.cw10gcc/debug/psp/psp.a(lwsem.o)
                0x00006434                _lwsem_post
 .text._lwsem_wait
                0x0000650c       0xc8 C:/Freescale/Freescale_MQX_4_1_FRDMK64F/lib/frdmk64f.cw10gcc/debug/psp/psp.a(lwsem.o)
                0x0000650c                _lwsem_wait
 .text._lwmem_alloc_internal
                0x000065d4      0x1b4 C:/Freescale/Freescale_MQX_4_1_FRDMK64F/lib/frdmk64f.cw10gcc/debug/psp/psp.a(lwmem.o)
                0x000065d4                _lwmem_alloc_internal
 .text._lwmem_alloc_at_internal
                0x00006788      0x1d8 C:/Freescale/Freescale_MQX_4_1_FRDMK64F/lib/frdmk64f.cw10gcc/debug/psp/psp.a(lwmem.o)
                0x00006788                _lwmem_alloc_at_internal
 .text._lwmem_alloc_align_internal
                0x00006960      0x24c C:/Freescale/Freescale_MQX_4_1_FRDMK64F/lib/frdmk64f.cw10gcc/debug/psp/psp.a(lwmem.o)
                0x00006960                _lwmem_alloc_align_internal
 .text._lwmem_alloc
                0x00006bac       0x3c C:/Freescale/Freescale_MQX_4_1_FRDMK64F/lib/frdmk64f.cw10gcc/debug/psp/psp.a(lwmem.o)
                0x00006bac                _lwmem_alloc
 .text._lwmem_alloc_at
                0x00006be8       0x3c C:/Freescale/Freescale_MQX_4_1_FRDMK64F/lib/frdmk64f.cw10gcc/debug/psp/psp.a(lwmem.o)
                0x00006be8                _lwmem_alloc_at
 .text._lwmem_get_system_pool_id
                0x00006c24       0x1c C:/Freescale/Freescale_MQX_4_1_FRDMK64F/lib/frdmk64f.cw10gcc/debug/psp/psp.a(lwmem.o)
                0x00006c24                _lwmem_get_system_pool_id
 .text._lwmem_alloc_zero
                0x00006c40       0x3c C:/Freescale/Freescale_MQX_4_1_FRDMK64F/lib/frdmk64f.cw10gcc/debug/psp/psp.a(lwmem.o)
                0x00006c40                _lwmem_alloc_zero
 .text._lwmem_create_pool
                0x00006c7c       0xc4 C:/Freescale/Freescale_MQX_4_1_FRDMK64F/lib/frdmk64f.cw10gcc/debug/psp/psp.a(lwmem.o)
                0x00006c7c                _lwmem_create_pool
 .text._lwmem_create_pool_mapped
                0x00006d40       0x48 C:/Freescale/Freescale_MQX_4_1_FRDMK64F/lib/frdmk64f.cw10gcc/debug/psp/psp.a(lwmem.o)
                0x00006d40                _lwmem_create_pool_mapped
 .text._lwmem_free
                0x00006d88      0x1e4 C:/Freescale/Freescale_MQX_4_1_FRDMK64F/lib/frdmk64f.cw10gcc/debug/psp/psp.a(lwmem.o)
                0x00006d88                _lwmem_free
 .text._lwmem_alloc_system_from
                0x00006f6c       0x38 C:/Freescale/Freescale_MQX_4_1_FRDMK64F/lib/frdmk64f.cw10gcc/debug/psp/psp.a(lwmem.o)
                0x00006f6c                _lwmem_alloc_system_from
 .text._lwmem_alloc_system
                0x00006fa4       0x3c C:/Freescale/Freescale_MQX_4_1_FRDMK64F/lib/frdmk64f.cw10gcc/debug/psp/psp.a(lwmem.o)
                0x00006fa4                _lwmem_alloc_system
 .text._lwmem_alloc_system_align
                0x00006fe0       0x40 C:/Freescale/Freescale_MQX_4_1_FRDMK64F/lib/frdmk64f.cw10gcc/debug/psp/psp.a(lwmem.o)
                0x00006fe0                _lwmem_alloc_system_align
 .text._lwmem_alloc_system_align_from
                0x00007020       0x40 C:/Freescale/Freescale_MQX_4_1_FRDMK64F/lib/frdmk64f.cw10gcc/debug/psp/psp.a(lwmem.o)
                0x00007020                _lwmem_alloc_system_align_from
 .text._lwmem_init_internal
                0x00007060       0x54 C:/Freescale/Freescale_MQX_4_1_FRDMK64F/lib/frdmk64f.cw10gcc/debug/psp/psp.a(lwmem.o)
                0x00007060                _lwmem_init_internal
 .text._lwmem_get_next_block_internal
                0x000070b4       0xcc C:/Freescale/Freescale_MQX_4_1_FRDMK64F/lib/frdmk64f.cw10gcc/debug/psp/psp.a(lwmem.o)
                0x000070b4                _lwmem_get_next_block_internal
 .text._lwmem_set_type
                0x00007180       0x38 C:/Freescale/Freescale_MQX_4_1_FRDMK64F/lib/frdmk64f.cw10gcc/debug/psp/psp.a(lwmem.o)
                0x00007180                _lwmem_set_type
 .text._lwmem_transfer_internal
                0x000071b8       0x28 C:/Freescale/Freescale_MQX_4_1_FRDMK64F/lib/frdmk64f.cw10gcc/debug/psp/psp.a(lwmem.o)
                0x000071b8                _lwmem_transfer_internal
 .text._lwmem_alloc_system_zero_from
                0x000071e0       0x38 C:/Freescale/Freescale_MQX_4_1_FRDMK64F/lib/frdmk64f.cw10gcc/debug/psp/psp.a(lwmem.o)
                0x000071e0                _lwmem_alloc_system_zero_from
 .text._lwmem_alloc_system_zero
                0x00007218       0x3c C:/Freescale/Freescale_MQX_4_1_FRDMK64F/lib/frdmk64f.cw10gcc/debug/psp/psp.a(lwmem.o)
                0x00007218                _lwmem_alloc_system_zero
 .text._int_default_isr
                0x00007254       0x64 C:/Freescale/Freescale_MQX_4_1_FRDMK64F/lib/frdmk64f.cw10gcc/debug/psp/psp.a(int.o)
                0x00007254                _int_default_isr
 .text._int_disable
                0x000072b8       0x3c C:/Freescale/Freescale_MQX_4_1_FRDMK64F/lib/frdmk64f.cw10gcc/debug/psp/psp.a(int.o)
                0x000072b8                _int_disable
 .text._int_enable
                0x000072f4       0x54 C:/Freescale/Freescale_MQX_4_1_FRDMK64F/lib/frdmk64f.cw10gcc/debug/psp/psp.a(int.o)
                0x000072f4                _int_enable
 .text._int_get_default_isr
                0x00007348       0x24 C:/Freescale/Freescale_MQX_4_1_FRDMK64F/lib/frdmk64f.cw10gcc/debug/psp/psp.a(int.o)
                0x00007348                _int_get_default_isr
 .text._int_get_exception_handler
                0x0000736c       0x18 C:/Freescale/Freescale_MQX_4_1_FRDMK64F/lib/frdmk64f.cw10gcc/debug/psp/psp.a(int.o)
                0x0000736c                _int_get_exception_handler
 .text._int_get_isr_data
                0x00007384       0xa4 C:/Freescale/Freescale_MQX_4_1_FRDMK64F/lib/frdmk64f.cw10gcc/debug/psp/psp.a(int.o)
                0x00007384                _int_get_isr_data
 .text._int_install_isr
                0x00007428      0x124 C:/Freescale/Freescale_MQX_4_1_FRDMK64F/lib/frdmk64f.cw10gcc/debug/psp/psp.a(int.o)
                0x00007428                _int_install_isr
 .text._int_init
                0x0000754c       0xd4 C:/Freescale/Freescale_MQX_4_1_FRDMK64F/lib/frdmk64f.cw10gcc/debug/psp/psp.a(int.o)
                0x0000754c                _int_init
 .text._bsp_post_init
                0x00007620       0x10 C:/Freescale/Freescale_MQX_4_1_FRDMK64F/lib/frdmk64f.cw10gcc/debug/psp/psp.a(inittask.o)
                0x00007620                _bsp_post_init
 .text._mqx_init_task
                0x00007630       0xa0 C:/Freescale/Freescale_MQX_4_1_FRDMK64F/lib/frdmk64f.cw10gcc/debug/psp/psp.a(inittask.o)
                0x00007630                _mqx_init_task
 .text._mqx_idle_task
                0x000076d0       0x6c C:/Freescale/Freescale_MQX_4_1_FRDMK64F/lib/frdmk64f.cw10gcc/debug/psp/psp.a(idletask.o)
                0x000076d0                _mqx_idle_task
 .text._psp_destroy_stack_frame
                0x0000773c       0x14 C:/Freescale/Freescale_MQX_4_1_FRDMK64F/lib/frdmk64f.cw10gcc/debug/psp/psp.a(stack_de.o)
                0x0000773c                _psp_destroy_stack_frame
 .text._psp_build_stack_frame
                0x00007750       0xbc C:/Freescale/Freescale_MQX_4_1_FRDMK64F/lib/frdmk64f.cw10gcc/debug/psp/psp.a(stack_bu.o)
                0x00007750                _psp_build_stack_frame
 .text._psp_build_float_context
                0x0000780c       0x58 C:/Freescale/Freescale_MQX_4_1_FRDMK64F/lib/frdmk64f.cw10gcc/debug/psp/psp.a(stack_bu.o)
                0x0000780c                _psp_build_float_context
 .text._psp_set_kernel_disable_level
                0x00007864       0xc4 C:/Freescale/Freescale_MQX_4_1_FRDMK64F/lib/frdmk64f.cw10gcc/debug/psp/psp.a(sc_irdyq.o)
                0x00007864                _psp_set_kernel_disable_level
 .text._psp_init_readyqs
                0x00007928       0xe0 C:/Freescale/Freescale_MQX_4_1_FRDMK64F/lib/frdmk64f.cw10gcc/debug/psp/psp.a(sc_irdyq.o)
                0x00007928                _psp_init_readyqs
 .text._psp_ticks_to_time
                0x00007a08       0xfc C:/Freescale/Freescale_MQX_4_1_FRDMK64F/lib/frdmk64f.cw10gcc/debug/psp/psp.a(psp_tkti.o)
                0x00007a08                _psp_ticks_to_time
 .text._psp_subtract_ticks
                0x00007b04       0x6c C:/Freescale/Freescale_MQX_4_1_FRDMK64F/lib/frdmk64f.cw10gcc/debug/psp/psp.a(psp_tisu.o)
                0x00007b04                _psp_subtract_ticks
 .text._psp_normalize_ticks
                0x00007b70       0x5c C:/Freescale/Freescale_MQX_4_1_FRDMK64F/lib/frdmk64f.cw10gcc/debug/psp/psp.a(psp_tinm.o)
                0x00007b70                _psp_normalize_ticks
 .text.__psp_ticks_to_milliseconds
                0x00007bcc      0x104 C:/Freescale/Freescale_MQX_4_1_FRDMK64F/lib/frdmk64f.cw10gcc/debug/psp/psp.a(psp_tims.o)
 .text._psp_ticks_to_milliseconds
                0x00007cd0       0x24 C:/Freescale/Freescale_MQX_4_1_FRDMK64F/lib/frdmk64f.cw10gcc/debug/psp/psp.a(psp_tims.o)
                0x00007cd0                _psp_ticks_to_milliseconds
 .text._psp_add_ticks
                0x00007cf4       0x74 C:/Freescale/Freescale_MQX_4_1_FRDMK64F/lib/frdmk64f.cw10gcc/debug/psp/psp.a(psp_tiad.o)
                0x00007cf4                _psp_add_ticks
 .text._psp_msecs_to_ticks_quick
                0x00007d68       0xf8 C:/Freescale/Freescale_MQX_4_1_FRDMK64F/lib/frdmk64f.cw10gcc/debug/psp/psp.a(psp_mstiq.o)
                0x00007d68                _psp_msecs_to_ticks_quick
 .text._psp_add_element_to_array
                0x00007e60       0x70 C:/Freescale/Freescale_MQX_4_1_FRDMK64F/lib/frdmk64f.cw10gcc/debug/psp/psp.a(psp_mat3.o)
                0x00007e60                _psp_add_element_to_array
 .text._psp_div_128_by_32
                0x00007ed0      0x148 C:/Freescale/Freescale_MQX_4_1_FRDMK64F/lib/frdmk64f.cw10gcc/debug/psp/psp.a(psp_mat2.o)
                0x00007ed0                _psp_div_128_by_32
 .text._psp_mul_128_by_32
                0x00008018      0x190 C:/Freescale/Freescale_MQX_4_1_FRDMK64F/lib/frdmk64f.cw10gcc/debug/psp/psp.a(psp_mat1.o)
                0x00008018                _psp_mul_128_by_32
 .text._io_fseek
                0x000081a8      0x100 C:/Freescale/Freescale_MQX_4_1_FRDMK64F/lib/frdmk64f.cw10gcc/debug/psp/psp.a(io_fseek.o)
                0x000081a8                _io_fseek
 .text._io_cvt  0x000082a8      0x448 C:/Freescale/Freescale_MQX_4_1_FRDMK64F/lib/frdmk64f.cw10gcc/debug/psp/psp.a(io_fp.o)
                0x000082a8                _io_cvt
 .text._io_inf_or_nan
                0x000086f0      0x118 C:/Freescale/Freescale_MQX_4_1_FRDMK64F/lib/frdmk64f.cw10gcc/debug/psp/psp.a(io_fp.o)
 .text._io_dtoa
                0x00008808       0xac C:/Freescale/Freescale_MQX_4_1_FRDMK64F/lib/frdmk64f.cw10gcc/debug/psp/psp.a(io_fp.o)
                0x00008808                _io_dtoa
 .text._io_dtoe
                0x000088b4      0x1fc C:/Freescale/Freescale_MQX_4_1_FRDMK64F/lib/frdmk64f.cw10gcc/debug/psp/psp.a(io_fp.o)
                0x000088b4                _io_dtoe
 .text._io_dtof
                0x00008ab0      0x28c C:/Freescale/Freescale_MQX_4_1_FRDMK64F/lib/frdmk64f.cw10gcc/debug/psp/psp.a(io_fp.o)
                0x00008ab0                _io_dtof
 .text._io_dtog
                0x00008d3c      0x584 C:/Freescale/Freescale_MQX_4_1_FRDMK64F/lib/frdmk64f.cw10gcc/debug/psp/psp.a(io_fp.o)
                0x00008d3c                _io_dtog
 .text._io_part_mgr_install
                0x000092c0       0xc0 C:/Freescale/Freescale_MQX_4_1_FRDMK64F/lib/frdmk64f.cw10gcc/debug/mfs/mfs.a(part_mgr.o)
                0x000092c0                _io_part_mgr_install
 .text._io_part_mgr_uninstall_internal
                0x00009380       0x54 C:/Freescale/Freescale_MQX_4_1_FRDMK64F/lib/frdmk64f.cw10gcc/debug/mfs/mfs.a(part_mgr.o)
 .text._io_part_mgr_open
                0x000093d4      0x184 C:/Freescale/Freescale_MQX_4_1_FRDMK64F/lib/frdmk64f.cw10gcc/debug/mfs/mfs.a(part_mgr.o)
                0x000093d4                _io_part_mgr_open
 .text._io_part_mgr_close
                0x00009558       0x4c C:/Freescale/Freescale_MQX_4_1_FRDMK64F/lib/frdmk64f.cw10gcc/debug/mfs/mfs.a(part_mgr.o)
                0x00009558                _io_part_mgr_close
 .text._io_part_mgr_read
                0x000095a4      0x114 C:/Freescale/Freescale_MQX_4_1_FRDMK64F/lib/frdmk64f.cw10gcc/debug/mfs/mfs.a(part_mgr.o)
                0x000095a4                _io_part_mgr_read
 .text._io_part_mgr_write
                0x000096b8      0x118 C:/Freescale/Freescale_MQX_4_1_FRDMK64F/lib/frdmk64f.cw10gcc/debug/mfs/mfs.a(part_mgr.o)
                0x000096b8                _io_part_mgr_write
 .text._io_part_mgr_ioctl
                0x000097d0      0x2b8 C:/Freescale/Freescale_MQX_4_1_FRDMK64F/lib/frdmk64f.cw10gcc/debug/mfs/mfs.a(part_mgr.o)
                0x000097d0                _io_part_mgr_ioctl
 .text._pmgr_check_part_type
                0x00009a88       0x48 C:/Freescale/Freescale_MQX_4_1_FRDMK64F/lib/frdmk64f.cw10gcc/debug/mfs/mfs.a(part_mgr.o)
                0x00009a88                _pmgr_check_part_type
 .text._pmgr_validate_mbr
                0x00009ad0      0x250 C:/Freescale/Freescale_MQX_4_1_FRDMK64F/lib/frdmk64f.cw10gcc/debug/mfs/mfs.a(part_mgr.o)
                0x00009ad0                _pmgr_validate_mbr
 .text._pmgr_get_part_info
                0x00009d20       0xfc C:/Freescale/Freescale_MQX_4_1_FRDMK64F/lib/frdmk64f.cw10gcc/debug/mfs/mfs.a(part_mgr.o)
                0x00009d20                _pmgr_get_part_info
 .text._pmgr_set_part_info
                0x00009e1c      0x11c C:/Freescale/Freescale_MQX_4_1_FRDMK64F/lib/frdmk64f.cw10gcc/debug/mfs/mfs.a(part_mgr.o)
                0x00009e1c                _pmgr_set_part_info
 .text._pmgr_clear_part_info
                0x00009f38      0x160 C:/Freescale/Freescale_MQX_4_1_FRDMK64F/lib/frdmk64f.cw10gcc/debug/mfs/mfs.a(part_mgr.o)
                0x00009f38                _pmgr_clear_part_info
 .text._pmgr_disk_to_host
                0x0000a098       0xa8 C:/Freescale/Freescale_MQX_4_1_FRDMK64F/lib/frdmk64f.cw10gcc/debug/mfs/mfs.a(part_mgr.o)
                0x0000a098                _pmgr_disk_to_host
 .text._pmgr_host_to_disk
                0x0000a140      0x258 C:/Freescale/Freescale_MQX_4_1_FRDMK64F/lib/frdmk64f.cw10gcc/debug/mfs/mfs.a(part_mgr.o)
                0x0000a140                _pmgr_host_to_disk
 .text._mfs_validate_device
                0x0000a398       0xf4 C:/Freescale/Freescale_MQX_4_1_FRDMK64F/lib/frdmk64f.cw10gcc/debug/mfs/mfs.a(mfs_valdev.o)
                0x0000a398                _mfs_validate_device
 .text.MFS_is_read_only
                0x0000a48c       0x1c C:/Freescale/Freescale_MQX_4_1_FRDMK64F/lib/frdmk64f.cw10gcc/debug/mfs/mfs.a(mfs_misc.o)
                0x0000a48c                MFS_is_read_only
 .text.MFS_lock
                0x0000a4a8       0x24 C:/Freescale/Freescale_MQX_4_1_FRDMK64F/lib/frdmk64f.cw10gcc/debug/mfs/mfs.a(mfs_misc.o)
                0x0000a4a8                MFS_lock
 .text.MFS_lock_dos_disk
                0x0000a4cc       0x4c C:/Freescale/Freescale_MQX_4_1_FRDMK64F/lib/frdmk64f.cw10gcc/debug/mfs/mfs.a(mfs_misc.o)
                0x0000a4cc                MFS_lock_dos_disk
 .text.MFS_unlock
                0x0000a518       0xac C:/Freescale/Freescale_MQX_4_1_FRDMK64F/lib/frdmk64f.cw10gcc/debug/mfs/mfs.a(mfs_misc.o)
                0x0000a518                MFS_unlock
 .text.MFS_mem_alloc_system
                0x0000a5c4       0x40 C:/Freescale/Freescale_MQX_4_1_FRDMK64F/lib/frdmk64f.cw10gcc/debug/mfs/mfs.a(mfs_misc.o)
                0x0000a5c4                MFS_mem_alloc_system
 .text.MFS_mem_alloc_system_zero
                0x0000a604       0x40 C:/Freescale/Freescale_MQX_4_1_FRDMK64F/lib/frdmk64f.cw10gcc/debug/mfs/mfs.a(mfs_misc.o)
                0x0000a604                MFS_mem_alloc_system_zero
 .text.MFS_mem_alloc_system_align
                0x0000a644       0x44 C:/Freescale/Freescale_MQX_4_1_FRDMK64F/lib/frdmk64f.cw10gcc/debug/mfs/mfs.a(mfs_misc.o)
                0x0000a644                MFS_mem_alloc_system_align
 .text.MFS_alloc_path
                0x0000a688       0x3c C:/Freescale/Freescale_MQX_4_1_FRDMK64F/lib/frdmk64f.cw10gcc/debug/mfs/mfs.a(mfs_misc.o)
                0x0000a688                MFS_alloc_path
 .text.MFS_alloc_2paths
                0x0000a6c4       0x50 C:/Freescale/Freescale_MQX_4_1_FRDMK64F/lib/frdmk64f.cw10gcc/debug/mfs/mfs.a(mfs_misc.o)
                0x0000a6c4                MFS_alloc_2paths
 .text.MFS_free_path
                0x0000a714       0x28 C:/Freescale/Freescale_MQX_4_1_FRDMK64F/lib/frdmk64f.cw10gcc/debug/mfs/mfs.a(mfs_misc.o)
                0x0000a714                MFS_free_path
 .text.MFS_Error_text
                0x0000a73c      0x398 C:/Freescale/Freescale_MQX_4_1_FRDMK64F/lib/frdmk64f.cw10gcc/debug/mfs/mfs.a(mfs_misc.o)
                0x0000a73c                MFS_Error_text
 .text._io_mfs_install
                0x0000aad4       0x80 C:/Freescale/Freescale_MQX_4_1_FRDMK64F/lib/frdmk64f.cw10gcc/debug/mfs/mfs.a(mfs_init.o)
                0x0000aad4                _io_mfs_install
 .text._io_mfs_init
                0x0000ab54       0xa0 C:/Freescale/Freescale_MQX_4_1_FRDMK64F/lib/frdmk64f.cw10gcc/debug/mfs/mfs.a(mfs_init.o)
 .text.MFS_Uninstall
                0x0000abf4       0x4c C:/Freescale/Freescale_MQX_4_1_FRDMK64F/lib/frdmk64f.cw10gcc/debug/mfs/mfs.a(mfs_init.o)
 .text._io_mfs_deinit
                0x0000ac40       0x20 C:/Freescale/Freescale_MQX_4_1_FRDMK64F/lib/frdmk64f.cw10gcc/debug/mfs/mfs.a(mfs_init.o)
 .text._io_mfs_open
                0x0000ac60      0x440 C:/Freescale/Freescale_MQX_4_1_FRDMK64F/lib/frdmk64f.cw10gcc/debug/mfs/mfs.a(mfs_init.o)
 .text._io_mfs_close
                0x0000b0a0       0x4c C:/Freescale/Freescale_MQX_4_1_FRDMK64F/lib/frdmk64f.cw10gcc/debug/mfs/mfs.a(mfs_init.o)
 .text._io_mfs_read
                0x0000b0ec       0x70 C:/Freescale/Freescale_MQX_4_1_FRDMK64F/lib/frdmk64f.cw10gcc/debug/mfs/mfs.a(mfs_init.o)
 .text._io_mfs_write
                0x0000b15c       0xb8 C:/Freescale/Freescale_MQX_4_1_FRDMK64F/lib/frdmk64f.cw10gcc/debug/mfs/mfs.a(mfs_init.o)
 .text._io_mfs_ioctl
                0x0000b214      0xc5c C:/Freescale/Freescale_MQX_4_1_FRDMK64F/lib/frdmk64f.cw10gcc/debug/mfs/mfs.a(mfs_init.o)
 .text.MFS_free_drive_data
                0x0000be70       0x7c C:/Freescale/Freescale_MQX_4_1_FRDMK64F/lib/frdmk64f.cw10gcc/debug/mfs/mfs.a(mfs_init.o)
 .text.MFS_Mount_drive_internal
                0x0000beec      0x8a0 C:/Freescale/Freescale_MQX_4_1_FRDMK64F/lib/frdmk64f.cw10gcc/debug/mfs/mfs.a(mfs_init.o)
                0x0000beec                MFS_Mount_drive_internal
 .text.MFS_Parse_Out_Device_Name
                0x0000c78c       0x4c C:/Freescale/Freescale_MQX_4_1_FRDMK64F/lib/frdmk64f.cw10gcc/debug/mfs/mfs.a(mfs_init.o)
                0x0000c78c                MFS_Parse_Out_Device_Name
 .text.MFS_Open_Device
                0x0000c7d8      0x204 C:/Freescale/Freescale_MQX_4_1_FRDMK64F/lib/frdmk64f.cw10gcc/debug/mfs/mfs.a(mfs_init.o)
                0x0000c7d8                MFS_Open_Device
 .text.MFS_Flush_Device
                0x0000c9dc      0x170 C:/Freescale/Freescale_MQX_4_1_FRDMK64F/lib/frdmk64f.cw10gcc/debug/mfs/mfs.a(mfs_init.o)
                0x0000c9dc                MFS_Flush_Device
 .text.MFS_Close_Device
                0x0000cb4c      0x1dc C:/Freescale/Freescale_MQX_4_1_FRDMK64F/lib/frdmk64f.cw10gcc/debug/mfs/mfs.a(mfs_init.o)
                0x0000cb4c                MFS_Close_Device
 .text._mfs_partition_destroy
                0x0000cd28       0x1c C:/Freescale/Freescale_MQX_4_1_FRDMK64F/lib/frdmk64f.cw10gcc/debug/mfs/mfs.a(mfs_init.o)
                0x0000cd28                _mfs_partition_destroy
 .text.MFS_Format
                0x0000cd44      0xab0 C:/Freescale/Freescale_MQX_4_1_FRDMK64F/lib/frdmk64f.cw10gcc/debug/mfs/mfs.a(mfs_format.o)
                0x0000cd44                MFS_Format
 .text.MFS_Default_Format
                0x0000d7f4       0xc0 C:/Freescale/Freescale_MQX_4_1_FRDMK64F/lib/frdmk64f.cw10gcc/debug/mfs/mfs.a(mfs_format.o)
                0x0000d7f4                MFS_Default_Format
 .text.MFS_Test_unused_clusters
                0x0000d8b4      0x180 C:/Freescale/Freescale_MQX_4_1_FRDMK64F/lib/frdmk64f.cw10gcc/debug/mfs/mfs.a(mfs_format.o)
                0x0000d8b4                MFS_Test_unused_clusters
 .text.MFS_Format_and_test
                0x0000da34       0x44 C:/Freescale/Freescale_MQX_4_1_FRDMK64F/lib/frdmk64f.cw10gcc/debug/mfs/mfs.a(mfs_format.o)
                0x0000da34                MFS_Format_and_test
 .text.MFS_Flush_fat_cache
                0x0000da78       0xd8 C:/Freescale/Freescale_MQX_4_1_FRDMK64F/lib/frdmk64f.cw10gcc/debug/mfs/mfs.a(mfs_fat.o)
                0x0000da78                MFS_Flush_fat_cache
 .text.MFS_Write_back_fat
                0x0000db50       0x3c C:/Freescale/Freescale_MQX_4_1_FRDMK64F/lib/frdmk64f.cw10gcc/debug/mfs/mfs.a(mfs_fat.o)
                0x0000db50                MFS_Write_back_fat
 .text.MFS_Read_fat
                0x0000db8c      0x130 C:/Freescale/Freescale_MQX_4_1_FRDMK64F/lib/frdmk64f.cw10gcc/debug/mfs/mfs.a(mfs_fat.o)
                0x0000db8c                MFS_Read_fat
 .text.MFS_get_cluster_from_fat
                0x0000dcbc      0x178 C:/Freescale/Freescale_MQX_4_1_FRDMK64F/lib/frdmk64f.cw10gcc/debug/mfs/mfs.a(mfs_fat.o)
                0x0000dcbc                MFS_get_cluster_from_fat
 .text.MFS_Put_fat
                0x0000de34      0x268 C:/Freescale/Freescale_MQX_4_1_FRDMK64F/lib/frdmk64f.cw10gcc/debug/mfs/mfs.a(mfs_fat.o)
                0x0000de34                MFS_Put_fat
 .text.MFS_Create_subdir
                0x0000e09c      0x2b8 C:/Freescale/Freescale_MQX_4_1_FRDMK64F/lib/frdmk64f.cw10gcc/debug/mfs/mfs.a(mfs_directory.o)
                0x0000e09c                MFS_Create_subdir
 .text.MFS_Remove_subdir
                0x0000e354      0x1b8 C:/Freescale/Freescale_MQX_4_1_FRDMK64F/lib/frdmk64f.cw10gcc/debug/mfs/mfs.a(mfs_directory.o)
                0x0000e354                MFS_Remove_subdir
 .text.MFS_Get_current_dir
                0x0000e50c       0x4c C:/Freescale/Freescale_MQX_4_1_FRDMK64F/lib/frdmk64f.cw10gcc/debug/mfs/mfs.a(mfs_directory.o)
                0x0000e50c                MFS_Get_current_dir
 .text.MFS_Change_current_dir
                0x0000e558      0x1f8 C:/Freescale/Freescale_MQX_4_1_FRDMK64F/lib/frdmk64f.cw10gcc/debug/mfs/mfs.a(mfs_directory.o)
                0x0000e558                MFS_Change_current_dir
 .text.MFS_Check_dir_exist
                0x0000e750       0x98 C:/Freescale/Freescale_MQX_4_1_FRDMK64F/lib/frdmk64f.cw10gcc/debug/mfs/mfs.a(mfs_directory.o)
                0x0000e750                MFS_Check_dir_exist
 .text.MFS_Find_first_file
                0x0000e7e8      0x19c C:/Freescale/Freescale_MQX_4_1_FRDMK64F/lib/frdmk64f.cw10gcc/debug/mfs/mfs.a(mfs_directory.o)
                0x0000e7e8                MFS_Find_first_file
 .text.MFS_Find_next_file
                0x0000e984       0x38 C:/Freescale/Freescale_MQX_4_1_FRDMK64F/lib/frdmk64f.cw10gcc/debug/mfs/mfs.a(mfs_directory.o)
                0x0000e984                MFS_Find_next_file
 .text.MFS_Set_volume
                0x0000e9bc      0x134 C:/Freescale/Freescale_MQX_4_1_FRDMK64F/lib/frdmk64f.cw10gcc/debug/mfs/mfs.a(mfs_directory.o)
                0x0000e9bc                MFS_Set_volume
 .text.MFS_Get_volume
                0x0000eaf0       0xc4 C:/Freescale/Freescale_MQX_4_1_FRDMK64F/lib/frdmk64f.cw10gcc/debug/mfs/mfs.a(mfs_directory.o)
                0x0000eaf0                MFS_Get_volume
 .text.MFS_Create_directory_entry
                0x0000ebb4      0x964 C:/Freescale/Freescale_MQX_4_1_FRDMK64F/lib/frdmk64f.cw10gcc/debug/mfs/mfs.a(mfs_dir_entry.o)
                0x0000ebb4                MFS_Create_directory_entry
 .text.MFS_Update_entry
                0x0000f518       0xa0 C:/Freescale/Freescale_MQX_4_1_FRDMK64F/lib/frdmk64f.cw10gcc/debug/mfs/mfs.a(mfs_dir_entry.o)
                0x0000f518                MFS_Update_entry
 .text.MFS_Create_entry_slave
                0x0000f5b8      0x1e8 C:/Freescale/Freescale_MQX_4_1_FRDMK64F/lib/frdmk64f.cw10gcc/debug/mfs/mfs.a(mfs_dir_entry.o)
                0x0000f5b8                MFS_Create_entry_slave
 .text.MFS_Increment_dir_index
                0x0000f7a0       0xc4 C:/Freescale/Freescale_MQX_4_1_FRDMK64F/lib/frdmk64f.cw10gcc/debug/mfs/mfs.a(mfs_dir_entry.o)
                0x0000f7a0                MFS_Increment_dir_index
 .text.MFS_Delete_file
                0x0000f864      0x140 C:/Freescale/Freescale_MQX_4_1_FRDMK64F/lib/frdmk64f.cw10gcc/debug/mfs/mfs.a(mfs_delete.o)
                0x0000f864                MFS_Delete_file
 .text.MFS_Flush_data_sector_buffer
                0x0000f9a4       0x5c C:/Freescale/Freescale_MQX_4_1_FRDMK64F/lib/frdmk64f.cw10gcc/debug/mfs/mfs.a(mfs_data_sector.o)
                0x0000f9a4                MFS_Flush_data_sector_buffer
 .text.MFS_Invalidate_data_sector
                0x0000fa00       0x3c C:/Freescale/Freescale_MQX_4_1_FRDMK64F/lib/frdmk64f.cw10gcc/debug/mfs/mfs.a(mfs_data_sector.o)
                0x0000fa00                MFS_Invalidate_data_sector
 .text.MFS_Read_data_sector
                0x0000fa3c       0x68 C:/Freescale/Freescale_MQX_4_1_FRDMK64F/lib/frdmk64f.cw10gcc/debug/mfs/mfs.a(mfs_data_sector.o)
                0x0000fa3c                MFS_Read_data_sector
 .text.MFS_Create_file
                0x0000faa4      0x378 C:/Freescale/Freescale_MQX_4_1_FRDMK64F/lib/frdmk64f.cw10gcc/debug/mfs/mfs.a(mfs_create.o)
                0x0000faa4                MFS_Create_file
 .text.MFS_Create_new_file
                0x0000fe1c      0x124 C:/Freescale/Freescale_MQX_4_1_FRDMK64F/lib/frdmk64f.cw10gcc/debug/mfs/mfs.a(mfs_create.o)
                0x0000fe1c                MFS_Create_new_file
 .text.MFS_Create_temp_file
                0x0000ff40      0x204 C:/Freescale/Freescale_MQX_4_1_FRDMK64F/lib/frdmk64f.cw10gcc/debug/mfs/mfs.a(mfs_create.o)
                0x0000ff40                MFS_Create_temp_file
 .text.MFS_Increment_free_clusters
                0x00010144       0x3c C:/Freescale/Freescale_MQX_4_1_FRDMK64F/lib/frdmk64f.cw10gcc/debug/mfs/mfs.a(mfs_cluster.o)
                0x00010144                MFS_Increment_free_clusters
 .text.MFS_Decrement_free_clusters
                0x00010180       0x3c C:/Freescale/Freescale_MQX_4_1_FRDMK64F/lib/frdmk64f.cw10gcc/debug/mfs/mfs.a(mfs_cluster.o)
                0x00010180                MFS_Decrement_free_clusters
 .text.MFS_Find_unused_cluster_from
                0x000101bc       0xbc C:/Freescale/Freescale_MQX_4_1_FRDMK64F/lib/frdmk64f.cw10gcc/debug/mfs/mfs.a(mfs_cluster.o)
                0x000101bc                MFS_Find_unused_cluster_from
 .text.MFS_Release_chain
                0x00010278      0x100 C:/Freescale/Freescale_MQX_4_1_FRDMK64F/lib/frdmk64f.cw10gcc/debug/mfs/mfs.a(mfs_cluster.o)
                0x00010278                MFS_Release_chain
 .text.MFS_Extend_chain
                0x00010378      0x12c C:/Freescale/Freescale_MQX_4_1_FRDMK64F/lib/frdmk64f.cw10gcc/debug/mfs/mfs.a(mfs_cluster.o)
                0x00010378                MFS_Extend_chain
 .text.MFS_Add_cluster_to_chain
                0x000104a4       0x28 C:/Freescale/Freescale_MQX_4_1_FRDMK64F/lib/frdmk64f.cw10gcc/debug/mfs/mfs.a(mfs_cluster.o)
                0x000104a4                MFS_Add_cluster_to_chain
 .text.MFS_Clear_cluster
                0x000104cc       0xa0 C:/Freescale/Freescale_MQX_4_1_FRDMK64F/lib/frdmk64f.cw10gcc/debug/mfs/mfs.a(mfs_cluster.o)
                0x000104cc                MFS_Clear_cluster
 .text.MFS_Bad_clusters
                0x0001056c       0x88 C:/Freescale/Freescale_MQX_4_1_FRDMK64F/lib/frdmk64f.cw10gcc/debug/mfs/mfs.a(mfs_cluster.o)
                0x0001056c                MFS_Bad_clusters
 .text.MFS_Last_cluster
                0x000105f4       0x38 C:/Freescale/Freescale_MQX_4_1_FRDMK64F/lib/frdmk64f.cw10gcc/debug/mfs/mfs.a(mfs_cluster.o)
                0x000105f4                MFS_Last_cluster
 .text.MFS_Get_disk_free_space
                0x0001062c       0x94 C:/Freescale/Freescale_MQX_4_1_FRDMK64F/lib/frdmk64f.cw10gcc/debug/mfs/mfs.a(mfs_cluster.o)
                0x0001062c                MFS_Get_disk_free_space
 .text.MFS_Get_disk_free_space_internal
                0x000106c0       0x9c C:/Freescale/Freescale_MQX_4_1_FRDMK64F/lib/frdmk64f.cw10gcc/debug/mfs/mfs.a(mfs_cluster.o)
                0x000106c0                MFS_Get_disk_free_space_internal
 .text.MFS_Get_file_attributes
                0x0001075c       0x88 C:/Freescale/Freescale_MQX_4_1_FRDMK64F/lib/frdmk64f.cw10gcc/debug/mfs/mfs.a(mfs_attribute.o)
                0x0001075c                MFS_Get_file_attributes
 .text.MFS_Set_file_attributes
                0x000107e4       0xe8 C:/Freescale/Freescale_MQX_4_1_FRDMK64F/lib/frdmk64f.cw10gcc/debug/mfs/mfs.a(mfs_attribute.o)
                0x000107e4                MFS_Set_file_attributes
 .text.MFS_Write
                0x000108cc      0x7c8 C:/Freescale/Freescale_MQX_4_1_FRDMK64F/lib/frdmk64f.cw10gcc/debug/mfs/mfs.a(mfs_write.o)
                0x000108cc                MFS_Write
 .text.MFS_Get_date_time
                0x00011094       0xa0 C:/Freescale/Freescale_MQX_4_1_FRDMK64F/lib/frdmk64f.cw10gcc/debug/mfs/mfs.a(mfs_time.o)
                0x00011094                MFS_Get_date_time
 .text.MFS_Set_date_time
                0x00011134       0xbc C:/Freescale/Freescale_MQX_4_1_FRDMK64F/lib/frdmk64f.cw10gcc/debug/mfs/mfs.a(mfs_time.o)
                0x00011134                MFS_Set_date_time
 .text.MFS_Find_directory_entry
                0x000111f0      0x41c C:/Freescale/Freescale_MQX_4_1_FRDMK64F/lib/frdmk64f.cw10gcc/debug/mfs/mfs.a(mfs_search.o)
                0x000111f0                MFS_Find_directory_entry
 .text.MFS_Find_directory
                0x0001160c      0x1d4 C:/Freescale/Freescale_MQX_4_1_FRDMK64F/lib/frdmk64f.cw10gcc/debug/mfs/mfs.a(mfs_search.o)
                0x0001160c                MFS_Find_directory
 .text.MFS_Find_entry_on_disk
                0x000117e0      0x134 C:/Freescale/Freescale_MQX_4_1_FRDMK64F/lib/frdmk64f.cw10gcc/debug/mfs/mfs.a(mfs_search.o)
                0x000117e0                MFS_Find_entry_on_disk
 .text.MFS_Find_next_slave
                0x00011914      0x348 C:/Freescale/Freescale_MQX_4_1_FRDMK64F/lib/frdmk64f.cw10gcc/debug/mfs/mfs.a(mfs_search.o)
                0x00011914                MFS_Find_next_slave
 .text.MFS_Check_search_string_for_all
                0x00011c5c       0x9c C:/Freescale/Freescale_MQX_4_1_FRDMK64F/lib/frdmk64f.cw10gcc/debug/mfs/mfs.a(mfs_search.o)
                0x00011c5c                MFS_Check_search_string_for_all
 .text.MFS_Check_search_string_for_8dot3
                0x00011cf8       0xb4 C:/Freescale/Freescale_MQX_4_1_FRDMK64F/lib/frdmk64f.cw10gcc/debug/mfs/mfs.a(mfs_search.o)
                0x00011cf8                MFS_Check_search_string_for_8dot3
 .text.MFS_Write_device_sectors
                0x00011dac      0x1ec C:/Freescale/Freescale_MQX_4_1_FRDMK64F/lib/frdmk64f.cw10gcc/debug/mfs/mfs.a(mfs_rw.o)
                0x00011dac                MFS_Write_device_sectors
 .text.MFS_Write_device_sector
                0x00011f98       0x34 C:/Freescale/Freescale_MQX_4_1_FRDMK64F/lib/frdmk64f.cw10gcc/debug/mfs/mfs.a(mfs_rw.o)
                0x00011f98                MFS_Write_device_sector
 .text.MFS_Read_device_sectors
                0x00011fcc      0x12c C:/Freescale/Freescale_MQX_4_1_FRDMK64F/lib/frdmk64f.cw10gcc/debug/mfs/mfs.a(mfs_rw.o)
                0x00011fcc                MFS_Read_device_sectors
 .text.MFS_Read_device_sector
                0x000120f8       0x34 C:/Freescale/Freescale_MQX_4_1_FRDMK64F/lib/frdmk64f.cw10gcc/debug/mfs/mfs.a(mfs_rw.o)
                0x000120f8                MFS_Read_device_sector
 .text.MFS_Invalidate_directory_sector
                0x0001212c       0x3c C:/Freescale/Freescale_MQX_4_1_FRDMK64F/lib/frdmk64f.cw10gcc/debug/mfs/mfs.a(mfs_rw.o)
                0x0001212c                MFS_Invalidate_directory_sector
 .text.MFS_Flush_directory_sector_buffer
                0x00012168       0x58 C:/Freescale/Freescale_MQX_4_1_FRDMK64F/lib/frdmk64f.cw10gcc/debug/mfs/mfs.a(mfs_rw.o)
                0x00012168                MFS_Flush_directory_sector_buffer
 .text.MFS_Read_directory_sector
                0x000121c0       0xf0 C:/Freescale/Freescale_MQX_4_1_FRDMK64F/lib/frdmk64f.cw10gcc/debug/mfs/mfs.a(mfs_rw.o)
                0x000121c0                MFS_Read_directory_sector
 .text.MFS_Flush_caches
                0x000122b0       0x58 C:/Freescale/Freescale_MQX_4_1_FRDMK64F/lib/frdmk64f.cw10gcc/debug/mfs/mfs.a(mfs_rw.o)
                0x000122b0                MFS_Flush_caches
 .text.MFS_Rename_file
                0x00012308      0x4fc C:/Freescale/Freescale_MQX_4_1_FRDMK64F/lib/frdmk64f.cw10gcc/debug/mfs/mfs.a(mfs_rename.o)
                0x00012308                MFS_Rename_file
 .text.MFS_next_data_sector
                0x00012804       0xb4 C:/Freescale/Freescale_MQX_4_1_FRDMK64F/lib/frdmk64f.cw10gcc/debug/mfs/mfs.a(mfs_read.o)
                0x00012804                MFS_next_data_sector
 .text.MFS_Read
                0x000128b8      0x414 C:/Freescale/Freescale_MQX_4_1_FRDMK64F/lib/frdmk64f.cw10gcc/debug/mfs/mfs.a(mfs_read.o)
                0x000128b8                MFS_Read
 .text.MFS_strupr
                0x00012ccc       0x44 C:/Freescale/Freescale_MQX_4_1_FRDMK64F/lib/frdmk64f.cw10gcc/debug/mfs/mfs.a(mfs_parse.o)
                0x00012ccc                MFS_strupr
 .text.MFS_Parse_pathname
                0x00012d10      0x128 C:/Freescale/Freescale_MQX_4_1_FRDMK64F/lib/frdmk64f.cw10gcc/debug/mfs/mfs.a(mfs_parse.o)
                0x00012d10                MFS_Parse_pathname
 .text.MFS_Wildcard_match
                0x00012e38       0x5c C:/Freescale/Freescale_MQX_4_1_FRDMK64F/lib/frdmk64f.cw10gcc/debug/mfs/mfs.a(mfs_parse.o)
                0x00012e38                MFS_Wildcard_match
 .text.MFS_Expand_wildcard
                0x00012e94      0x134 C:/Freescale/Freescale_MQX_4_1_FRDMK64F/lib/frdmk64f.cw10gcc/debug/mfs/mfs.a(mfs_parse.o)
                0x00012e94                MFS_Expand_wildcard
 .text.MFS_Expand_dotfile
                0x00012fc8      0x1a8 C:/Freescale/Freescale_MQX_4_1_FRDMK64F/lib/frdmk64f.cw10gcc/debug/mfs/mfs.a(mfs_parse.o)
                0x00012fc8                MFS_Expand_dotfile
 .text.MFS_Compress_nondotfile
                0x00013170      0x10c C:/Freescale/Freescale_MQX_4_1_FRDMK64F/lib/frdmk64f.cw10gcc/debug/mfs/mfs.a(mfs_parse.o)
                0x00013170                MFS_Compress_nondotfile
 .text.MFS_Filename_valid
                0x0001327c      0x11c C:/Freescale/Freescale_MQX_4_1_FRDMK64F/lib/frdmk64f.cw10gcc/debug/mfs/mfs.a(mfs_parse.o)
                0x0001327c                MFS_Filename_valid
 .text.MFS_Dirname_valid
                0x00013398       0x54 C:/Freescale/Freescale_MQX_4_1_FRDMK64F/lib/frdmk64f.cw10gcc/debug/mfs/mfs.a(mfs_parse.o)
                0x00013398                MFS_Dirname_valid
 .text.MFS_Attribute_match
                0x000133ec       0xe8 C:/Freescale/Freescale_MQX_4_1_FRDMK64F/lib/frdmk64f.cw10gcc/debug/mfs/mfs.a(mfs_parse.o)
                0x000133ec                MFS_Attribute_match
 .text.MFS_Parse_next_filename
                0x000134d4       0x90 C:/Freescale/Freescale_MQX_4_1_FRDMK64F/lib/frdmk64f.cw10gcc/debug/mfs/mfs.a(mfs_parse.o)
                0x000134d4                MFS_Parse_next_filename
 .text.MFS_Is_dot_directory
                0x00013564       0x68 C:/Freescale/Freescale_MQX_4_1_FRDMK64F/lib/frdmk64f.cw10gcc/debug/mfs/mfs.a(mfs_parse.o)
                0x00013564                MFS_Is_dot_directory
 .text.MFS_Open_file
                0x000135cc      0x164 C:/Freescale/Freescale_MQX_4_1_FRDMK64F/lib/frdmk64f.cw10gcc/debug/mfs/mfs.a(mfs_open.o)
                0x000135cc                MFS_Open_file
 .text.MFS_Close_file
                0x00013730      0x148 C:/Freescale/Freescale_MQX_4_1_FRDMK64F/lib/frdmk64f.cw10gcc/debug/mfs/mfs.a(mfs_open.o)
                0x00013730                MFS_Close_file
 .text.MFS_Move_file_pointer
                0x00013878      0x248 C:/Freescale/Freescale_MQX_4_1_FRDMK64F/lib/frdmk64f.cw10gcc/debug/mfs/mfs.a(mfs_open.o)
                0x00013878                MFS_Move_file_pointer
 .text.MFS_lfn_to_sfn
                0x00013ac0      0x3a8 C:/Freescale/Freescale_MQX_4_1_FRDMK64F/lib/frdmk64f.cw10gcc/debug/mfs/mfs.a(mfs_lfn.o)
                0x00013ac0                MFS_lfn_to_sfn
 .text.MFS_is_valid_lfn
                0x00013e68       0x88 C:/Freescale/Freescale_MQX_4_1_FRDMK64F/lib/frdmk64f.cw10gcc/debug/mfs/mfs.a(mfs_lfn.o)
                0x00013e68                MFS_is_valid_lfn
 .text.MFS_lfn_dirname_valid
                0x00013ef0       0x54 C:/Freescale/Freescale_MQX_4_1_FRDMK64F/lib/frdmk64f.cw10gcc/debug/mfs/mfs.a(mfs_lfn.o)
                0x00013ef0                MFS_lfn_dirname_valid
 .text.MFS_lfn_match
                0x00013f44      0x154 C:/Freescale/Freescale_MQX_4_1_FRDMK64F/lib/frdmk64f.cw10gcc/debug/mfs/mfs.a(mfs_lfn.o)
                0x00013f44                MFS_lfn_match
 .text.MFS_lfn_extract
                0x00014098      0x168 C:/Freescale/Freescale_MQX_4_1_FRDMK64F/lib/frdmk64f.cw10gcc/debug/mfs/mfs.a(mfs_lfn.o)
                0x00014098                MFS_lfn_extract
 .text.MFS_increment_lfn
                0x00014200       0xfc C:/Freescale/Freescale_MQX_4_1_FRDMK64F/lib/frdmk64f.cw10gcc/debug/mfs/mfs.a(mfs_lfn.o)
                0x00014200                MFS_increment_lfn
 .text.MFS_remove_lfn_entries
                0x000142fc      0x150 C:/Freescale/Freescale_MQX_4_1_FRDMK64F/lib/frdmk64f.cw10gcc/debug/mfs/mfs.a(mfs_lfn.o)
                0x000142fc                MFS_remove_lfn_entries
 .text.MFS_lfn_name_to_entry
                0x0001444c      0x254 C:/Freescale/Freescale_MQX_4_1_FRDMK64F/lib/frdmk64f.cw10gcc/debug/mfs/mfs.a(mfs_lfn.o)
                0x0001444c                MFS_lfn_name_to_entry
 .text.MFS_lfn_checksum
                0x000146a0       0x5c C:/Freescale/Freescale_MQX_4_1_FRDMK64F/lib/frdmk64f.cw10gcc/debug/mfs/mfs.a(mfs_lfn.o)
                0x000146a0                MFS_lfn_checksum
 .text.MFS_get_prev_cluster
                0x000146fc       0xd4 C:/Freescale/Freescale_MQX_4_1_FRDMK64F/lib/frdmk64f.cw10gcc/debug/mfs/mfs.a(mfs_lfn.o)
                0x000146fc                MFS_get_prev_cluster
 .text.MFS_get_lfn
                0x000147d0       0x54 C:/Freescale/Freescale_MQX_4_1_FRDMK64F/lib/frdmk64f.cw10gcc/debug/mfs/mfs.a(mfs_lfn.o)
                0x000147d0                MFS_get_lfn
 .text.MFS_get_lfn_of_entry
                0x00014824      0x188 C:/Freescale/Freescale_MQX_4_1_FRDMK64F/lib/frdmk64f.cw10gcc/debug/mfs/mfs.a(mfs_lfn.o)
                0x00014824                MFS_get_lfn_of_entry
 .text.MFS_get_lfn_dir_cluster
                0x000149ac      0x1c4 C:/Freescale/Freescale_MQX_4_1_FRDMK64F/lib/frdmk64f.cw10gcc/debug/mfs/mfs.a(mfs_lfn.o)
                0x000149ac                MFS_get_lfn_dir_cluster
 .text.MFS_Get_handle
                0x00014b70       0x5c C:/Freescale/Freescale_MQX_4_1_FRDMK64F/lib/frdmk64f.cw10gcc/debug/mfs/mfs.a(mfs_handle.o)
                0x00014b70                MFS_Get_handle
 .text.MFS_Free_handle
                0x00014bcc       0x38 C:/Freescale/Freescale_MQX_4_1_FRDMK64F/lib/frdmk64f.cw10gcc/debug/mfs/mfs.a(mfs_handle.o)
                0x00014bcc                MFS_Free_handle
 .text.MFS_Find_handle
                0x00014c04       0x58 C:/Freescale/Freescale_MQX_4_1_FRDMK64F/lib/frdmk64f.cw10gcc/debug/mfs/mfs.a(mfs_handle.o)
                0x00014c04                MFS_Find_handle
 .text.__thumb_startup
                0x00014c5c       0x3c C:/Freescale/CW MCU v10.6/MCU/ARM_GCC_Support/ewl/lib/armv7e-m/__arm_start.o
                0x00014c5c                __thumb_startup
 .text._ExitProcess
                0x00014c98        0x2 C:/Freescale/CW MCU v10.6/MCU/ARM_GCC_Support/ewl/lib/armv7e-m/__arm_end.o
                0x00014c98                _ExitProcess
 *fill*         0x00014c9a        0x2 00
 .text.__init_cpp
                0x00014c9c       0x4c C:/Freescale/CW MCU v10.6/MCU/ARM_GCC_Support/ewl/lib/armv7e-m\librt.a(gcc_ctor_dtor.o)
                0x00014c9c                __init_cpp
 .text.__fini_cpp
                0x00014ce8       0x34 C:/Freescale/CW MCU v10.6/MCU/ARM_GCC_Support/ewl/lib/armv7e-m\librt.a(gcc_ctor_dtor.o)
                0x00014ce8                __fini_cpp
 .text.__copy_rom_section
                0x00014d1c       0x44 C:/Freescale/CW MCU v10.6/MCU/ARM_GCC_Support/ewl/lib/armv7e-m\librt.a(ROMCopy.o)
                0x00014d1c                __copy_rom_section
 .text.__copy_rom_sections_to_ram
                0x00014d60       0x30 C:/Freescale/CW MCU v10.6/MCU/ARM_GCC_Support/ewl/lib/armv7e-m\librt.a(ROMCopy.o)
                0x00014d60                __copy_rom_sections_to_ram
 .text.__destroy_global_chain
                0x00014d90       0x18 C:/Freescale/CW MCU v10.6/MCU/ARM_GCC_Support/ewl/lib/armv7e-m\librt.a(__arm_eabi_init.o)
                0x00014d90                __destroy_global_chain
 .text.__init_user
                0x00014da8        0x4 C:/Freescale/CW MCU v10.6/MCU/ARM_GCC_Support/ewl/lib/armv7e-m\librt.a(__arm_eabi_init.o)
                0x00014da8                __init_user
 .text.exit     0x00014dac       0x38 C:/Freescale/CW MCU v10.6/MCU/ARM_GCC_Support/ewl/lib/armv7e-m\libc.a(exit.o)
                0x00014dac                exit
 .text.memcmp   0x00014de4       0x22 C:/Freescale/CW MCU v10.6/MCU/ARM_GCC_Support/ewl/lib/armv7e-m\libc.a(memcmp.o)
                0x00014de4                memcmp
 .text.memcpy   0x00014e06       0x12 C:/Freescale/CW MCU v10.6/MCU/ARM_GCC_Support/ewl/lib/armv7e-m\libc.a(memcpy.o)
                0x00014e06                memcpy
 .text.memset   0x00014e18        0xc C:/Freescale/CW MCU v10.6/MCU/ARM_GCC_Support/ewl/lib/armv7e-m\libc.a(memset.o)
                0x00014e18                memset
 .text.strcat   0x00014e24       0x1a C:/Freescale/CW MCU v10.6/MCU/ARM_GCC_Support/ewl/lib/armv7e-m\libc.a(strcat.o)
                0x00014e24                strcat
 .text.strcmp   0x00014e3e       0x1a C:/Freescale/CW MCU v10.6/MCU/ARM_GCC_Support/ewl/lib/armv7e-m\libc.a(strcmp.o)
                0x00014e3e                strcmp
 .text.strcpy   0x00014e58        0xe C:/Freescale/CW MCU v10.6/MCU/ARM_GCC_Support/ewl/lib/armv7e-m\libc.a(strcpy.o)
                0x00014e58                strcpy
 .text.strlen   0x00014e66       0x10 C:/Freescale/CW MCU v10.6/MCU/ARM_GCC_Support/ewl/lib/armv7e-m\libc.a(strlen.o)
                0x00014e66                strlen
 .text.strncmp  0x00014e76       0x22 C:/Freescale/CW MCU v10.6/MCU/ARM_GCC_Support/ewl/lib/armv7e-m\libc.a(strncmp.o)
                0x00014e76                strncmp
 .text.strncpy  0x00014e98       0x30 C:/Freescale/CW MCU v10.6/MCU/ARM_GCC_Support/ewl/lib/armv7e-m\libc.a(strncpy.o)
                0x00014e98                strncpy
 .text.__fill_mem
                0x00014ec8       0x76 C:/Freescale/CW MCU v10.6/MCU/ARM_GCC_Support/ewl/lib/armv7e-m\libc.a(__filll_mem.o)
                0x00014ec8                __fill_mem
 *fill*         0x00014f3e        0x2 00
 .text.modf     0x00014f40       0xac C:/Freescale/CW MCU v10.6/MCU/ARM_GCC_Support/ewl/lib/armv7e-m\libm.a(s_modf.o)
                0x00014f40                modf
 .text          0x00014fec      0x370 C:/Freescale/CW MCU v10.6/Cross_Tools/arm-none-eabi-gcc-4_7_3/lib/gcc/arm-none-eabi/4.7.3/armv7e-m\libgcc.a(_arm_addsubdf3.o)
                0x00014fec                __aeabi_drsub
                0x00014ff4                __aeabi_dsub
                0x00014ff4                __subdf3
                0x00014ff8                __aeabi_dadd
                0x00014ff8                __adddf3
                0x00015270                __floatunsidf
                0x00015270                __aeabi_ui2d
                0x00015290                __floatsidf
                0x00015290                __aeabi_i2d
                0x000152b4                __aeabi_f2d
                0x000152b4                __extendsfdf2
                0x000152f0                __floatundidf
                0x000152f0                __aeabi_ul2d
                0x00015300                __floatdidf
                0x00015300                __aeabi_l2d
 .text          0x0001535c      0x424 C:/Freescale/CW MCU v10.6/Cross_Tools/arm-none-eabi-gcc-4_7_3/lib/gcc/arm-none-eabi/4.7.3/armv7e-m\libgcc.a(_arm_muldivdf3.o)
                0x0001535c                __aeabi_dmul
                0x0001535c                __muldf3
                0x000155b0                __divdf3
                0x000155b0                __aeabi_ddiv
 .text          0x00015780      0x110 C:/Freescale/CW MCU v10.6/Cross_Tools/arm-none-eabi-gcc-4_7_3/lib/gcc/arm-none-eabi/4.7.3/armv7e-m\libgcc.a(_arm_cmpdf2.o)
                0x00015780                __gtdf2
                0x00015780                __gedf2
                0x00015788                __ltdf2
                0x00015788                __ledf2
                0x00015790                __nedf2
                0x00015790                __eqdf2
                0x00015790                __cmpdf2
                0x0001580c                __aeabi_cdrcmple
                0x0001581c                __aeabi_cdcmpeq
                0x0001581c                __aeabi_cdcmple
                0x0001582c                __aeabi_dcmpeq
                0x00015840                __aeabi_dcmplt
                0x00015854                __aeabi_dcmple
                0x00015868                __aeabi_dcmpge
                0x0001587c                __aeabi_dcmpgt
 .text          0x00015890       0x50 C:/Freescale/CW MCU v10.6/Cross_Tools/arm-none-eabi-gcc-4_7_3/lib/gcc/arm-none-eabi/4.7.3/armv7e-m\libgcc.a(_arm_fixdfsi.o)
                0x00015890                __aeabi_d2iz
                0x00015890                __fixdfsi
 .text          0x000158e0       0x40 C:/Freescale/CW MCU v10.6/Cross_Tools/arm-none-eabi-gcc-4_7_3/lib/gcc/arm-none-eabi/4.7.3/armv7e-m\libgcc.a(_arm_fixunsdfsi.o)
                0x000158e0                __aeabi_d2uiz
                0x000158e0                __fixunsdfsi
 .text          0x00015920       0x38 C:/Freescale/CW MCU v10.6/Cross_Tools/arm-none-eabi-gcc-4_7_3/lib/gcc/arm-none-eabi/4.7.3/armv7e-m\libgcc.a(_aeabi_ldivmod.o)
                0x00015920                __aeabi_ldivmod
 .text          0x00015958       0x2c C:/Freescale/CW MCU v10.6/Cross_Tools/arm-none-eabi-gcc-4_7_3/lib/gcc/arm-none-eabi/4.7.3/armv7e-m\libgcc.a(_aeabi_uldivmod.o)
                0x00015958                __aeabi_uldivmod
 .text          0x00015984       0x58 C:/Freescale/CW MCU v10.6/Cross_Tools/arm-none-eabi-gcc-4_7_3/lib/gcc/arm-none-eabi/4.7.3/armv7e-m\libgcc.a(bpabi.o)
                0x00015984                __gnu_ldivmod_helper
                0x000159b0                __gnu_uldivmod_helper
 .text          0x000159dc        0x4 C:/Freescale/CW MCU v10.6/Cross_Tools/arm-none-eabi-gcc-4_7_3/lib/gcc/arm-none-eabi/4.7.3/armv7e-m\libgcc.a(_dvmd_tls.o)
                0x000159dc                __aeabi_idiv0
                0x000159dc                __aeabi_ldiv0
 .text          0x000159e0      0x2bc C:/Freescale/CW MCU v10.6/Cross_Tools/arm-none-eabi-gcc-4_7_3/lib/gcc/arm-none-eabi/4.7.3/armv7e-m\libgcc.a(_divdi3.o)
                0x000159e0                __divdi3
 .text          0x00015c9c      0x288 C:/Freescale/CW MCU v10.6/Cross_Tools/arm-none-eabi-gcc-4_7_3/lib/gcc/arm-none-eabi/4.7.3/armv7e-m\libgcc.a(_udivdi3.o)
                0x00015c9c                __udivdi3
 .text.main     0x00015f24       0x18 C:/Freescale/Freescale_MQX_4_1_FRDMK64F/lib/frdmk64f.cw10gcc/debug/bsp/bsp.a(mqx_main.o)
                0x00015f24                main
 .text._bsp_watchdog_disable
                0x00015f3c       0x3c C:/Freescale/Freescale_MQX_4_1_FRDMK64F/lib/frdmk64f.cw10gcc/debug/bsp/bsp.a(init_hw.o)
                0x00015f3c                _bsp_watchdog_disable
 .text._bsp_flexbus_setup
                0x00015f78      0x15c C:/Freescale/Freescale_MQX_4_1_FRDMK64F/lib/frdmk64f.cw10gcc/debug/bsp/bsp.a(init_hw.o)
 .text.init_hardware
                0x000160d4       0x14 C:/Freescale/Freescale_MQX_4_1_FRDMK64F/lib/frdmk64f.cw10gcc/debug/bsp/bsp.a(init_hw.o)
                0x000160d4                init_hardware
 .text._bsp_serial_io_init
                0x000160e8      0x3a4 C:/Freescale/Freescale_MQX_4_1_FRDMK64F/lib/frdmk64f.cw10gcc/debug/bsp/bsp.a(init_gpio.o)
                0x000160e8                _bsp_serial_io_init
 .text._bsp_adc_io_init
                0x0001648c       0x70 C:/Freescale/Freescale_MQX_4_1_FRDMK64F/lib/frdmk64f.cw10gcc/debug/bsp/bsp.a(init_gpio.o)
                0x0001648c                _bsp_adc_io_init
 .text._bsp_adc_channel_io_init
                0x000164fc      0x164 C:/Freescale/Freescale_MQX_4_1_FRDMK64F/lib/frdmk64f.cw10gcc/debug/bsp/bsp.a(init_gpio.o)
                0x000164fc                _bsp_adc_channel_io_init
 .text._bsp_rtc_io_init
                0x00016660       0x38 C:/Freescale/Freescale_MQX_4_1_FRDMK64F/lib/frdmk64f.cw10gcc/debug/bsp/bsp.a(init_gpio.o)
                0x00016660                _bsp_rtc_io_init
 .text._bsp_esdhc_io_init
                0x00016698       0xa4 C:/Freescale/Freescale_MQX_4_1_FRDMK64F/lib/frdmk64f.cw10gcc/debug/bsp/bsp.a(init_gpio.o)
                0x00016698                _bsp_esdhc_io_init
 .text._bsp_i2c_io_init
                0x0001673c       0xe0 C:/Freescale/Freescale_MQX_4_1_FRDMK64F/lib/frdmk64f.cw10gcc/debug/bsp/bsp.a(init_gpio.o)
                0x0001673c                _bsp_i2c_io_init
 .text._bsp_gpio_io_init
                0x0001681c       0x54 C:/Freescale/Freescale_MQX_4_1_FRDMK64F/lib/frdmk64f.cw10gcc/debug/bsp/bsp.a(init_gpio.o)
                0x0001681c                _bsp_gpio_io_init
 .text._bsp_serial_rts_init
                0x00016870       0xb8 C:/Freescale/Freescale_MQX_4_1_FRDMK64F/lib/frdmk64f.cw10gcc/debug/bsp/bsp.a(init_gpio.o)
                0x00016870                _bsp_serial_rts_init
 .text._bsp_sai_io_init
                0x00016928       0xdc C:/Freescale/Freescale_MQX_4_1_FRDMK64F/lib/frdmk64f.cw10gcc/debug/bsp/bsp.a(init_gpio.o)
                0x00016928                _bsp_sai_io_init
 .text._bsp_serial_irda_tx_init
                0x00016a04       0x1c C:/Freescale/Freescale_MQX_4_1_FRDMK64F/lib/frdmk64f.cw10gcc/debug/bsp/bsp.a(init_gpio.o)
                0x00016a04                _bsp_serial_irda_tx_init
 .text._bsp_serial_irda_rx_init
                0x00016a20       0x1c C:/Freescale/Freescale_MQX_4_1_FRDMK64F/lib/frdmk64f.cw10gcc/debug/bsp/bsp.a(init_gpio.o)
                0x00016a20                _bsp_serial_irda_rx_init
 .text._bsp_pre_init
                0x00016a3c      0x200 C:/Freescale/Freescale_MQX_4_1_FRDMK64F/lib/frdmk64f.cw10gcc/debug/bsp/bsp.a(init_bsp.o)
                0x00016a3c                _bsp_pre_init
 .text._bsp_init
                0x00016c3c       0xf4 C:/Freescale/Freescale_MQX_4_1_FRDMK64F/lib/frdmk64f.cw10gcc/debug/bsp/bsp.a(init_bsp.o)
                0x00016c3c                _bsp_init
 .text._bsp_systimer_callback
                0x00016d30       0x14 C:/Freescale/Freescale_MQX_4_1_FRDMK64F/lib/frdmk64f.cw10gcc/debug/bsp/bsp.a(init_bsp.o)
                0x00016d30                _bsp_systimer_callback
 .text._bsp_get_hwticks
                0x00016d44       0x28 C:/Freescale/Freescale_MQX_4_1_FRDMK64F/lib/frdmk64f.cw10gcc/debug/bsp/bsp.a(init_bsp.o)
                0x00016d44                _bsp_get_hwticks
 .text.LDD_SetClockConfiguration
                0x00016d6c       0x14 C:/Freescale/Freescale_MQX_4_1_FRDMK64F/lib/frdmk64f.cw10gcc/debug/bsp/bsp.a(bsp_cm.o)
                0x00016d6c                LDD_SetClockConfiguration
 .text.CPU_MCGAutoTrim
                0x00016d80      0x16c C:/Freescale/Freescale_MQX_4_1_FRDMK64F/lib/frdmk64f.cw10gcc/debug/bsp/bsp.a(bsp_cm.o)
                0x00016d80                CPU_MCGAutoTrim
 .text.CPU_GetClockGenMode
                0x00016eec       0xc0 C:/Freescale/Freescale_MQX_4_1_FRDMK64F/lib/frdmk64f.cw10gcc/debug/bsp/bsp.a(bsp_cm.o)
                0x00016eec                CPU_GetClockGenMode
 .text.CPU_SetClockConfigGenMode
                0x00016fac      0x778 C:/Freescale/Freescale_MQX_4_1_FRDMK64F/lib/frdmk64f.cw10gcc/debug/bsp/bsp.a(bsp_cm.o)
                0x00016fac                CPU_SetClockConfigGenMode
 .text.CPU_SetClockConfiguration
                0x00017724      0x208 C:/Freescale/Freescale_MQX_4_1_FRDMK64F/lib/frdmk64f.cw10gcc/debug/bsp/bsp.a(bsp_cm.o)
                0x00017724                CPU_SetClockConfiguration
 .text.CPU_GetClockConfiguration
                0x0001792c       0x18 C:/Freescale/Freescale_MQX_4_1_FRDMK64F/lib/frdmk64f.cw10gcc/debug/bsp/bsp.a(bsp_cm.o)
                0x0001792c                CPU_GetClockConfiguration
 .text._bsp_initialize_hardware
                0x00017944       0xb4 C:/Freescale/Freescale_MQX_4_1_FRDMK64F/lib/frdmk64f.cw10gcc/debug/bsp/bsp.a(bsp_cm.o)
                0x00017944                _bsp_initialize_hardware
 .text.PE_low_level_init
                0x000179f8        0xc C:/Freescale/Freescale_MQX_4_1_FRDMK64F/lib/frdmk64f.cw10gcc/debug/bsp/bsp.a(bsp_cm.o)
                0x000179f8                PE_low_level_init
 .text._bsp_set_clock_configuration
                0x00017a04       0x58 C:/Freescale/Freescale_MQX_4_1_FRDMK64F/lib/frdmk64f.cw10gcc/debug/bsp/bsp.a(bsp_cm.o)
                0x00017a04                _bsp_set_clock_configuration
 .text._bsp_get_clock_configuration
                0x00017a5c       0x10 C:/Freescale/Freescale_MQX_4_1_FRDMK64F/lib/frdmk64f.cw10gcc/debug/bsp/bsp.a(bsp_cm.o)
                0x00017a5c                _bsp_get_clock_configuration
 .text._bsp_get_clock
                0x00017a6c       0x60 C:/Freescale/Freescale_MQX_4_1_FRDMK64F/lib/frdmk64f.cw10gcc/debug/bsp/bsp.a(bsp_cm.o)
                0x00017a6c                _bsp_get_clock
 .text._bsp_osc_autotrim
                0x00017acc       0x48 C:/Freescale/Freescale_MQX_4_1_FRDMK64F/lib/frdmk64f.cw10gcc/debug/bsp/bsp.a(bsp_cm.o)
                0x00017acc                _bsp_osc_autotrim
 .text._bsp_low_level_init
                0x00017b14        0xc C:/Freescale/Freescale_MQX_4_1_FRDMK64F/lib/frdmk64f.cw10gcc/debug/bsp/bsp.a(bsp_cm.o)
                0x00017b14                _bsp_low_level_init
 .text._io_adc_install
                0x00017b20       0xac C:/Freescale/Freescale_MQX_4_1_FRDMK64F/lib/frdmk64f.cw10gcc/debug/bsp/bsp.a(adc.o)
                0x00017b20                _io_adc_install
 .text._adc_open
                0x00017bcc      0x5d4 C:/Freescale/Freescale_MQX_4_1_FRDMK64F/lib/frdmk64f.cw10gcc/debug/bsp/bsp.a(adc.o)
                0x00017bcc                _adc_open
 .text._adc_close
                0x000181a0      0x170 C:/Freescale/Freescale_MQX_4_1_FRDMK64F/lib/frdmk64f.cw10gcc/debug/bsp/bsp.a(adc.o)
                0x000181a0                _adc_close
 .text._adc_read
                0x00018310       0xcc C:/Freescale/Freescale_MQX_4_1_FRDMK64F/lib/frdmk64f.cw10gcc/debug/bsp/bsp.a(adc.o)
                0x00018310                _adc_read
 .text._adc_write
                0x000183dc       0x1c C:/Freescale/Freescale_MQX_4_1_FRDMK64F/lib/frdmk64f.cw10gcc/debug/bsp/bsp.a(adc.o)
                0x000183dc                _adc_write
 .text._adc_ioctl
                0x000183f8      0x178 C:/Freescale/Freescale_MQX_4_1_FRDMK64F/lib/frdmk64f.cw10gcc/debug/bsp/bsp.a(adc.o)
                0x000183f8                _adc_ioctl
 .text._adt_hw_ioctl
                0x00018570      0x39c C:/Freescale/Freescale_MQX_4_1_FRDMK64F/lib/frdmk64f.cw10gcc/debug/bsp/bsp.a(adt_kpdb.o)
                0x00018570                _adt_hw_ioctl
 .text._adt_hw_install
                0x0001890c       0x1c C:/Freescale/Freescale_MQX_4_1_FRDMK64F/lib/frdmk64f.cw10gcc/debug/bsp/bsp.a(adt_kpdb.o)
                0x0001890c                _adt_hw_install
 .text._adt_hw_init
                0x00018928      0x220 C:/Freescale/Freescale_MQX_4_1_FRDMK64F/lib/frdmk64f.cw10gcc/debug/bsp/bsp.a(adt_kpdb.o)
                0x00018928                _adt_hw_init
 .text._adt_hw_deinit
                0x00018b48       0x28 C:/Freescale/Freescale_MQX_4_1_FRDMK64F/lib/frdmk64f.cw10gcc/debug/bsp/bsp.a(adt_kpdb.o)
                0x00018b48                _adt_hw_deinit
 .text.adt_period_prescaler
                0x00018b70      0x30c C:/Freescale/Freescale_MQX_4_1_FRDMK64F/lib/frdmk64f.cw10gcc/debug/bsp/bsp.a(adt_kpdb.o)
 .text._adt_hw_channel_init
                0x00018e7c      0x270 C:/Freescale/Freescale_MQX_4_1_FRDMK64F/lib/frdmk64f.cw10gcc/debug/bsp/bsp.a(adt_kpdb.o)
                0x00018e7c                _adt_hw_channel_init
 .text._adt_hw_channel_deinit
                0x000190ec      0x1e0 C:/Freescale/Freescale_MQX_4_1_FRDMK64F/lib/frdmk64f.cw10gcc/debug/bsp/bsp.a(adt_kpdb.o)
                0x000190ec                _adt_hw_channel_deinit
 .text._adt_trigger
                0x000192cc      0x1cc C:/Freescale/Freescale_MQX_4_1_FRDMK64F/lib/frdmk64f.cw10gcc/debug/bsp/bsp.a(adt_kpdb.o)
                0x000192cc                _adt_trigger
 .text._adt_pause
                0x00019498      0x1a0 C:/Freescale/Freescale_MQX_4_1_FRDMK64F/lib/frdmk64f.cw10gcc/debug/bsp/bsp.a(adt_kpdb.o)
                0x00019498                _adt_pause
 .text._adt_resume
                0x00019638      0x1ac C:/Freescale/Freescale_MQX_4_1_FRDMK64F/lib/frdmk64f.cw10gcc/debug/bsp/bsp.a(adt_kpdb.o)
                0x00019638                _adt_resume
 .text._adt_stop
                0x000197e4      0x17c C:/Freescale/Freescale_MQX_4_1_FRDMK64F/lib/frdmk64f.cw10gcc/debug/bsp/bsp.a(adt_kpdb.o)
                0x000197e4                _adt_stop
 .text._adt_process_data
                0x00019960      0x178 C:/Freescale/Freescale_MQX_4_1_FRDMK64F/lib/frdmk64f.cw10gcc/debug/bsp/bsp.a(adt_kpdb.o)
                0x00019960                _adt_process_data
 .text.adt_idelay_isr
                0x00019ad8       0x8c C:/Freescale/Freescale_MQX_4_1_FRDMK64F/lib/frdmk64f.cw10gcc/debug/bsp/bsp.a(adt_kpdb.o)
 .text._adc_hw_ioctl
                0x00019b64      0x4e4 C:/Freescale/Freescale_MQX_4_1_FRDMK64F/lib/frdmk64f.cw10gcc/debug/bsp/bsp.a(adc_kadc.o)
                0x00019b64                _adc_hw_ioctl
 .text._adc_hw_install
                0x0001a048       0x24 C:/Freescale/Freescale_MQX_4_1_FRDMK64F/lib/frdmk64f.cw10gcc/debug/bsp/bsp.a(adc_kadc.o)
                0x0001a048                _adc_hw_install
 .text._adc_hw_init
                0x0001a06c      0x3f8 C:/Freescale/Freescale_MQX_4_1_FRDMK64F/lib/frdmk64f.cw10gcc/debug/bsp/bsp.a(adc_kadc.o)
                0x0001a06c                _adc_hw_init
 .text._adc_hw_deinit
                0x0001a464       0x38 C:/Freescale/Freescale_MQX_4_1_FRDMK64F/lib/frdmk64f.cw10gcc/debug/bsp/bsp.a(adc_kadc.o)
                0x0001a464                _adc_hw_deinit
 .text._adc_hw_channel_init
                0x0001a49c      0x1bc C:/Freescale/Freescale_MQX_4_1_FRDMK64F/lib/frdmk64f.cw10gcc/debug/bsp/bsp.a(adc_kadc.o)
                0x0001a49c                _adc_hw_channel_init
 .text._adc_hw_channel_deinit
                0x0001a658       0xc0 C:/Freescale/Freescale_MQX_4_1_FRDMK64F/lib/frdmk64f.cw10gcc/debug/bsp/bsp.a(adc_kadc.o)
                0x0001a658                _adc_hw_channel_deinit
 .text.adc_process_data
                0x0001a718      0x128 C:/Freescale/Freescale_MQX_4_1_FRDMK64F/lib/frdmk64f.cw10gcc/debug/bsp/bsp.a(adc_kadc.o)
 .text.adc_process_all_data
                0x0001a840       0x64 C:/Freescale/Freescale_MQX_4_1_FRDMK64F/lib/frdmk64f.cw10gcc/debug/bsp/bsp.a(adc_kadc.o)
                0x0001a840                adc_process_all_data
 .text.adc_complete_isr
                0x0001a8a4       0x44 C:/Freescale/Freescale_MQX_4_1_FRDMK64F/lib/frdmk64f.cw10gcc/debug/bsp/bsp.a(adc_kadc.o)
 .text.adc_calibrate
                0x0001a8e8      0x164 C:/Freescale/Freescale_MQX_4_1_FRDMK64F/lib/frdmk64f.cw10gcc/debug/bsp/bsp.a(adc_kadc.o)
 .text.adc_get_calibration_data
                0x0001aa4c       0xec C:/Freescale/Freescale_MQX_4_1_FRDMK64F/lib/frdmk64f.cw10gcc/debug/bsp/bsp.a(adc_kadc.o)
 .text.adc_set_calibration_data
                0x0001ab38      0x110 C:/Freescale/Freescale_MQX_4_1_FRDMK64F/lib/frdmk64f.cw10gcc/debug/bsp/bsp.a(adc_kadc.o)
 .text.dma_tcd_mem2reg
                0x0001ac48      0x114 C:/Freescale/Freescale_MQX_4_1_FRDMK64F/lib/frdmk64f.cw10gcc/debug/bsp/bsp.a(dma.o)
                0x0001ac48                dma_tcd_mem2reg
 .text.dma_tcd_reg2mem
                0x0001ad5c      0x118 C:/Freescale/Freescale_MQX_4_1_FRDMK64F/lib/frdmk64f.cw10gcc/debug/bsp/bsp.a(dma.o)
                0x0001ad5c                dma_tcd_reg2mem
 .text.dma_init
                0x0001ae74       0xa4 C:/Freescale/Freescale_MQX_4_1_FRDMK64F/lib/frdmk64f.cw10gcc/debug/bsp/bsp.a(dma.o)
                0x0001ae74                dma_init
 .text.dma_deinit
                0x0001af18       0xa4 C:/Freescale/Freescale_MQX_4_1_FRDMK64F/lib/frdmk64f.cw10gcc/debug/bsp/bsp.a(dma.o)
                0x0001af18                dma_deinit
 .text.dma_channel_claim
                0x0001afbc       0xc4 C:/Freescale/Freescale_MQX_4_1_FRDMK64F/lib/frdmk64f.cw10gcc/debug/bsp/bsp.a(dma.o)
                0x0001afbc                dma_channel_claim
 .text.dma_channel_release
                0x0001b080       0x44 C:/Freescale/Freescale_MQX_4_1_FRDMK64F/lib/frdmk64f.cw10gcc/debug/bsp/bsp.a(dma.o)
                0x0001b080                dma_channel_release
 .text.dma_channel_setup
                0x0001b0c4       0x4c C:/Freescale/Freescale_MQX_4_1_FRDMK64F/lib/frdmk64f.cw10gcc/debug/bsp/bsp.a(dma.o)
                0x0001b0c4                dma_channel_setup
 .text.dma_transfer_submit
                0x0001b110       0x4c C:/Freescale/Freescale_MQX_4_1_FRDMK64F/lib/frdmk64f.cw10gcc/debug/bsp/bsp.a(dma.o)
                0x0001b110                dma_transfer_submit
 .text.dma_request_source
                0x0001b15c       0x48 C:/Freescale/Freescale_MQX_4_1_FRDMK64F/lib/frdmk64f.cw10gcc/debug/bsp/bsp.a(dma.o)
                0x0001b15c                dma_request_source
 .text.dma_request_enable
                0x0001b1a4       0x44 C:/Freescale/Freescale_MQX_4_1_FRDMK64F/lib/frdmk64f.cw10gcc/debug/bsp/bsp.a(dma.o)
                0x0001b1a4                dma_request_enable
 .text.dma_request_disable
                0x0001b1e8       0x44 C:/Freescale/Freescale_MQX_4_1_FRDMK64F/lib/frdmk64f.cw10gcc/debug/bsp/bsp.a(dma.o)
                0x0001b1e8                dma_request_disable
 .text.dma_callback_reg
                0x0001b22c       0x40 C:/Freescale/Freescale_MQX_4_1_FRDMK64F/lib/frdmk64f.cw10gcc/debug/bsp/bsp.a(dma.o)
                0x0001b22c                dma_callback_reg
 .text._esdhc_set_baudrate_low
                0x0001b26c       0xf8 C:/Freescale/Freescale_MQX_4_1_FRDMK64F/lib/frdmk64f.cw10gcc/debug/bsp/bsp.a(esdhc.o)
 .text._esdhc_set_baudrate
                0x0001b364       0x70 C:/Freescale/Freescale_MQX_4_1_FRDMK64F/lib/frdmk64f.cw10gcc/debug/bsp/bsp.a(esdhc.o)
 .text._esdhc_get_baudrate_low
                0x0001b3d4       0x48 C:/Freescale/Freescale_MQX_4_1_FRDMK64F/lib/frdmk64f.cw10gcc/debug/bsp/bsp.a(esdhc.o)
 .text._esdhc_get_baudrate
                0x0001b41c       0x2c C:/Freescale/Freescale_MQX_4_1_FRDMK64F/lib/frdmk64f.cw10gcc/debug/bsp/bsp.a(esdhc.o)
 .text._esdhc_is_running
                0x0001b448       0x28 C:/Freescale/Freescale_MQX_4_1_FRDMK64F/lib/frdmk64f.cw10gcc/debug/bsp/bsp.a(esdhc.o)
 .text._esdhc_init
                0x0001b470      0x12c C:/Freescale/Freescale_MQX_4_1_FRDMK64F/lib/frdmk64f.cw10gcc/debug/bsp/bsp.a(esdhc.o)
 .text._esdhc_send_command
                0x0001b59c      0x3e8 C:/Freescale/Freescale_MQX_4_1_FRDMK64F/lib/frdmk64f.cw10gcc/debug/bsp/bsp.a(esdhc.o)
 .text._esdhc_get_card_type
                0x0001b984      0x418 C:/Freescale/Freescale_MQX_4_1_FRDMK64F/lib/frdmk64f.cw10gcc/debug/bsp/bsp.a(esdhc.o)
 .text._esdhc_install
                0x0001bd9c      0x14c C:/Freescale/Freescale_MQX_4_1_FRDMK64F/lib/frdmk64f.cw10gcc/debug/bsp/bsp.a(esdhc.o)
                0x0001bd9c                _esdhc_install
 .text._esdhc_uninstall
                0x0001bee8       0x7c C:/Freescale/Freescale_MQX_4_1_FRDMK64F/lib/frdmk64f.cw10gcc/debug/bsp/bsp.a(esdhc.o)
                0x0001bee8                _esdhc_uninstall
 .text._esdhc_open
                0x0001bf64       0x68 C:/Freescale/Freescale_MQX_4_1_FRDMK64F/lib/frdmk64f.cw10gcc/debug/bsp/bsp.a(esdhc.o)
                0x0001bf64                _esdhc_open
 .text._esdhc_close
                0x0001bfcc       0x5c C:/Freescale/Freescale_MQX_4_1_FRDMK64F/lib/frdmk64f.cw10gcc/debug/bsp/bsp.a(esdhc.o)
                0x0001bfcc                _esdhc_close
 .text._esdhc_ioctl
                0x0001c028      0x4fc C:/Freescale/Freescale_MQX_4_1_FRDMK64F/lib/frdmk64f.cw10gcc/debug/bsp/bsp.a(esdhc.o)
                0x0001c028                _esdhc_ioctl
 .text._esdhc_read
                0x0001c524      0x18c C:/Freescale/Freescale_MQX_4_1_FRDMK64F/lib/frdmk64f.cw10gcc/debug/bsp/bsp.a(esdhc.o)
                0x0001c524                _esdhc_read
 .text._esdhc_write
                0x0001c6b0      0x168 C:/Freescale/Freescale_MQX_4_1_FRDMK64F/lib/frdmk64f.cw10gcc/debug/bsp/bsp.a(esdhc.o)
                0x0001c6b0                _esdhc_write
 .text._esdhc_isr
                0x0001c818      0x21c C:/Freescale/Freescale_MQX_4_1_FRDMK64F/lib/frdmk64f.cw10gcc/debug/bsp/bsp.a(esdhc.o)
 .text.hwtimer_systick_isr
                0x0001ca34       0x6c C:/Freescale/Freescale_MQX_4_1_FRDMK64F/lib/frdmk64f.cw10gcc/debug/bsp/bsp.a(hwtimer_systick.o)
 .text.hwtimer_systick_init
                0x0001caa0       0xa8 C:/Freescale/Freescale_MQX_4_1_FRDMK64F/lib/frdmk64f.cw10gcc/debug/bsp/bsp.a(hwtimer_systick.o)
 .text.hwtimer_systick_deinit
                0x0001cb48       0x3c C:/Freescale/Freescale_MQX_4_1_FRDMK64F/lib/frdmk64f.cw10gcc/debug/bsp/bsp.a(hwtimer_systick.o)
 .text.hwtimer_systick_set_div
                0x0001cb84       0x54 C:/Freescale/Freescale_MQX_4_1_FRDMK64F/lib/frdmk64f.cw10gcc/debug/bsp/bsp.a(hwtimer_systick.o)
 .text.hwtimer_systick_start
                0x0001cbd8       0x30 C:/Freescale/Freescale_MQX_4_1_FRDMK64F/lib/frdmk64f.cw10gcc/debug/bsp/bsp.a(hwtimer_systick.o)
 .text.hwtimer_systick_stop
                0x0001cc08       0x30 C:/Freescale/Freescale_MQX_4_1_FRDMK64F/lib/frdmk64f.cw10gcc/debug/bsp/bsp.a(hwtimer_systick.o)
 .text.hwtimer_systick_get_time
                0x0001cc38       0x6c C:/Freescale/Freescale_MQX_4_1_FRDMK64F/lib/frdmk64f.cw10gcc/debug/bsp/bsp.a(hwtimer_systick.o)
 .text.systick_get_vector
                0x0001cca4       0x10 C:/Freescale/Freescale_MQX_4_1_FRDMK64F/lib/frdmk64f.cw10gcc/debug/bsp/bsp.a(hwtimer_kinetis.o)
                0x0001cca4                systick_get_vector
 .text.hwtimer_init
                0x0001ccb4       0x94 C:/Freescale/Freescale_MQX_4_1_FRDMK64F/lib/frdmk64f.cw10gcc/debug/bsp/bsp.a(hwtimer.o)
                0x0001ccb4                hwtimer_init
 .text.hwtimer_deinit
                0x0001cd48       0xb4 C:/Freescale/Freescale_MQX_4_1_FRDMK64F/lib/frdmk64f.cw10gcc/debug/bsp/bsp.a(hwtimer.o)
                0x0001cd48                hwtimer_deinit
 .text.hwtimer_set_freq
                0x0001cdfc       0x80 C:/Freescale/Freescale_MQX_4_1_FRDMK64F/lib/frdmk64f.cw10gcc/debug/bsp/bsp.a(hwtimer.o)
                0x0001cdfc                hwtimer_set_freq
 .text.hwtimer_start
                0x0001ce7c       0x44 C:/Freescale/Freescale_MQX_4_1_FRDMK64F/lib/frdmk64f.cw10gcc/debug/bsp/bsp.a(hwtimer.o)
                0x0001ce7c                hwtimer_start
 .text.hwtimer_get_modulo
                0x0001cec0       0x24 C:/Freescale/Freescale_MQX_4_1_FRDMK64F/lib/frdmk64f.cw10gcc/debug/bsp/bsp.a(hwtimer.o)
                0x0001cec0                hwtimer_get_modulo
 .text.hwtimer_get_time
                0x0001cee4       0x4c C:/Freescale/Freescale_MQX_4_1_FRDMK64F/lib/frdmk64f.cw10gcc/debug/bsp/bsp.a(hwtimer.o)
                0x0001cee4                hwtimer_get_time
 .text.hwtimer_callback_reg
                0x0001cf30       0x48 C:/Freescale/Freescale_MQX_4_1_FRDMK64F/lib/frdmk64f.cw10gcc/debug/bsp/bsp.a(hwtimer.o)
                0x0001cf30                hwtimer_callback_reg
 .text._ki2c_set_baudrate
                0x0001cf78       0xbc C:/Freescale/Freescale_MQX_4_1_FRDMK64F/lib/frdmk64f.cw10gcc/debug/bsp/bsp.a(i2c_pol_ki2c.o)
 .text._ki2c_polled_install
                0x0001d034       0x4c C:/Freescale/Freescale_MQX_4_1_FRDMK64F/lib/frdmk64f.cw10gcc/debug/bsp/bsp.a(i2c_pol_ki2c.o)
                0x0001d034                _ki2c_polled_install
 .text._ki2c_polled_init
                0x0001d080      0x16c C:/Freescale/Freescale_MQX_4_1_FRDMK64F/lib/frdmk64f.cw10gcc/debug/bsp/bsp.a(i2c_pol_ki2c.o)
                0x0001d080                _ki2c_polled_init
 .text._ki2c_polled_deinit
                0x0001d1ec       0x70 C:/Freescale/Freescale_MQX_4_1_FRDMK64F/lib/frdmk64f.cw10gcc/debug/bsp/bsp.a(i2c_pol_ki2c.o)
                0x0001d1ec                _ki2c_polled_deinit
 .text._ki2c_polled_ioctl
                0x0001d25c      0x540 C:/Freescale/Freescale_MQX_4_1_FRDMK64F/lib/frdmk64f.cw10gcc/debug/bsp/bsp.a(i2c_pol_ki2c.o)
                0x0001d25c                _ki2c_polled_ioctl
 .text._ki2c_polled_rx